#################################################################################################################################################################################################################################################################################################################################################################################################################################################################NNNNNNNNNNmNNNNNNNNNNNNNNNNNNNNNNNNNNNNNNNNMMN#####
#################################################################################################################################################################################################################################################################################################################################################################################################################################################################NNNNNNNNNNNNNNNNNNNNNNNNNNNNNNNNNNNNNNNNNMMMNN#####
###########################################################################################################################################################################################################################################################################################################################################################################################################################################################NNNNNNNNNNNNNNNNNNNNNNNNNNNNNNNNNNNNNNNNNNNNNMMNNN#######
########################################################################################################################################################################################################################################################################################################################################################################################################################################################NNNNNNNNNNNNNNNNNNNNNNNNNNNNNNNNNNNNNNNNNNNNNNNMN###########
#######################################################################################################################################################################################################################################################################################################################################################################################################################################################dNNNNNNNNNNNNNNmmNNNNNNNNNNNNNNNNNNNNNNNNNNNNNNNNNN##########
###################################################################################################################################################################################################################################################################################################################################################################################################################################################NNNmhdmNNNNNNNNNmNNNmmmNNNNNNNNNNNNNNNNNNNNNNMMN#################
#################################################################################################################################################################################################################################################################################################################################################################################################################################################NNNNNNmysmmNNNNNNNNNNNNmmmNNNNNNNNNNNNNNNNNNNNNNN##################
#################################################################################################################################################################################################################################################################################################################################################################################################################################################NNNNNNNmydmNNNNNNNNNNNNmNNNNNNNNNNNNNNNNNN#########################
##################################################################################################################################################################################################################################################################################################################################################################################################################################################NNNNNNNNNNNNNNNNNNNNNNNNNNNNNNNNNNNNNNNNN#########################
##################################################################################################################################################################################################################################################################################################################################################################################################################################################NNNNNNNNNNNNNNNNNNNNNNNNNNNNNNNNNNNNNNN###########################
#######################################################################################################################################################################################################################################################################################################################################################################################################################################NNNNNNNNmNNNNNNNNNNNNNNNNNNNNNNNNNNNNmmNNNNNNNNNNN###########################
#######################################################################################################################################################################################################################################################################################################################################################################################################################################NNNNNNNNNNNNNNNNNNNNNNNNNNNNNNNNNNmNNNNNNNNNNNNNNNN##########################
#######################################################################################################################################################################################################################################################################################################################################################################################################################################NNNNNNNNNNNNNNNNNNNNNNNNNNNNNNNNNNNNNNNNNNNNNNNNNNNNNNN######################
#######################################################################################################################################################################################################################################################################################################################################################################################################################################NNNNNNNNNNNNNNNNNNNNNNNNNNNNNNNNNNNNNNNNNNNNNNNNNNNNNNNNN####################
#######################################################################################################################################################################################################################################################################################################################################################################################################################################NNNNNNNNNNNNNNNNNNNNNNNNNNNNNNNNNNNNNNNNNNNNNNNNNNNNNNNNN####################
######################################################################################################################################################################################################################################################################################################################################################################################################################################NNNNNNNNNNNNNNNNNNNNNNNNNNNNNNNNNNNNNNNNNNNNNNNNNNNNNNNNNN####################
#######################################################################################################################################################################################################################################################################################################################################################################################################################################NNNNNNNNNNNNNNNNNNNNNNNNNNNNNNNNNNNNNNNNNNNNNNNNNNNNNNNN#####################
#######################################################################################################################################################################################################################################################################################################################################################################################################################################NNNNNNNNNNNNNNNNNNNNNNNNNNNNNNNNNNNNNNNNNNNNNNNNNNNNNNNNNNNNN################
#######################################################################################################################################################################################################################################################################################################################################################################################################################dhyssshhysdmmmNNNNNNNmmmmNNNNNNNNNNNNNNNNNNNNNNNNNNNNNNNNNNNNNNNNNNNNNNNNNNNN################
############################################################################################################################################################################################################################dhhyysssssyysyyhhdmNmmmdo/yhhyhyysssyy/o:::///s++//+sddddddddmhsoss++yhdhshhhhyyhhhhsshhhyyyyyyyyyyyyysssssyyyhhhhdddddmmmmmmhsmNNNNNNNyNNNNNNNNmmmdhssshddddmmmmNNNmmNmdhhhhhddhoyhhhddmmdhyooshhyssshdmmmmmmmmhsymmNNNNNNNNNNNNNNNNNNNNNNNNNNNNNNNNNNNNNNNNNNNNNmmNNNN################
###############################################################################################################################################################################################NNNNNNNNNNN#N##NNNNNNNNNNNNNNmmmmmddhhyysosssosyddddy.-sys+syyyhhys`+:::/:+y++//ooossssyhddhysyo+odmhysyhhdyyhhhhyyyyyyyyyyyyssysssyyhhddmNNNNNNNNNNNNNNNNmoNNNNNNNNymmNNNNNNNNmmmdhysyyyddddhdNNmmmmdhyhhdmmmyhhyyhdddhhhyhmmmmdysyssyssshddhydmNNNNNNNNNNNNNNNNNNNNNNNNNNNNNNNNNNNNNNNNNNNNNNNNNNNNNNN#############
###############################################################################################################################################################################################NNNNNNNNNNNNNNNNNNNNNNNNNNNNNNNNNNNmmmmmshhyyysooooo+.//o+:+ssyyyys.-...-.+o/::/+ossoo/ohyyyhhhsshhhoooooyhyhyysssssyyyyyyyyssyyhdmmmNNNNNNNNNNNNNNNNNNNNNNommNNNNNdosmmNNNNNNNNNmmmdysoooyhdhydNmdmddmhhhhddmddhyyyhhhhhhdmNmmddy+sooyhdmNNNNNNNNNNNNNNNNNNNNNNNNNNNNNNNNNNNNNNNNNNNNNNNNNNNNNNNNNNNNNNNNNN#########
#############################################################################################################################################################################################NNNNNNNNNNNNNNNNNNNNNNNNNNNNNNNNNNNNNNNNNyhmmmmmddyhhyso+/////////++/```   -/+so/+/+so++.:syhhdhhhhdso++ooyyyyyyysssssyyyyyyyydmmmmNNNNNNNNNNNNNNNNNNNNNNNNNNsmmmmmmmd/+mmNNNNNNNNNNNmmdhysooohhyyhdhyhmNmmmddmmdhyyyyhhhyyhmmddhys/:ossdmmNNNNNNNNNNNNNNNNNNNNNmmmNNNNNNNNNNNNNNNNNNNNNNNNNNNNNNNNNNNNNNNNNNNNNNNNNNNN
##########################################################################################################################################################################################NNNNNNNNNNNNNNNNNNNNNNNNNNNNNNNNNNNNNNNNNNNmsmNNmNNNmmmmmdddyyyyyyyyhss/.--.``+yshyo++syooo+ohmmmmdhhhhdhhssyhyyhyyyyyyyysssyyyhmNNNmNNNNNNNNNNNNNNNNNNNNNNNNNmmodmmmmmmmddmNNNNNNNNNNNNNmmmmdysoosyyhhhhhhddhhhhhyyyyyyhhyhhhyhhyoo+:::/oohdmNNNNNNNNNNNNNNNNNNMNmmmmmdmmNNNNNNNNNNNNNNNNNNNNNNNNNNNNNNNNNNNNNNNNNNNNNNNN
####################################################################################################################################################################################NNNNNNNNNNNNNNNNNNNNNNNNNNNNNNNNNNNNNNNNNNNNNNNNNsdNNNNNmmNmmmmmmmmmmmmmmmmmms:-..`:oy+ysoo++o+yhhmmNNNNmhhyhhdhdhhhyhhyymdhyyhyyyyydmNNmmmNNNNNNNNNNNNNNNNmmNmmmmmmmmohmmmmmmmmmmNNNNNNNNNNNNNmmmmmmmdddmmNNNNNNNmmmmmmmmmmmmmmdmmdddhyysysyyo/+ydmmNNNNNNNNNNNNNNNNNNmmmmmmmdmNNNNNNNNNNNNNNNNNNNNNNNNNNNNNNNNNNNNNNNNNNNNNNNN
###########################################################################################################################################################################NNNNNNNNNmmNNNNNNNNNNNNNNNNNNNNNNNNNNNNNNNNNNNNNNNNNNNNNNdsNNNNNNNNNNNNNNmmmmmmmNNNNNNmdyo/-+:soyso+:/hhddmmNNNNNNdhhhdhooshdhhyyyhdhhyyyyyyhmNNNmNNNNNNNNNNNNmmmmmmmNmmNmNmmmmddmmmmNmNmNmNNNNNNNNNNmNNmmNmmNNNNNNNNNNNNNNNNNNNNNNNNNNNNNNNNmmddhhdhhyy+:ohdmmmNNNNNNNNNNNNNmmmdmNNmddhmNmmdmNNNNNNNNNNNNNNNNNNNNNNNNNNNNNNNNNNNNNNNNNNN
###########################################################################################################################################################################NNNNNNNNNNNNNNNNNNNNNNNNNNNNNNNNNNNNNNNNNNNNNNNNNNNNNNNNNhmNNNNNNNNNNNNNNNNNNNmmmNNNNNNNNNyss+/oss++soh+oymmNNNNNNmhyyhoohdhmmmmmmNNmmmyosdmNNNNNNNNNNNNNNNmmNmmmmmNmmmmmmmmmmmmmmmmmmmmmmmNmmNNNNNNmmmmmmmNNNNNNNNNNNNNNNNNNNNNNNNNNNNNNNNNNNNmmmmmmmmdy//shdmmmmmNNNNNNmmmmmdddhmddhyyydmmmdNNNNNNNNNNNNNNNNNNNNNNNNNNNNNNNNNNNNNNNNNNN
###########################################################################################################################################################################NNNNNNNNNNNNNNNNNNNNNNNNNNNNNNNNNNNNNNNNNNNNNNNNNNNNNNNNdhNNNNNNNNNNNNNNNNNNNNNNNNNNNNNNNNyhmmh+:/++oss+++hmNNNNNNNNmdo/+mNmNNNNNNNNNNNNshNNNNNNNNNNNNNNNNmNNmmNmmNmmmmmmmmmmmmmmmmmmmmmmmmNmmNNNNNNNNNNNNNNNNNNNNNNNNNNNNNNNNNNNNNNNNNmmmmmNNmmmmmmmmmmhs:+yhdddmmmNmmmddmhhyyyyyhhhhhyysdmmhmmNNNNNNNNNNNNNNNNNNNNNNNNNNNNNNNNNNNNNNNNN
########################################################################################################################################################################NNNmNNNNNNNNNNNNNNNNNNNNNNNNNNNNNNNNNNNNNNNNNNNNNNNNNNNNNhs++ymNNNNNNNNNNNNNNNNNNNNNNNNNNNNNNydmmhsyss+ooshhydmmNNNNNNNNdoohNNNNNNNNNNNNNNNshNNNNNNNNNNNNmNmNNmmmmmNmmNmmmmmmmmmmmmmmmmmmmmmmmmmmmmNmNNNNNNNNNNNmmmmNmmNNNNNNNNNNNNNNmmNNmmmmmmmmmmmmdhdddmmyo/odhhyhhddddddddhhhyyydmhyyyydhhyhdhdmmNNmmNNNNNNNNNNNNNNNNNNNNNNNNNNNNNNNNNNN
#######################################################################################################################################################################NNNNNNNNNNNNNNNNNNNNNNNNNNNNNNNNNNNNNNNNNNNNNNNNNNNNNNNNNN+::.hmNNNNNNNNNNNNNNNNNNNNNNNNNNNNNNsmNNyooso++oosyhdssdmNNNNNNmmdNNNNNNNNNNNNNNNNydNNNNNNNNNNmmmNNNmmmmmNmmmmmmmmmNmmmmmmmmmmmmmNNmNmNNmNmmmNmmmNmNNNNNNmmNNNNNNNNNNNNmNNmNNNNNNmmmmmmmmmNmmhhdmdhys/+yyyyyyhddddmdmmmdhhydhyyyyoys+osyyyhhdhdmNNNNNNNNNNNNNNNNNNNNNNNNNNNNNNNNNNN
#####################################################################################################################################################################NNNNNNNNNNNNNNNNNNNNNNNNNNNNNNNNNNNNNNNNNNNNNNNNNNNNNNNNNNNNNmmmNNNNNNNNNNNNNNNNNNNNNNNNNNNNNNNdhNNNsooo++oo++ooooshyyhdmmNNNNNNNNNNNNNNNNNNNNymmNNNNNNNNNNNmNNmmmNmmNmmmmmmmNmNmmmmmmmmNmmNmNmmmmNNmmmmmmmmmmmNNmNNNmNNNNNNNNNmNNNNNNNNNNNmmmmmmmmmmNNmdhddhyyyy+/ssssyyyhhhhddmmdddhhyyyyyyyyyyyysysymmNNNNNNNNNNNNNNNNNNNNNNNNNNNNNNNdNNNNNN
###############################################################################################################################################NNNNNNNNN####NNNNNNNNNNNNNNNNNNNNNNNNNNNNNNNNNNNNNNNNNNNNNNNNNNNNNNNNNNNNNNNNNNNNNNNNNNNNNNNNNNNNNNNNNNNNNNNNNNNNNNNNymNNm++/:ooo++o/oooooooo/smNNNNNNNNNNNNNNNNNNmd-smmNmNmNNNNNNmmNmmmmmmmmmmmmmmmmmmmmmmNmmmNmmmmmNNNmNmmNmmmmmmmmNNmNNmNmNNNNNNNNNmNNNNmNNmmmmNmmmmmmNNNmmdyssssyhhs+syso+oosyyyyyhhhyyyysssssssssyyyosssmNNNNNNNNNmmNNNNNNNNNNNNNNNNNNNNNdNNNNNN
#######################################################################################################################################NNNNN###NNNNNNNNNNNNNNNNNNNNNNNNNNNNNNNNmNNNNNNNNNNNNNNNNNNNNNNNNNNNNNNNNNNNNNNNNNNNNNNNNNNNNNNNNNNNNNNNNNNNNNNNNNNNNNNNNNNhs/dNNNdys+++o:///sosyooo+:hmNNNNNNNNNNNNNNNNNNmh odmNNmmmNNNNmNmmNmmmmmmmmmmmmNNNmmmmmmmmmmmmmmmmmNmmmmmmmmmmmmmmmNmNNmNmNmNNNNNmNNNmmNNNNmmmNNmmmmmNNNNmhysssymmddhyosyyssssso+++osssshhysyhyyyyyyyyyssymmNNNNNNNNNmNNNNNNNNNNNNNNNNNNNNNNNNNNNN
####################################################################################################################################NNNNNNNNN###NNNNNNNNNNNNNNNNNNNNNNNNNNNNNNNNNNNNNNNNNNNNNNNNNNNNNNNNNNNNNNNNNNNNNNNNNNNNNNNNNNNNNNNNNNNNNNNNNNNNNNNNNNNNNNNNNNy//ymNNNNNdoossyso++/++++/+mmNNNNNNNNNNNNNNNNNNmd.smmNNmmNmNmNNNNNNNmNNmmmmmmmmmmmmmmmmmmmmmmmmmmmmmmmmmmmmmmmmmmmNmmNNmmmmNNNNNNNNNNNNNNmmmmmNmNNNNNNNNmhssssydNmmdddyosyddhyysso+osysshdysyyhhyyhhyyssydmmNNNNNNNNNNNNNNNNNNNNNNNNNNNNNNNNNNNNNN
####################################################################################################################################NNNNNNNNNN##NNNNNNNNNNNNNNNNNNNNNNNNNNNNNNNNNNNNNNNNNNNNNNNNNNNNNNNNNNNNNNNNNNNNNNNNNNNNNNNNNNNNNNNNNNNNNNNNNNNNNNNNNNNNNNNNNNd+dmssoohm+oosdNNNmmhys///sdmNNNNNNNNNNNNNNNNNNNmdmmmmNmmmmNNNmNmmmmmNNNNNmNmNmmmmmmmmmmNmmmmmmmNmmmmmmmmmmmNmmmmNmmmmNNNNNNNNNNNNNNNNNNNNNNNNNNNNNNNNNmNmdhyhmNNNNNNmdyosmmmdhyyssosssydhoymdhyhyyysyhhdmNNNNNNNNNNNNNNNNNNNNNNNNNNNNNNNNNNNNNNNN
####################################################################################################################################NNNNNNNNNNNNNNNNNNNNNNNNNNNNNNNNNNNNNNNNNNNNNNNNNNNNNNNNNNNNNNNNNNNNNNNNNNNNNNNNNNNNNNNNNNNNNdhNNNNNNNNNNNdNNNNNNNNNNNNNNNNNNNdyNh+///+s+o//smNNNmmmo+/ymmNNNNNNNNNNNNNNNNNNmNNNNNNNmmNmmNmNmNNNmmmNNNNmNmmmNNmNNmmmmNNmmmNmNmmmNmmmmmmmmNmmNNmmmmNNNNNNNNNNNNNNmNNNNNNNNNNNNNNNNNNmmNNNNmmmmNNNNNNmmmyohdddhysssyyyyyyhNNmmmdyyyyhdmmmNNNNNNNNNNNNNNNNNNNNNNNNNNNNNNNNNNNNNNNNN
############################################################################################################################NNNNNNNmNNNNNNNNNNNNNNNNNNNNNNNNNNNNNNNNNNNNNNNNNNNNNNNNNNNNNNNNNNNNNNNNNNNNNNNNNNNNNNNNNNNNNNNNNNNNNdyNNNNNdhNNNNmNNNNNNNNNNmmNNNNNNNNNNh+++ssoo//::hmNm++y+/smNNNNNNNNNNNNNNNNNNNNNNNNNNNNNNNmmmmmmmNmmmmmNNmmNmmNmNmNNmmmmNNNNmNmmmNmmmmmmmmNmNmmmNmmNNNmmNNNNNNNNNNNNNNNNNNNNNNNNNNNNmmdmNNNmmmmmNNNNNNmmmmhydhhhhhhddhmhoooymmmmdysyhmmmmmNNNNNNNNNNNNNNNNNNNNNNNNNNNNNNNNNNNNNNNNN
######################################################################################################################NNNNNmNNNNNNNNNNNNNNNNNNNNmymNNNNNNNNNNNNNNNNNNNNNNNNNNNNNNNNNNNNNNNNNNNNNNNNNNNNNNNNNNNNNNNNNNNNNNNNNNNNNNNNNNNNNd/NNNNNNNNNNNNNNNyyNNNNNNNNNmo:/smd++/:-/hmd+:++//mNNNNNNNNNNNNNNNNNNNNNNNNNNNNNNNNNNNNmmNNNmNNmmNmmmmmNNNmmNmmmNNNmmNmmmmmmNmmmmmmmmmmNmmmmNNNNNNNNNNNNNNNNNNNNNNNNNNNNNNmNmhydNNNNNNNmmmmNNNNmmmmmddhhdmNmNNNNds++ymmmdhyydmmmNmmmmNNNNNNNNNNNNNNNNNNNNNNNNNNNNNNNNNNNNNNN
####################################################################################################################NNNNNNNNNNNNNNNNNNNNNNNNNNNNmydNNNNNNNNNNNNNNNNNNNNNNNNNNNNNNNNNNNNNNNNNNNNNNNhdNNNNNNNNNNNNNNNNNNNNNNNNNNNNNNNNNNNNNdNNNNNNNNNNNNNNNmhNNNNNNNNNmo/oymoo/:.:hmms+/oo:hmNNNNNNNNNNNNNNNNNNNNNNNNNNNNNNNNNNNNNNNNNNNNNNNNNmNNNmNNmmmNNNmNNNNNmmmmmNNmmmNmmmNmNNNNNNmNNNNmNNNNNNNNNNNNNNNNNNNNNmmmhsssmNNNNNNNNNmmmmNNNNmmmmdhhmNmmmmNNmdyyyhddhhhmmNNNNmmmmNNNNNNNNNNNNNNNNNNNNNNNNNNNNNNNNNNNNNNN
#####################################################################################################################NNNNNNNNNNNNNNNNNNNNNNNNNNNNNNNNNNNNNNNNNNNNNNNNNNNNNNNNNNNNNNNNNNNNNNNNNNNNNo-mNNNNNNNNNNNNNNNNNNNNNNNNNNNNNNNNNNNNNNNNmdNNNNNNNNNNNNNNNNNNNNNNNdmmh++:-.hmNdy+oyo+yhhddmNNNNNNNNNNNNNNNNNNNNNNNNNNNNNNNNNNNNNNmmNNmmmmNmNmNNNNNNNNNNNNNmNNNNNNNNmNmmmNNmmNNNNNNNmNNNNNNNNNNNNNNNNNNNNNmNmmmyooshNNNNNNNNNmmmmmNmmmddhhhhhdmmmhhmmddhysssyyssmNNNNNNNNmNNNNNNNNNNNNNNNNNNNNNNNNNNNNNNNNNNNNNNN
################################################################################################################NNN###NNNNNNNNNNNNNNNNNNNNNNNNNNNNNNNNNNNNNNNmmNNNNNNNNNNNNNNNNNNNNNNNNNNNNNNNNNNNmomNNNNNNNNNNNNNNNNNNNNNNNNNNNNNNNNNNNNNNNNh+NNNNNNNNNNNNNNNNNNNNNNNNNmso//:+mmNhs+++:++oosomNNNNNNNNNNNNNmhNNNNNNNNNNNNNNNNNNNNNNNNNNNmmNNNmNmmNNmmNNNNNNmNNmNNNNNNNmNNNNmNmmNmNNmNNNNNNNNNNNNNNNNNNNNNNNmmmmmdsooymNNNNNmmmmmmddmdmmyosshhhhdddhyyhhhhysssyhhhsshmNNNNNNNNNNNNNNNNNNNNNNNNNNNNNNNNNNNNNNNNNNNNNN
##############################################################################################################NNNNNN###NNNNNNNNNNNNNNNNNNNNNNNNNNNNNNNNNNNNNNy+NNNNNNNNNNNNNNNNNNNNNNNNNNNNNNNNNNNNNNNNNNNNNshNNNNNNNNNNNNNNNNNNNNNNNmNNNNNNNNdNNNNNNNNNNNNNNNNNNNNNNNNNmy+:-+dmNNNNmdo/ohyssdNNNNNNNNNNNNNNmdNNNNNNNNNNNNNNNNNNNNNNNNNmNNNNNNNNNNmNNNNNNNmNNNNNNNNNNNNNmNNNmNNmNNNNNNNNNNNNNNNNNmNNNNNNNNNNNmmmdssoydNNNmmmmmmmmddNNNNNmysshhhhyyyyyhhhhyyyyyhdmmmdhsydmNNNNNNNNNNNNNNNNNNNNNNNNNNNNNNNNNNNNNNNNNNN
#############################################################################################################NNNNNNNN###NNNNNNNNNNNNNNNNNNNNNNNNNNNNNNNNNNNNNNhNNNNNNNNNNNNNNNNNNNNNNNNNNNNNNNNNNNNNNNNNNNNNyyNNNNNNNNNNNmNNNNNNNNNNNsNNNNNNNNNNNNNNNNNNNNNNNNNNNNNNNNmydyo+sdmNNNNNNd//dNNNNNNNNNNNNNNNNNNNNNNNNNNNNNNNNNNNNNNNNNNNNNNNNNNNNNNNmNNNNNNNNNNNNNNNNNNNNNNNNNNmNNmmNNNNNNNNNNNNNNNNNNNNmNmNNNNNmmdmdyhdmNmNNmmmmmmmmddNNmNNNmsoyhhhds+ymdmmdhyydmmNNNNNNmdyydmNNNNNNNNNNNNNNNNNNNNNNNNNNNNNNNNNNNNNNNNN
############################################################################################################NNNNNNNNNNN##NNNNNNNNNNNNNNNNNNNNNNNNNNNNNNNNNNNNNNNNNNNNNNNNNNNNNNNNNNNNNNNNNNNNNNNNNNNNNNNNNNNNNNNNNNNNNNNN/hNNNNNNNNNNNNNNNNNNNNNNNNNNNNNNNNNNNNNNNNNNNhoooodmNNNNNNNmo+odmmNNNNNNNNNNNNNNNNNNNNNNmhmNNNNNNNNNNNNNNNNNNNNNNNNNNNNNNNNNNNNNNNNNNNNNNNNNNNNNmNNNNNNNNNNNNNNNNNNNNNNNNNNmmmNmNNmmddddydmmmmNmdddddddddmmmmmmmdyoshhhNNmmmmddhyshmmNNNNNNNNNNmyydmNNNNNNNNNNNNNNNNNNNNNNNNNNNNNNNNNNNNNNN
##########################################################################################################NNNNNNNNNNNNNN##NNNNNNNNNNNNNNNNNNNNNNNNNNNNNNNNNNNNNNNNNNNNNNNNNNNNNNNNNNNNNNNNNNmNNNNNNNNNNNNNNNNNNNNNNNNNNNNddNNNNNNNNNNNNNNNddNNNNNNNNNNNNNNNNNNNNNNNNNNNmmdhNNNNNNNNdo///ooossmNNNNNNNNNNNNNNNNNNNs:mNNNNNNNNNNNNNNNNNNNNNNNNNNNNNNNNNNNNNNNNNNNNNNNNNNNNNmNNNNNNNNNNNNNNNNNNNNNNNNmNNmNNmmmdddhhhdmmmmNmmdhdhddodddmmmdddddsyhhhdmmmmmhyhddhhdmNNNNNNNNNNNmhdNNNNNNNNNNNNNNNNNNNNNNNNNNNNNNNNNNNNNNN
########################################################################################################NNNNNNNNNNNNNNNN###NNNNNNNNNNNNNNNNNNNNNNNNNNNNNNNNNNNNNNNNNNNNNNNNNNNNNNNNNNNNNNNNm+NNNNNNhmNNNNNNNNNNNNNNNNNNNNNNNNNNNNNNNNNNNNNh:hNNNNNNNNNNNNNNNNNNNNNNNNNNNNNNNNNNNNNNNNmddNmddhmNNNNNNNNNNNNNNNNNNNdmNNNNNNNNNNNNNNNNNNNNNNNNNNNNNNNNNNNNNNNNNNNNNNmNNNNNNNmNNNNNNNNNNNNNNNNNNNNNNNNNNNNmmmmmdhhhhhhdNmmmmdddddddhdddddmdddddmmmdhhhhdddyhdmNmmhydmmmNNNNNNNNNNNNNNNNNNNNNNNNNNNNNNNNNNNNNNNNNNNNNNNNN
######################################################################################################NNNNNNNNNNNNNNNNNN####NNNNNNNNNNNNNNNNNNNNNNNNNNNNNNNNNNNNNNNNNNNNNNNNNNNNNNNNNNNNNNNNdNNNNNN/yNNNNNNNNNNNmNNNNNNNNNNNNNNNNNNNNNNNNNd.yNNNNNNNNNNNNNNNNNNNNNNNNNNNNNNNNNNNNNNNNNNNNNNNNNNNNNNNNhomNNNNNNNNNNNNNNNNNNNNNNNNNNNNNNNNNNNNNNNNNNNNNNNNNNNNNNNNNmNNNNNNNNNNNNNNNNNNNNNNNNNNNNNmNNNNNNmNmmddddhhyshNNmmddddmmmddmmddmmmddmdmmmdhdmddhyydmNNNNNmdoommNNNNNNNNNNNNNNNNNNNNNNNNNNNNNNNNNNNNNNNNNNNNNNNN
####################################################################################################NNNNNNNNNNNNNNNNNNNN#NNNNNNNNNNNNNNNNNNNNNNNNNNNNNNNNNNNNNNNNNNNNNNNNNNNNNNNNNNNNNNNNNNNNNNNNNNmNNNNNNNNNNNNyyNNNNNNNNNNNNNNNNNNNNNNNNNdmNNNNNNNNNNNNNNNNNNNNNNNNNNNNNNNNNNNNNNNNNNNNNNNNNNNNNNNNd.hNNNNNNNNNNNNmdmNNNNNNNNNNNNNNNNNNNNNNNNNNNNNNNNNNNNNNNNNNNmNNNNNmNNNNNNNNNNNNNNNNNNNNNNNNmNNNNmmmmdhhhdhyohmmmmdddmNNmmmdmmdmmmddhsyhmdhdmNdhhdmNNNNNNNNhdmNNNNNNNNNNNNNNNNNNNNNNNNNNNNNNNNNNNNNNNNNNNNNNNNN
##################################################################################################NNNNNNNNNNNNNNNNNNNNNNNNNNNNNNNNNNNNNNNNNNNNNNNNNNNNNNNNNNNNNNNNNNNNNNNNNNNNNNNNNNNNNNNNNNNNNNNNNNNNNNNNNNNNNNNNNNNNNNNNNNNNNNNNNNNNNNNNNNNNNNNNNNNNNNNNNNNNNNNNNNNNNNNNNNNNNNNNNNNNNNNNNNNNNNNNNNNNdNNNNNNNNNNNNN++mNNNNNNNNNNNNNNNNNNNNNNNNNNNNNNNNNNNNNNNNNmNmNNNNmNmNNNNNNNNNNNNNNNNNNmmmmmmNNNNmmmmdmmmmhooyhdmmmmdNmmmmdddNmdddhy+/oyhhhmmhhhdmmmmNNNNNNNNNNNNNNNNNNNNNNNNNNNNNNNNNNNNNNNNNNNNNNNNNNNNNNNNNN
#################################################################################################NNNNNNNNNNNNNNNNNNNNNNNNNNNNNNNNNNNNNNNNNNNNNNNNNNNNNNNNNNNNNNNNNNNNNNNNNNNNNNNNNNNNNNNNmhNNNNNNNNNNNNNNNNNNNNNNNNNNNNNNNNNNNNNNNNNNNNNNNNNNNNNNNNNNNNNNNNNNNNNNNNNNNNNNNNNNNNNNNNNNNNNNNNNNNNNNNNNNNNNNNNNNNNNNNNNmmNNNNNNNymNNNNNNNNNNNNNNNNNNNNNNNNNNNNNNNNNmNNNNmNNNNNNNNNNNNNNNNNmmNmNmmmmmmNNNNNNNmmmNmmhosymNNmmddmmmmdddhmmdhy+//ohmmmdhyyhdmmmmNNNNNNNNNNNNNNNNNNNNNNNNNNNNNNNNNNNNNNNNNNNNNNNNNNNNNNNNNNN
################################################################################################NNNNNNNNNNNNNNNNNNNNNNNNNNNNNNNNNNNNNNNNNNNNNNNNNNNNNNNNNNNNNNNNNNNNNNNNNNNNNNNNNNNNNNNNNm-yNNNNNNNNNNNNNNNNNNh/mNNNNNNNNNNNNNNNNNNNNNNNNNNNNNNNNNNNNNNNNNNNNNNNNNNNNNNNNNNNNNNNydmNNNNNNNNNNNNNNNNNNNNNNNNNNNNNNNNNNmhmNNNNN+mNNNNNNmNNNNNNNNNNNNNNNNNNNNNNNNNNNNNmNNNNNNNNNNNNNNNNNNNNNNmNmmmmmmNNNNNNNNNmmdmhsydNmmmddhyyyshhyyhhyyo+o/ommddhyhdmmNNNNNNNNNNNNNNNNNNNNNNNNNNNNNNNNNNNNNNNNNNNNNNNNNNNNNNNNNNNNNNN
###############################################################################################NNNNNNNNNNNNNNNNNNNNNNNNNNNNNNNNNNNNNNNNNNNNNNNNNNNNNNNNNNNNNNNh-dNNNNNNNNNNNNNNNNNNNNNNNNNmmNNNNNNNNNNNNNNNNNNNohNNNNNNNNNNNNy+mNNNNNNNNNNNNNNNNNNNNNNNNNNNNNNNNNNNNNNNNNNNNNNNN/+mNNNNNNNNNNNNNNNNNNNNNNNhNNNNNNNNNNh-mNNNNNNNNNNNmoymNNNNNNNNNNNNNNNNNNNNNNNNNNNNNNNNNNNNNNNNNNNNNNNNmmmNmNNNNmNNNNNNNmmNmmmmdsyhddmddhhoooosoosoooyhyy:shdhhyhmmNNNNNNNNNNNNNNNNNNNNNNNNNNNNNNNNNNNNNNNNNNNNNNNNNNNNNNNNNNNNNNNNN
############NNNNNNNNNNNNNNN############################################################NNNNNNNNNNNNNNNNNNNNNNNNNNNNNNNNNNNNNNNNNNNNNNNNNNNNNNNNNdmNNNNNNNNNNNNN+oNNNNNNNNNNNNNNNNNNNNNNNNNNNNNNNNNNNNNNNNNNNNNNNNNNNNNNNNNNNNm:yNNNNNNNNNNNNNNNNNNNNNNNNNNNNNNNNNNNNNNNNddNNNNNNddNNNNNNNNNNNNNNNNNNNNNNNNmNNNNNNNNNNNdNNNNNNNNNNNNNNNNNNNNNNNNNNNNNNNNNNNNNNNNNNNNNNNNNNNNNNNNNNNNNNNmmmNNNNNNNNNNNNNNNmmNNNmmdssyhhdhyss+o+oysssssymmdhodhhhhdmmNNNNNNNNNNNNNNNNNNNNNNNNNNNNNNNNNNNNNNNNNNNNNNNNNNNNNNNNNNNNNNNNNN
#########NNNNNNNNNNNNNNNNNNNN###################################################NNNNNNNNNNNNNNNNNNNNNNNNNNNNNNNNNNNNNNNNNNNNNNNNNNNNNNNNNNNNNNNN//mNNNNNNNNNNNNNNNNNNNNNNNNNNNNNNNNNNNNNNNNNNNNNNNNNNNNNNNNNNNNNNNNNNNNNNNNNNNNmNNNNNNNNNNNNNNNNNNNNNNNNNNNNNNNNNNNNNNNmh/hmNNNNNNNNNNNNNNNNNNNNNNNNNNNNNNNNNNNNNNNNNNNNNNNNNNmsmNNNNNNNNNNNNNNNNNNNNNNNNNNNNNNNNNNNmNNmNNNNNNNNNNNNmmNNNNNNNNNmmNNNNNNNNNNNmmNmhssoooooysssohhhhhhhyyhho+yhhddmmmNNNNNNNNNNNNNNNNNNNNNNNNNNNNNNNNNNNNNNNNNNNNNNNNNNNNNNNNNNNNNNNNNN
#######NNNNNNNNNNNNNNNNNNNNNNNNNNNN#########################################NNNNNNNNNNNNNNNNNNNNNNNNNNNNNNNNNNNNNNNNNNNNNNNNNNNNNNNNNNNNNNNNNNNNd+NNNNNNNNNNNNNNNNNNNNNNNNNdNNNNNNNNNNNNNNNNNNNNNNNNNNNNNNNNNNNNNNNNNNNNNNNNNNNNNNNNNNNNNNNNNNNNNNNNNNNNNNNNNNNNNNNNNNNNNsomNNNNNNNNNNNNNNNNNNNNNNNNNNNNNNNNNNNNNNNNNNNNNNNNNNd:mNNNNNNNNNNNNNNNNNNNNNNNNNNNNNNNNNNNNNNmNNNNNNNNNNNNmNNNNNNNNNNmmmmNmNNNNNNNmNNNmmdyyysoooyyyyyhhhhdhhhho+yhdddmmNNNNNmNNNNNNNNNNNNNNNNNNNNNNNNNNNNNNNNNNNNNNNNNNNNNNNNNNNNNNNNNNNNN
#####NNNNNNNNNNNNNNNNNNNNNNNNNNNNNNNNN#################################NNNNNNNNNNNNNNNNNNNNNNNNNNNNNNNNNNNNNNNNNNNNNNNNNNNNNNNNNNNNNNNNNNNNNNNNNNmNNNNNNNNNNNNNNNNNNNNNNNNN/hNNNNNNNNNNNNNNNNNNNNNNNNNNNNNNNNNNNNNNNNNNNNNNNNNNNNNNNNNNNNNNNNNNNNNNNNNNNNNNNNNNNNNNNNNNNNNmNNNNNNNNNNNNNNNNNNNNNNNNNNNNNNNNNNNNNNNNNNNNNNNNNNNNmNNNNNNNNNNNNNNNNNNNNNNNNNNNNNNNNNNNNNNNNNNNNNNNNNNNNNNNNNNNNNNmmmmmNNNNNNNNNNNNNNNmmddysos/-oyhdhhhdddddy:ohdddddmmNNmmmmddmmNmmmmNNNNNNNNNNNNNNNNNNNNNNNNNNNNNNNNNNNNNNNNNNNNNNNNNN
####NNNNNNNNNNNNNNNNNNNNNNNNNNNNNNNNNNNN############################NNNNNNNNNNNNNNNNNNNNNNddNNNNNNNNNNNNNNNNNNNNNNNNNNNNNNNNNNNNNNNNNNNNNNNNNNNNNNNNNNNNNNNNNNNNNNNNNNNNNNNmmNNNNNNNNNNNNNNNNNNNNNNNNNNNNNNNNNNNNNNNNNNNNNNNNNNNNNNNNNNNNNNNNNNNNNNNNNNNNNNNNNNNNNNNNNNNNNNNNNNNNNNNNNNNNNNNNNdNNNNNNNNNNNNNNNNNNNNNNNNNNNNNNNNNNNNNNNNNNNNNNNNNNNNNNNNNNNNNNNNNNNmNNNNNNNNNNNNNNNNNNmNNNNNNNmNNNNNNNNNNNNNNNNNNNNmdhhyssso/+syhddhhmNmdy//yhdddhddmNdyhyhhddmmmddmmmNNNNNNNNNNNNNNNNNNNNNNddNNNNNNNNNNNNNNNNNNNNNNN
#NNNNNNNNNNNNNNNNNNNNNNNNNNNNNNNNNNNNNNNNNNNNNNNNNNNNNNNNNNNNNNNNNNNNNNNNNNNNNNNNNNNNNNNNNmNNNNNNNNNNNNNNNNNNNNNNNNNNNNNNNNNNNNNNNNNNNNNNNNNNNNNNNNNNNNNNNNNNNNNNNNNNNNNNNNNNNNNNNNNNNNNm/dNNNNNNNNNNNNNNNNNNNNNNNNNNNNNNNNNNNNNNNNNNNNNNNNNNNNNNNNNNNNNNNNNNNNNNNNNyhNNNNNNNNNNNNNNmmNNNNNNNNNNNNNNNNNNNNNNNNNNNNNNNNNNdmNNNNNNNNNNNNNNNNNNNNNNNNNNNNNNNNNNNNNNNNNNNNNNNNNNNNNNNNNNNNNNNNNNNNNmNmNNNNNNNNNNNNNNNNmdhyyssso/osyhddddmmddds/ydhyyoymmmdsysyyhhmmddhhdmNNNNNNNNNNNNNNNNNNNNNNmsdNNNNNNNNNNNNNNNNNNNNNN
NNNNNNNNNNNNNNNNNNNNNNNNNNNNNNNNNNNNNNNNNNNNNNNNNNNNNNNNNNNNNNNNNNNNNNNNNNNNNNNNNNNNNNNNNNNNNNNNNNNNNNNNNNNNNNNNNNNNNNNNNNNNNNNNNNNNNNNNNNNNNNNdmNNNNNNNNNNNNNNNNNNNNNNNNNNNNNNNNNNNNNNNN+hNNNNNNNNNNNNNNNNNNNNNNNNNNNNNNNNNNNNNNNNNNNNNNNNNNNNNNNNNNNNNNNNNNNNNNNNNhoNNNNNNNNNNNNNNm/dNNNNNNNNNNNNNNNNNNNNNNNNNNNNNNNNm:hmNNNNNNNNNNNNNNNNNNNNNmmNNNNNNNNNNNNNNNNNNNNNNNNNNNNNNNNNNNNNNNNNNNNNNNNNNNNNNNNNNNNNNNNmdhhysosyyddmdhddddddmmy/hdyoo+shmmmdhyhoshmysmmyhmmmmmmmmNNNNNNNNNNNNNNNNNNNNNNNNNNNNNNNNNNNNNNNN
mNNNNNNNNNNNNNNNNNNNNNNNNNNNNNNNNNNNNNNNNNNNNNNNNNNNNNNNNNNNNNNNNNNNNNNNNNNNNNNNNNNNNNNNNNNNNNNNNNNNNNNNNNNNNNNNNNNNNNNNNNNNNNNNNNNNNNNNNNNNNNNooNNNNNNNNNNNNNNNNNNNNNNNNNNNNNNNNNNNNNNNNmNNNNNNNNNNNNNNNNNNNNNNNNNNNNNNNNNNNNNNNNNNNNNNNNNNNNNNNNNNNNNNNNNNNNNNNNNNNmNNNNNNNNNNNNNNNddNNNNNNNNNNNNNNNNNNNNNNdNNNNNNNNNNodNNNNNNNNNNNNNNNNNNNNNNh+mNNNNNNNNNNNNNNNNNNNNNNmmmNNNNNNNNNNNNNNNNNNNNNNNNNNNNNNNNNNNNNNmdhysssyhysssyoooossyys/:syssysshdmmmdhhhydysshmmdmmmmNNNNNNNNNNNNNNNNNNNNNNNNNNNNNNNNNNNNNNNNNNNN
mNNNNNNNNNNNNNNNNNNNNNNNNNNNNNNNNNNNNNNNNNNNNNNNNNNNNNNNNNNNNNNNNNNNNNNNNNNNNNNNNNNNNNNNNNNNNNNNNNNNNNNNNNNNNNNNNNNNNNNNNNNNNNNNNNyydNNNNNNNNNNmoNNNNNNNNNNNNNNNNNNNNNNNNNNNNNNNNNNNNNNNNNNNNNNNNNNNNNNNNNNNNNNNNNNNNNNNNNNNNNNNNNNNNNNNNNNNNNNNNNNNNNNNNNNNNNNNNNNNNNNNNNNNNNNNNNNNNNNNNNNNNmmNNNNNNNNNNNNNNNNNNNNNNNNNNNNNNNNNNNNNNNNNNNNNNNNNmdmNNNNNNNNNNNNNNNNNNNNNNNNNNNNNNNNNNNNNNNNNNNNNNNNNNNNNNNNNNNNNNmmdysyhddmmddmhhyhhddhhyyysydmmhssyhdddddh+ho+/yddmmNNNNNNNNNNNNNNNNNNNNNNNNNNNNNNNNNNNNNNNNNNNNNNN
mmmNNNNNNNNNNNNNNNNNNNNNNNNNNNNNNNNNNNNNNNNNNNNNNNNNNNNNNNNNNNNNNNNNNNNNNNNNNNNNNNNNNNNNNNNNNNNNNNNNNNNNNNNNNNNNNNNNNNNNNNNNNNNNNNd+/dNNNNNNNNNNNNNNNNNNNNNNNNNNNNNNNNNNNNNNNNNNNNNNNNNNNNNNNNNNNNNNNNNNNNNNNNNNNNNNNNNNNNNNNNNNNNNyymNNNNNNNNNNNNNNNNNNNNNNNNNNNNNNNNNNNNNNNNNNNmmdNNNNNNNNN/sNNNNNNNNNNNNNNNNNNNNNNNNNNNNNNNNNNNNNNNNNNNNNNNNNNNNNNNNNNNNNNNNNNNNNNNNmNNNNNNmNNNNNNNNNNNNNNNNNNNNNNNNNNNNNNNNNmdhydhymmmddddddmdNNNmmmmNNmmdmddhhhddhhhhyssooosdmmmmNNNNNNNNNNNNNNNNNNNNNNNNNNNNNNNNNNNNNNNNNNNNNN
NNNNNNNNNNNNNNNNNNNNNNNNNNNNNNNNNNNNNNNNNNNNNNNNNNNNNNNNNNNNNNNNNNNNNNNNNNNNNNNNNNNNNNNNNNNNNNNNNNNNNNNNNNNNNNNNNNNNNNNNNNNNNNNNNNNNdmNNNNNNNNNNNNNNNNNNNNNNNNNNNNNNNNNNNNNNNNNNNNNNNNNNNNNNmdNNNNNNNNNNNNNNNNNNNNNNNNNNNNNNNNNNNNNy:mNNNNNNNNNNNNNNNNNNNNNNNh/dNNNNNNNNNNNNNNNNNs/+dNNNNNNNNydNNNNNNNhNNNNNNNNNNNNNmNNNNNNNNNNNNNNNNNdNNNNNNNNNNNNNNNNNNNNNNNNNNNNNNNNmmNNNNNNNNNNNNNNNNNNNNNNNNNNNNNNNmNmmmmmdhyhhhhhdhyssyssdddmmmmmmmNmmdymmmdddddhhhyyyyyhddmmmmdmNNNNNNNNNNNNNNNNNNNNNNNNNNNNNNNNNNNNNNNNNNNNN
mmNNNNNNNNNNNNNNNNNNNNNNNNNNNNNNNNNNNNNNNNNNNNNNNNNNNNNNNNNNNNNNNNNNNNNNNNNNNNNNNNNNNNNNNNNNNNNNNNNNNNNNNNNNNNNNNNNNNNNNNNNNNNNNNNNNNNNNNNNNNNNNNNdNNNNNNNNNNNNNNNNNNNNNNNNNNNNNNNNNNNNNNNNNd+hNNNNNNNNNNNNNNNNNNNNNNNNNNNNNNNNNNNNNdNNNNNNNNNNNNNNNNNNNNNNNNmohNNNNNNNNNNNNNNNNNmoyNNNNNNNNNNNNNNNNNNmNNNNNNNNNNNNN+mNNNNNNNNNNNNNNNNmNNNNNNNNNNNNNNNNNNNNNNNNNNNNNNNNNNNNNNNNNNNNNNNNNNNNNNNNNNNNNNmmmmmmddmysyhhhhhhhhyoooosshhhddmmNmmmddyhmddddhdhyssyhddmmNNmmmmNNNNNNNNNNNNNNNNNNNNNNNNNNNNNNNNNNNNNNNNNNNNNN
NmmNNNNNNNNNNNNNNNNNNNNNNNNNNNNNNNNNNNNNNNNNNNNNNNNNNNNNNNNNNNNNNNNNNNNNNNNNNNNNNNNNNNNNNNNNNNNNNNNNNNNNNNNNNNNNNNNNNNNNNNNNNNNNNNNNNNNNNNNNNNNNNN+oNNNNNNNNNNNNNNNNNNNNNNNNNNNNNNNNNNNNNNNNNmmNNNNNNNNNNNNNNNNNNNNNNNNNNNNNNNNNNNNNNNNNNNNNNNNNNNNNNNNNNNNNNNNNNNNNNNNNNNNNNNNNNNNNNNNNNNNNNNNNNNNNNNNNNNNNNNNNNNNNmNNNNNNNNNNNNNNNNNNNNNNNNNNNNNNNNNNNNNNNNNNNNNNNNNNNNNNNNmNNNNNNNNNNNNNNNNNNNNNmmmdddhyyhhhhhhhhhhdhhoooooohddddmmmNmmmmdhhddddhhdhysyydmmmNNNNNNNNNNNNNNNNNNNNNNmNNNNNNNNNNNNNNNNNNNNNNNNNNNNNN
NNNNNNNNNNNNNNNNNNNNNNNNNNNNNNNNNNNNNNNNNNNNNNNNNNNNNNNNNNNNNNNNNNNNNNNNNNNNNNNNNNNNNNNNNNNNNNNNNNNNNNNNNNNNNNNNNNNNNNNNNNNNNdodNNNNNNNNNNNNNNNNNNdomNNNNNNNNNNNNNNNNNNNNNNNNNNNNNNNNNNNNNNNNNNNNNNNNNNNNNNNNNNNNNNNNNNNNNNNNNNNNNNNNNNNNNNNNNNNNNNNNNNNNNmmNNNNNNNNNNNNNNNNNNNNNNNNNNNNNNNNNNNNNNNNNNNNNNNNNNNNNNNNNNNNNNNNNNNNNNNNNNNNNNNNNNNNNNNNNNNNNNNNNNNNNNNNNNNNNNNNNNNNNNNNNNNNNNNNNmNNNNmmmmdyyhhhhhhyyssyyyhhhyyyhyhNmmmmmdmmmdmmdsyhhdhhyyysyhdmmNNNNNNNNNNNNNNNNNNNNNNmmmNNNNNNNNNNNNNNNNNNNNNNNNNNNNNN
NNNNNNNNNNNNNNNNNNNNNNNNNNNNNNNNNNNNNNNNNNNNNNNNNNNNNNNNNNNNNNNNNNNNNNNNNNNNNNNNNNNNNNNNNNNNNNNNNNNNNNNNNNNNNNNNNNNNNNNNNNNNNmo+NNNNNNNNNNNNNNNNNNNNNNNNNNNNNNNNNNNNNNNNNNNNNNNNNNNNNNNNNNNNNNNNNNNNNNNNNNNNNNNNNNNNNNNNNNNNNNNNNNNNNNNh/mNNNNNNNNNNNNNNNNy:ymNNNNNNNNNNNNNNNmdNNNNNNNNNNNNNNNNNNNNNNmmNNNNNNNNNNNNNNNNNNNNNNNNNNNNNNNNNNNNNNNNNNNNNNNNNNNNNNNNNNNNNNNNNNNNNNNNNNNNNNNNNNNmmNNNNmmmmmmmyssssssssso+oosshhyhhhhmNNmmdddddmmmdhyysssyyyhysyydmmNNNNNNNNNNNNNNNNNNNNNNNNNNNNNNNNNNNNNNNNNNNNNNNNNNNNNNN
NNNNNNNNNNNNNNNNNNNNNNNNNNNNNNNNNNNNNNNNNNNNNNNNNNNNNNNNNNNNNNNNNNNNNNNNNNNNNNNNNNNNNNNNNNNNNNNNNNNNNNNNNNNNNNNNNNNNNNNNNNNNNNNdNNNNNNNNNNNNNNNNNNNNNNNNNNNNNNNNNNNNNNNNNNNNNNNNNNNNNNNNNNNNNNNNNNNNNNNNNNNNNNNNNNNNNNNNNNNNNNNNNNNNNNNm-hNNNNNNNNNNNNNNNNm/+mNNNNNNNNNNNNNNNh/dNNNNNNNNNNNNNNNNNNNNNsdNNNNNNNNNNNNNNNNNNNNNNNNNNNNNNNNNNNNNNNNNNNNNNNNNNNNNNNNNNNNNNNNNNNNNNNNNNNNNNNNNNNNNNmNmmmmmmmmddhhhddmdmdhydddyssyyyyhmmmmmmmdhhdhyssssssyyhhhyyyhdmmmmmNNNNNNNNNNNNNNNNNNNNNNNNNNNNNNNNNNNNNNNNNNNNNNNNNNN
NNNNNNNNNNNNNNNNNNNNNNNNNNNNNNNNNNNNNNNNNNNNNNNNNNNNNNNNNNNNNNNNNNNNNNNNNNNNNNNNNNNNNNNNNNNNNNNNNNNNNNNNNNNNNNNNNmdNNNNNNNNNNNNNNNNNNNNNNNNNNNNNNNNNNNNNNNNNdmNNNNNNNNNNNmmNNNNNNNNNNNNNNNNNNNNNNNNNNNNNNNNNNNNNNNNNNNNNNNNNNNNNNNNNNNNNmmNNNNNNNNNNNNNNNNNmdNNNNNNNNNNNNNNNNm/hNNNNNNNNNNNNNNNNNNNNNNNNNNNNNNNNNNNNNNNNNNNNNNNNNNNNNNNNNNNNNNNNNNNNNNNNNNNNNNNNNNNNNNNNNNNNNNNNNNNNNNNNNNNNNNNNNNNmmmmmmmmmmmmmNmmmmNmdhdddyssyhdmNmmdyyysossyyyyyydddyyyhhdmmmmNNNNNNNNNNNNNNNNNNNNNNNNNNNNNNNNNNNNNNNNNNNNNNNNNNN
NNNNNNNNNNNNNNNNNNNNNNNNNNNNNNNNNNNNNNNNNNNNNNNNNNNNNNNNNNNNNNNNNNNNNNNNNNNNNNNNNNNNNNNNNNNNNNNNNNNNNNNNNNNNNNNNNNsohNNNNNNNNNNNNNNNNNNNNNNNNNNNNNNNNNNNNNNNNNNNNNNNNNNNN//hNNNNNNNNNNNNNNNNNNNNNNNNNNNNNNNNNNNNNNNNNNNNNNNNNNNNNNNNNNNNNNNNNNNNNNNNNNNNNNNNNNNNNNNNNNNNNNNNNNmNNNNNNNNNNNNNNNNNNNNNNNNNNNNNNNNNNNNNNNNNNNNNNNNNNNdyNNNNNNNNNNNNNNNNNNNNNNNNNNNNNNNNNNNNNNNNNNNNNNNNNNNNNNNNNNNNNNNNNNNNNNNNNNmNNNNNNNNNNNmmdysyhhhhdy:sddssyyyhhhhydmmmdddhymmdmmNNNNNNNNNNNNNNNNNNNNNNNNNNNNNNNNNNNNNNNNNNNNNNNNNN
NNNNNNNNNNNNNNNNNNNNNNNNNNNNNNNNNNNNNNNNNNNNNNNNNNNNNNNNNNNNNNNNNNNNNNNNNNNNNNNNNNNNNNNNNNNNNNNNNNNNNNNNNNNNNNNNNNNhyNNNNNNNNNNNNNNNNNNNNNNNNNNNNNNNNNNNNNNNNNNNNNNNNNNNNd:oNNNNNNNNNdNNNNNNNNNNNNNNNNNNNNNNNNNNNNNNNNNNNNNNNNNNNNmNNNNNNNNNNNNNNNNNNNNNNNNNNNNNNNNNNNNNNNNNNNNNNNNNNNNNNNNNNNNNNNNNNNNNNNNNNNNNNNNNNNNNNNNNNNNNNNdyNNNNNNNNNNNNNNNNNNNNNNNNNNNNNNNNNNNNNNNNNNNmNNNNNNNNNNNNNNNNNNNNNNNNNNNNNNNNNNNNNNNNNNNmmyhhhdhyyy.smmhddmmmmddddmmmdmmmydmmmmmNNNNNNNNNNNNNNNNNNNNNNNNNNNNNNNNNNNNNNNNNNNNNNNNN
NNNNNNNNNNNNNNNNNNNNNNNNNNNNNNNNNNNNNNNNNNNNNNNNNNNNNNNNNNNNNNNNNNNNNNNNNNNNNNNNNNNNNNNNNNNNNNNNNNNNNNNNNNNNNNNNNNNNNmNNNNNNNNNNNNNNNNNNNNNNNNNNNNNNNNNNNNNmmNNNNNNNNNNNNNNdNNNNNNNNm:hNNNNNNNNNNNNNNNNNNNNNNNNNNNNNNNNNNNNNNNNNNy+mNNNNNNNNNNNNNNNNNNNNNNNNNNNNNNNNNNNNNNNNNNNNNNNNNNNNNNNNNNNmNNNNNNNNNNNNNNNNNNNNNNNNNNNNydNNNNNNNNNNNNNNNNNNNNNNNNNNNNNNNNNNNNNNNNNNNNNNNNNNNNNNNNNNNNNNNNmNNNNNNNNNNNNNNNNNNNNNNNNNNNNNNNNmdsyydd:/dmdmdmmNmmNmmmmmmmmmdymmmNNNNNNNNNNNNNNNNNNNNNNNNNNNNNNNNNNNNNNNNNNNNNNNNNNN
mNNNNNNNNNNNNNNNNNNNNNNNNNNNNNNNNNNNNNNNNNNNNNNNNNNNNNNNNNNNNNNNNNNNNNNNNNNNNNNNNNNNNNNNNNNNNNNNNNNNNNNNNNNNNNNNNNNNNNNNNNNNNNNNNNNNNNNNNNNNNNNNNNNNNNNNNNm+.smNNNNNNNNNNNNNNNNNNNNNNmdNNNNNNNNNNNNNNNNNNNNNNNNNNNNNNNNNNNNNNNNNNm+dNNNNNNNNNNNNNNNNNNNNNNNNNNNNNNNNNNNNNNNNNNNNNNNNNNNNNNNNNNNmNNNNNNNNNNNNNNNNNNNNNNNNNNNNsmNNNNNNNNNNNNNNNNNNNNNNNNNNNNNNNNNNNNNNNNNNNNNNNNNNNNNNNNNNNNNNNNNNNmNNNNNmNmNNNNNNNNNNNNNNNNNNNNNNNmNNNm/:dmmmmmNNNmmmmmmmNmmmNyhNNNNNNNNNNNNNNNNNNNNNNNNNNNNNNNNNNNNNNNNNNNNNNNNNNNNN
NNNNNNNNNNNNNNNNNNNNNNNNNNNNNNNNNNNNNNNNNNNNNNNNNNNNNNNNNNNNNNNNNNNNNNNNNNNNNNNNNNNNNNNNNNNNNNNNNNNNNNNNNNNNNNNNNNNNNNNNNNNNNNNNNNNNNNNNNNNNNNNNNNNNNNNNNNNy`.dmNNNNNNNNNNNNNNNNNNNNNNNNNNNNNNNNNNNNNNNNNNNNNNNNNNNNNNNNNNNNNNNNNNNNNNNNNNNNNNNNNNNNNNNNNNNNNNNNNNNNNNNNNNNNNNNNNNNNNNNNNNNNNNNNNNNNNNNNNNNNNNNNNNNNNNNNNNNNNNNNNNNNNNNNNNNNNNNNNNNNNNNNNNNNNNNNNNNNNNNNNNNNNNNNNNNNNNNNNNNNNNNNNNNNNNNNNNNNNNNNNNNNNNNNNNNNNNNNNNNNNms-mNNNmmNNNNNNNNNNNNNNNmsNNNNNNNNNNNNNNNNNNNNNNNNNNNNNNNNNNNNNNNNNNNNNNNNNNNNN
NNNNNNNNNNNNNNNNNNNNNNNNNNNNNNNNNNNNNNNNNNNNNNNNNNNNNNNNNNNNNNNNNNNNNNNNNNNNNNNNNNNNNNNNNNNNNNNNNNNNNNNNNNNNNNNNNNNNNNNNNNNNNNNNNNNNNNNNNNNNNNNNNNNNNNNNNNNNs:dNNNNNNNNNNNNNNNNNNNNNNNNNNNNNNNNNNNNNNNNNNNNNNNNNNNNNNNNNd+mNNNNNNNNNNNNNNNNNNNNNNNNNNNNNNNNNNNNNNNNNNNNNNNNNNNNNNNNNNNNNNNNNNNNNNNNNNNNNNNNNNNNNNd+mNNNNNNNNNNNNNNNNNNNNNNNNNNNNNNmmNNNNNNNNNNNNNNNNNNNNNNNNNNNNNNNNNNNNNNNNNNNNNNNNNNNNNNNNNNNNNNNNNNNNNNNNNNNNNNNNNmh.mmNNNNNNNNNNNNNNNNNNNNhdNNNNNNNNNNNNNNNNNNNNNNNNNNNNNNNNNNNNNNNNNNNNNNNNNNNN
NNNNNNNNNNNNNNNNNNNNNNNNNNNNNNNNNNNNNNNNNNNNNNNNNNNNNNNNNNNNNNNNNNNNNNNNNNNNNNNNNNNNNNNNNNNNNNNNNNNNNNNNNNNNNNNNNNNNNNNNNNNNNNNNNNNNNNNNNNNNNNNNNNNNNNNNNNNNNmNNNNNNNNNNNNNNNNNNNNNNNNNNNNNNNNNNNNNNNNNNNNNNNNNNNNNNNNNNm:yNNNNNNNNNNNNNNNNNNNNNNNNNNNNNNNNNNNNNNNNNNNNNNNNNNNNNNNNNNNNNNNNNNNNNNNNNNNNNNNNNNNNNNm/mNNNNNymNNNNNNNNNNNNNNNNNNNNNNNNmNNNNNNNNNNNNNNNNNNNNNNNNNNNNNNNNNNNNNNNNNNNNNNNNNNNNNNNNNNNNNNNNNNNNNNNNNNNNNNNNNmm+mmNNNNNNNNNNNNNNNNNNNNmsmyoydNNNNNNNNNNNNNNNNNNNNNNNNNNNNNNNNNNNNNNNNNNNNNNN
NNNNNNNNNNNNNNNNNNNNNNNNNNNNNNNNNNNNNNNNNNNNNNNNNNNNNNNNNNNNNNNNNNNNNNNNNNNNNNNNNNNNNNNNNNNNNNNNNNNNNNNNNNNNNNNNNNNNNNNNNNNNNNNNNNNNNNNNNNNNNNNNNNNNNNNNNNNNNNNNNNNNNNNNNNNNNNNNNNNNNNNNNNNNNNNNNNNNNNNNNNNNNNNNNNNNNNNNNNmNNNNNNNNNNNNNNNNNNNNNNNNNNNNNNNNNNNNNNNNNNNNNNNNNNNNNNNNNNNNNNNNNNNNNNNNNNNNdNNNNNNNNNNmNNNNNNhsNNNNNNNNNNNNNNNNNNNNNNNNNNNNNNNNNNNNNNNNNNNNNNNNNNNNNNNNNNNNNNNNNNNNNNNNNNNNNNNNNNNNNNNNNNNNNNNNNNNNNNNNmmdd+dmNNNNNNNNNNNNNNNNNNNNyosyhdmNNNNNNNNNNNNNNNNNNNNNNNNNNNNNNNNNNNNNNNNNNNNNNN
NNNNNNNNNNNNNNNNNNNNNNNNNNNNNNNNNNNNNNNNNNNNNNNNNNNNNNNNNNNNNNNNNNNNNNNNNNNNNNNNNNNNNNNNNNNNNNNNNNNNNNNNNNNNNNNNNNNNNNNNNNNNNNNNNNNNNNNNNNNNNNNNNNNNNNNNNNNNNNNNNNNNNNNNNNNNNNNNNNNNNNNNNNNNNNNNNNNNNNNNNNNNNNNNNNNNNNNNNNNNNNNNNNNNNNNNNNNNNNNNNNNNNNNNNNNNNNNNNNNNNNNNNNNNNNNNNNNNNNNNNNNNNNNNNNNNNNNNNNNNNNNNNNNNNNNNNNNNNNNNNNdmNNNNNNNNNNNNNNNNNNNNNNNNNNNNNNNNNNNNNNNNNNNNNNNNNNNNNNNNNNNNNNNNNNNNNNNNNNNNNNNNNNNNNNNNNNNNNNNm+`  omNNNNNNNNNNNNNNNNNNNNNNNNNNNNNNNNNNNNNNNNNNNNNNNNNNNNNNNNNNNNNNNNNNNNNNNNNN
NNNNNNNNNNNNNNNNNNNNNNNNNNNNNNNNNNNNNNNNNNNNNNNNNNNNNNNNNNNNNNNNNNNNNNNNNNNNNNNNNNNNNNNNNNNNNNNNNNNNNNNNNNNNNNNNNNNNNNNNNNNNNNNNNNNNNNNNNNNNNNNNNNNNNNNNNNNNNNNNNNNNNNNNNNNNNNNNNNNNNNNNNNNNNNNNNNNNNNNNNNNNNNNNNNNNNNNNNNNNNNNd+dNNNNNNNNNNNNNNNNNNNNNNNNNNmmNNNNNNNNNNNNNNNNNNNNNNNNNNNNNNNNNNNNNNNNNNNNNNNNNNNNNNNNNNNNNNNNNNNN:dNNNNNNNNNNNNNNNNNNNhyNNNNNNNNNNNNNNNNNNNNNNNNNNNNNNNNNNNNNNNNNNNNNNNNNNNNNNNNNNNNNNNNNNNNNNNNNNNmdssdNNNNNNNNNNNNNNNNNNNNNNNNNNNNNNNNNNNNNNNNNNNNNNNNNNNNNNNNNNNNNNNNNNNNNNmmmNN
NNNNNNNNNNNNNNNNNNNNNNNNNNNNNNNNNNNNNNNNNNNNNNNNNNNNNNNNNNNNNNNNNNNNNNNNNNNNNNNNNNNNNNNNNNNNNNNNNNNNNNNNNNNNNNNNNNNNNNNNNNNNNNNNNNNNNNNNNNNNNNNNNNNNNNNNNNNNNNNNNNNNNNNNNNNNNNNNNNNNNNNNNNNNNNNNNNNNmddNNNNNNNNNNNNNNNNNNNNNNNNN+sNNNNNNNNNNNNNNNNNNNNNNNNNNd:NNNNNNNNNNNNNNNNNNNNNNNysmNNNNNNNNNNNNNNNNNNNNNNNNNNNNNNNNNNNNNNNNNNmNNNNNNNNNNNNNNNNNNNN/smNNNNNNNNNNNNNNNNNNNNNNNNNNNNNNNNNNNNNNNNNNNNNNNNNNNNNNNNNNNNNNNNNNNNNNNNNNNNNNNNNNNNNNNNNNNNNNNNNNNNNNNNNNNNNNNNNNNNNNNNNNNNNNNNNNNNNNNNNNNNNNNNNNNNNNNNNN
NNNNNNNNNNNNNNNNNNNNNNNNNNNNNNNNNNNNNNNNNNNNNNNNNNNNNNNNNNNNNNNNNNNNNNNNNNNNNNNNNNNNNNNNNNNNNNNNNNNNNNNNNNNNNNNNNNNNNNNNNNNNNNNNNNNNNNNNNNNNNNNNNNNNNNNNNNNNNNNNNNNNNNNNNNNNNNNNNNNNNNNNNNNNNNNNNNNNm+-ymNNNNNNNNNNNNNNNNNNNNNNNNmNNNNNNNNNNNNNNNNmsdNNNNNNNNmNNNNNNNNNNNNNNNNNNNNNNN/.yNNNNNNNNNNNNNNNNNNssNNNNNNNNNNNNNNNNNNNNNNNNNNNNNNNNNNNNNNNNNNNdNNNNNNNNNNNNNNNNNNNNNNNNNNNNNNNNNNNNNNNNNNNNNNNNNNNNNNNNNNNNNNNNNNNNNNNNNNNNNNNNNNNNNNNNNNNNNNNNNNNNNNNNNNNNNNNNNNNNNNNNNNNNNNNNNNNNNNNNNNNNNNNNNNNNNNNNNNNN
NNNNNNNNNNNNNNNNNNNNNNNNNNNNNNNNNNNNNNNNNNNNNNNNNNNNNNNNNNNNNNNNNNNNNNNNNNNNNNNNNNNNNNNNNNNNNNNNNNNNNNNNNNNNNNNNNNNNNNNNNNNNNNNNNNNNNNNNNNNNNNNNNNNNNNNNNNNNNNNNNNNNNNNNNNNNNNNNNNNNNNNNNNNNNNNNNNNNNd/sNNNNNNNNNNNNNNNNNNNNNNNNNNNNNNNNNNNNNNNNNNNdomNNNNNNNNNNNNNNNNNNNNNNNNNNNNNNNd-dNNNNNNNNNNNNNNNNNNymNNNNNNNNNNNNNNNNNNNNNNNNNNNNNNNhmNNNNNNNNNNNNNNNNNNNNNNNNNNNNNNNNNNNNNNNNNNNNNNNNNNNNNNNNNNNNNNNNNNNNNNNNNNNNNNNNNNNNNNNNNNNNNNNNNNNNNNNNNNNNNNNNNNNNNNNNNNNNNNNNNNNNNNNNNNNNNNNNNNNNNNNNNNNNNNNNNNNNNNN
NNNNNNNNNNNNNNNNNNNNNNNNNNNNNNNNNNNNNNNNNNNNNNNNNNNNNNNNNNNNNNNNNNNNNNNNNNNNNNNNNNNNNNNNNNNNNNNNNNNNNNNNNNNNNNNNNNNNNNNNNNNNNNNNNNNNNNNNNNNNNNNNNNNNNNNNNNNNNNNNNNNNNNNNNNNNNNNNNNNNNNNNNNNNNNNNNNNNNNNdNNNNNNNNNNNNNNNNNNNNNNNNNNNNNNNNNNNNNNNNNNNNNNNNNNNNNN+yNNNNNNNNNNmNNNNNNNNNNNmNNNNNNNNNNNNNNNNNNNNNNNNNNhomNNNNNNNNNNNNNNNNNNNNNNN/yNNNNNNNNNNNNNNNNNNNNNNNNNNNNNddNNNNNNNNNNNNmNNNNNNNNNNNNNNNNNNNNNNNNNNNNNNNNNNNNNNNNNNNNNNNNNNNNNNNNNNNNNNNNNNNNNNNNNNNNNNNNNNNNNNNNNNNNNNNNNNNNNNNNNNNNNNNNNNNNNNNNNNN
NNNNNNNNNNNNNNNNNNNNNNNNNNNNNNNNNNNNNNNNNNNNNNNNNNNNNNNNNNNNNNNNNNNNNNNNNNNNNNNNNNNNNNNNNNNNNNNNNNNNNNNNNNNNNNNNNNNNNNNNNNNNNNNNNNNNNNNNNNNNNNNNNNNNNNNNNNNNNNNNNNNNNNNNNNNNNNNNNNymNNNNNNNNNNNNNNNNNNNNNNNNNNNNNNNNNNNNNNNNNNNNNNNNNNNNNNNNNNNNNNNNNNNNNNNNNNo+NNNNNNNNNh:hNNNNNNNNNNNNNNNNNNNNNNNNNNNNNNNNNNNNNmsoNNNNNNNNNNNNd/mNNNNNNNNmmNNNNNNNNNNNNNNNNNNNNNNNNNNNNNh+mNNNNNhmNNNNNNNNNNNNNNNNNNNNNNNNNNNNNNNNNNNNNNNNNNNNNNNNNNNNNNNNNNNNNNNNNNNNNNNNNNNNNNNNNNNNNNNNNNNNNNNNNNNNNNNNNNNNNNNNNNNNNNNNNNNNNNNN
NNNNNNNNNNNNNNNNNNNNNNNNNNNNNNNNNNNNNNNNNNNNNNNNNNNNNNNNNNNNNNNNNNNNNNNNNNNNNNNNNNNNNNNNNNNNNNNNNNNNNNNNNNNNNNNNNNNNNNNNNNNNNNNNNNNNNNNNNNNNNNNNNNNNNNNNNNNNNNNNNNNNNNNNNNNNNNNNNNy:yNNNNNNNNNNNNNNNNNNNNNNNNNNNNNNNNNNNNNNNNNNNNNNNNNNNNNNNNNNNNNNNNNNNNNNNNNmmNNNNNNNNNNsyNNNNNNNNNNNNNNNNNNNNNNNNNNNNNNNNNNNNNNNmNNNNNNNNNNNNNymNNNNNNNNNNNNNNNNNNNNNNNNNNNNNNNNNNNNNNNNmNNNNNNoyNNNNNNNNNNNNNNNNNNNNNNNNNNNNNNNNNNNNNNNNNNNNNNNNNNNNNNNNNNNNNNNNNNNNNNNNNNNNNNNNNNNNNNNNNNNNNNNNNNNNNNNNNNNNNNNNNNNNNNNNNNNNNNNN
NNNNNNNNNNNNNNNNNNNNNNNNNNNNNNNNNNNNNNNNNNNNNNNNNNNNNNNNNNNNNNNNNNNNNNNNNNNNNNNNNNNNNNNNNNNNNNNNNNNNNNNNNNNNNNNNNNNNNNNNNNNNNNNNNNNNNNNNNNNNNNNNNNNNNNNNNNNNNNNNNNNNNNNNNNNNNNNNNNNsoNNNNNNNNNNNNNNNNNNNNNNNNNNNNNNNNNNNNNNNNNNNNNNNNNNNNNNNNNNNNNNNNNNNNNNNNNNNNNNNNNNNNNNmNNNNNNNNNNNNNNNNNNNNNNNNNNNNNNNNNNNNNNNNNNNNNNNNNNNNNNNNNNNNNNNNNNNNNNNNNNNNNNNNNNNNNNNNNNNNNNNNNNNNNNmmNNNNNNNNNNNNNNNNNNNNNNNNNNNNNNNNNNNNNNNNNNNNNNNNNNNNNNNNNNNNNNNNNNNNNNNNNNNNNNNNNNNNNNNNNNNNNNNNNNNNNNNNNNNNNNNNNNNNNNNNNNNNNNNN
NNNNNNNNNNNNNNNNNNNNNNNNNNNNNNNNNNNNNNNNNNNNNNNNNNNNNNNNNNNNNNNNNNNNNNNNNNNNNNNNNNNNNNNNNNNNNNNNNNNNNNNNNNNNNNNNNNNNNNNNNNNNNNNNNNNNNNNNNNNNdddNNNNNNNNNNNNNNNNNNNNNNNNNNNNNNNNNNNNNNmNNNNNNNNNNNNNNNNNNmdNNNNNNNNNNNNNNNNNNNNNNNNNNNNNNNNNNNNNNNNNNNNNNNNNNNNNNNNNNNNNNNNNNNNNNNNNNNNNNNNNNNNNNNNNNNNNNNNNNNNNNNNNNNNNNNNNNNNNNNNNNNNNNNNNNNNNNNNNmdomNNNNNNNNNNNNNNNNNNNNNNNNNNNNNNNNNNNNNNNNNNNNNNNNNNNNNNNNNNNNNNNNNNNNNNNNNNNNNNNNNNNNNNNNNNNNNNNNNNNNNNNNNNNNNNNNNNNNNNNNNNNNNNNNNNNNNNNNNNNNNNNNNNNNNNNNNNNNN
NNNNNNNNNNNNNNNNNNNNNNNNNNNNNNNNNNNNNNNNNNNNNNNNNNNNNNNNNNNNNNNNNNNNNNNNNNNNNNNNNNNNNNNNNNNNNNNNNNNNNNNNNNNNNNNNNNNNNNNNNNNNNNNNNNNNNNNNNNNNmhsmNNNNNNNNNNNNNNNNNNNNNNNNNNNNNNNNNNNNNNNNNNNNNNNNNNNNNNNNmmNNNNNNNNNNNNNNNNNNNNNNNNNNNNNNNNNNNNNNNNNNNNNNNNNNNNNNNNNNNNNNNNNNNNNNNNNNNNNNNNNNNNNNNNNNNNNNNNNNNNNNNNNNNNNNNNNNNNNNNNNNNNNNNNNNNNNNNNNNysmNNNNNNNNNNNNNNNNNNNNNNNNNNNNNNNNNNNNNNNNNNNNNNNNNNNNNNNNNNNNNNNNNNNNNNNNNNNNNNNNNNNNNNNNNNNNNNNNNNNNNNNNNNNNNNNNNNNNNNNNNNNNNNNNNNNNNNNNNNNNNNNNNNNNNNNNNNNNN
NNNNNNNNNNNNNNNNNNNNNNNNNNNNNNNNNNNNNNNNNNNNNNNNNNNNNNNNNNNNNNNNNNNNNNNNNNNNNNNNNNNNNNNNNNNNNNNNNNNNNNNNNNNNNNNNNNNNNNNNNNNNNNNNNNNNNNNNNNNNNNNNNNNNNNNNNNNNNNNNNNNNNNNNNNNNNNNNNNNNNNNNNNNNNNNNNNNNNNNNNNNNNNNNNNNNNNNNNNNhodNNNNNNNNNNNNNNNNNNNNNNNNNNNNNNNNNNNNNNNNNNNNNNNNNNNNNNNNNNNNNNNNNNNNNNNNNNNNNNNNNNNNNNNNNNNNNNNNNNNNNNNNNNNNNNNNNNNNNNmmNNNNNNNNNNNNNNNNNNNNNNNNNNNNNNNNNNNNNNNNNNNNNNNNNNNNNNNNNNNNNNNNNNNNNNNNNNNNNNNNNNNNNNNNNNNNNNNNNNNNNNNNNNNNNNNNNNNNNNNNNNNNNNNNNNNNNNNNNNNNNNNNNNNNNNNNNNNNNN
NNNNNNNNNNNNNNNNNNNNNNNNNNNNNNNNNNNNNNNNNNNNNNNNNNNNNNNNNNNNNNNNNNNNNNNNNNNNNNNNNNNNNNNNNNNNNNNNNNNNNNNNNNNNNNNNNNNNNNNNNNNNNNNNNNNNNNNNNNNNNNNNNNNNNNNNNNNNNNNNNNNNNNNNNNNNNNNNNNNNNNNNNNNNNNNNNNNNNNNNNNNNNNNNNNNmNNNNNNNm+sNNNNNNNNNNNNNNNNNNNNNNNNNNNNNNNNNNNNNNNNNNNNNNNNNNNNNNNNNNNNNNNNNNNNNNNNNNNNNNNNNNNNNNNNNNmodNNNNNNNmsdNNNNNNNNNNNNNNNNNNNNNNNNNNNNNNNNNNNNNNNNNNNNNNNNNNNNNNNNNNNNNNNNNNNNNNNNNNNNNNNNNNNNNNNNNNNNNNNNNNNNNNNNNNNNNNNNNNNNNNNNNNNNNNNNNNNNNNNNNNNNNNNNNNNNNNNNNNNNNNNNNNNNNNNNNNNNNNN
NNNNNNNNNNNNNNNNNNNNNNNNNNNNNNNNNNNNNNNNNNNNNNNNNNNNNNNNNNNNNNNNNNNNNNNNNNNNNNNNNNNNNNNNNNNNNNNNNNNNNNNNNNNNNNNNNNNNNNNNNNNNNNNNNNNNNNNNNNNNNNNNNNNNNNNNNNNNNNNNNNNNNNNNNNNNNNNNNNNNNNNNNNNNNNNNNNNNNNNNNNNNNNNNNNNy/mNNNNNNNmNNNNNNNNNNNNNNNNNNNNNNNNNNNNNNNNNNNNNNNNNNNNNNNNNNNNNNNNNNNNNNNNNNNNNNNNNNNNNNNNNNNNNNNNNNm:yNNNNNNNm-hNNNNNNNNNNNNNNNNNNNNNNNNNNNNNNhsmNNNNNNNNNNNNNNNNNNNNNNNNNNNNNNNNNNNNNNNNNNNNNNNNNNNNNNNNNNNNNNNNNNNNNNNNNNNNNNNNNNNNNNNNNNNNNNNNNNNNNNNNNNNNNNNNNNNNNNNNNNNNNNNNNNNNNNNNNNNNNN
NNNNNNNNNNNNNNNNNNNNNNNNNNNNNNNNNNNNNNNNNNNNNNNNNNNNNNNNNNNNNNNNNNNNNNNNNNNNNNNNNNNNNNNNNNNNNNNNNNNNNNNNNNNNNNNNNNNNNNNNNNNNNNNNNNNNNNNNNNNNNNNNNNNNNNNNNNNNNNNNNNNNNNNNNNNNNNNNNNNNNNNNNNNNNNNNNNNNNNNNNNNNNNNNNNNNymNNNNNNNNNNNNNNNNNNNNNNNNNNNNNNNNNNNNNNNNNNNddmNNNNNNNNNNNNNNNNNNNNNNNNNNNNNNNNNNNNNNNNNNdmNNNNNNNNNdmNNNNNNNNdNNNNNNNNNNNNNNNNNNNNNNNNNNNNNNNh-hmNNNNNNNNNNNNmNNNNNNNNNNNNNNNNNNNNNNNNNNNNNNNNNNNNNNNNNNNNNNNNNNNNNNNNNNNNNNNNNNNNNNNNNNNNNNNNNNNNNNNNNNNNNNNNNNNNNNNNNNNNNNNNNNNNNNNNNNNNNNNN
NNNNNNNNNNNNNNNNNNNNNNNNNNNNNNNNNNNNNNNNNNNNNNNNNNNNNNNNNNNNNNNNNNNNNNNNNNNNNNNNNNNNNNNNNNNNNNNNNNNNNNNNNNNNNNNNNNNNNNNNNNNNNNNNNNNNNNNNNNNNNNNNNNNNNNNNNNNNNNNNNNNNNNNNNNNNNNNNNNNNNNNNNNNNNNNNNNNNNNNNNNNNNNNNNNNNNNNNNNNNNNNNNNNNNNNNNNNNNNNNNNNNNNNNNNNNNNNNNy:oNNNNNNNNNNNNNNNNNNNNNNNNNNNNNNNNNNNNNNNNNNs+mNNNNNNNNNNNNNNNNNNNNNNNNNNNNNNNNNNNNNNNNNNNNNNNNNNNydNNNNNNNNNNNNNodNNNNNNNNNNNNNNNNNNNNNNNNNNNNNNNNNNNNNNNNNNNNNNNNNNNNNNNNNNNNNNNNNNNhhsyhNNNNNNNNNNNNNNmmmmmmmmmmNNNNNNNNNNNNNNNNNNNNNNNNNNNNNNN
NNNNNNNNNNNNNNNNNNNNNNNNNNNNNNNNNNNNNNNNNNNNNNNNNNNNNNNNNNNNNNNNNNNNNNNNNNNNNNNNNNNNNNNNNNNNNNNNNNNNNNNNNNNNNNNNNNNNNNNNNNNNNNNNNNNNNNNNNNNNNNNNNNNNNNNNNNNNNNNNNNNNNNNNNNNNNNNNNNNNNNNNNNNNNNNNNNNNNNNNNNNNNNNNNNNNNNNNNNNNNNNNNNNNNNNNNNNNNNNNNNNNNNNNNNNNNNNNNNmdNNNNNNNNNNNNNNNNNNNNNNNNNNNNNNNNNNNNNNNNNNmhNNNNNNNNNNNNNNNNNNNNNNNNNNNNNNNmNNNNNNNNNNNNNNNNNNNNNNNNNNNNNNNNNNNdmNNNNNNNNNNNNNNNNNNNNNNNNNNNNNNNNNNNNNNNNNNNNNNNNNNNNNNNNNNNNNNNNNNmddydNNNNNNNNNNmmmmmddmmmmmmmNNNNNNNNNNNNNNNNNNNNNNNNNNNNNNNN
NNNNNNNNNNNNNNNNNNNNNNNNNNNNNNNNNNNNNNNNNNNNNNNNNNNNNNNNNNNNNNNNNNNNNNNNNNNNNNNNNNNNNNNNNNNNNNNNNNNNNNNNNNNNNNNNNNNNNNNNNNNNNNNNNNNNNNNNNNNNNNNNNNNNNNNNNNNNNNNNNNNNNNNNNNNNNNNNNNNNNNNNNNNNNNNNNNNNNNNNNNNNNNNNNNNNNNNNNNNNNNNNNNNNNNNNNNNNNNNNNNNNNNNNsmNNNNNNNNNNNNNNNNNNNNNNNNNNNNNNNNNNNNNNNNNNNNNNNNNNNNNNNNNNNNNNNNNNNNNNNNmNNNNNNNNNNNNNNysmNNNNNNNNNNNNNNNNNNNNNNNmmNNNNNNNNNNNNNNNNNNNNNNNNNNNNNNNNNNNNNNNNNNNNNNNNNNNNNNNNNNNNNNNNNNNNNNNNNNNNNNsmNNNNNNmmdhyyyyyhddmmmmNNNNNNNNNNNNNNNNNNNNNNNNNNNNNNNNN
NNNNNNNNNNNNNNNNNNNNNNNNNNNNNNNNNNNNNNNNNNNNNNNNNNNNNNNNNNNNNNNNNNNNNNNNNNNNNNNNNNNNNNNNNNNNNNNNNNNNNNNNNNNNNNNNNNNNNNNNNNNNNNNNNNNNNNNNNNNNNNNNNNNNNNNNNNNNNNNNNNNNNNNNNNNNNNNNNNNNNNNNNNNNNNNNNNNNNNNNNNNNNNNNNNNNNNNNNNNNNNNNNNNNNNNNNNNNNNNNNNNNNNNNmdNNNNNNNNNNNNNNNNNNNNNNNNNNNNNNNNNNNNNNNNNNNNNNNNNNNNNNNNNNNNNNNNNNNNNNNh:dNNNNNNNNNNNNNs:mNNNmNNNNNNNNNNNNNNNNNNNs/mNNNNNNNNNNNNNNNNNNNNNNNNNNNNNNNNNNNNNNNNNNNNNNNNNNNNNNNNNNNNNNNNNNNNNNNNNNNNmy+dmNNmmhsoooooosshdmmmmNNNNNNNNNNNNNNNNNNNNNNNNNNNNNNNNN
NNNNNNNNNNNNNNNNNNNNNNNNNNNNNNNNNNNNNNNNNNNNNNNNNNNNNNNNNNNNNNNNNNNNNNNNNNNNNNNNNNNNNNNNNNNNNNNNNNNNNNNNNNNNNNNNNNNNNNNNNNNNNNNNNNNNNNNNNNNNNNNNNNNNNNNNNNNNNNNNNNNNNNNNNNNNNNNNNNNNNNNNNNNNNNNNNNNNNNNNNNNNNNNNNNNNNNNNNNNNNNNNNNNNNNNNNNNNNNNNNNNNNNNNNNNNNNNNNNNNNNNNNNNNNNNNNNNNNNNNNNNNNNNNNNNNNNNNNNNNNNNNNNNNNNNNNNNNNNNNNd.hmNNNNNNNNNNNNmdNNNNNNNNNNNNNNNNNNNNNNNNhymNNNNNNNNNNNNNNNNNNNNNNNNNNNNNNNNNNNNNNNNNNNNNNNNNNNNNNNNNNNNNNNNNNNNmmmmmmmmmmosdddhsoosyysysosyhmmmmmNNNNNNNNNNNNNNNNNNNNNNNNNNNNmNNN
NNNNNNNNNNNNNNNNNNNNNNNNNNNNNNNNNNNNNNNNNNNNNNNNNNNNNNNNNNNNNNNNNNNNNNNNNNNNNNNNNNNNNNNNNNNNNNNNNNNNNNNNNNNNNNNNNNNNNNNNNNNNNNNNNNNNNNNNNNNNNNNNNNNNNNNNNNNNNNNNNNNNNNNNNNNNNNNNNNNNNNNNNNNNNNNNNNNNNNNNNNNNNNNNNNNNNNNNNNNNNNNNNNNNNNNNNNNNNNNNNNNNNmmNNNNNNNNNNNNNNNNNNNNNNNNNNNNNNNNNNNNNNNNNNNNNNNNNNNNNNNNNNmNNNNNNNNNNNNNNNNdNNNNNNNNNNNNNNNNNNNNNNNNNNNNNNNNNmNNNNNNNNNNNNNNNNNNNNNNNNNNNNNNNNNNNNNNNNNNNNNNNNNNNNNNNNNNNNNNNNNNNNNNNNNNNNmmdhdddddhys/ooosssyhdhhyo+osydmmmmNNNNNNNNNNNNNNNNNNNNNNNNNNNNNNNN
NNNNNNNNNNNNNNNNNNNNNNNNNNNNNNNNNNNNNNNNNNNNNNNNNNNNNNNNNNNNNNNNNNNNNNNNNNNNNNNNNNNNNNNNNNNNNNNNNNNNNNNNNNNNNNNNNNNNNNNNNNNNNNNNNNNNNNNNNNNNNNNNNNNNNNNNNNNNNNNNNNNNNNNNNNNNNNNNNNNNNNNNNNNNNNNNNNNNNNNNNNNNNNNNNNNNNNNNNNNNNNNNNNNNNNNNNNNNNNNNNNNNN+/dNNNNNNNNNNNNNNNNNNNNNNNNNNNNNNNNNNNNNNNNNNNNNNNNNNNNNNNNN/dNNNNNNNNNNNNNNNNNNNNNNNNNNNNNNNNNNNNNNNNNNNNNNNNm/mNNNNNNNNNNNNNNNNNNNNNNNNNNNNNNNNNNNNNNNNNNNNNNNNNNNNNNNNNNNNNNNNNNNNNNNNNNmmmhossooooooo+yhdddddhyssooyhdmmmNNNNNNNNNNNNNNNNNNNNNNNNNNNNNNNNmN
NNNNNNNNNNNNNNNNNNNNNNNNNNNNNNNNNNNNNNNNNNNNNNNNNNNNNNNNNNNNNNNNNNNNNNNNNNNNNNNNNNNNNNNNNNNNNNNNNNNNNNNNNNNNNNNNNNNNNNNNNNNNNNNNNNNNNNNNNNNNNNNNNNNNNNNNNNNNNNNNNNNNNNNNNNNNNNNNNNNNNNNNNNNNNNNNNNNNNNNNNNNNNNNNNNNNNNNNNNNNNNNNNNNNNNNNNNNNNNNNNNNNNmooNNNNNNNNNNNNNNNNNNNNNNNNNNNNNNNNNyhmNNNNNNNNNNNNNNNNNNNNNhmNNNNNNNNNNNsdNNNNNNNNNNNNNNNNNNNNNNNNNNNNNNNNNNNNdNNNNNNNNNNNNNNNNNNNNNNNNNNNNNNNNNNNNNNNNNNNNNNNNNNNNNNNNNNNNNNNNNNNNNNNNNNmmmmhhyo++ohhhdsyhdddhhyyyyhddmmmmNNmNNNNNNNNNmmNNNNNNNNNNNNNNNNNNNNN
NNNNNNNNNNNNNNNNNNNNNNNNNNNNNNNNNNNNNNNNNNNNNNNNNNNNNNNNNNNNNNNNNNNNNNNNNNNNNNNNNNNNNNNNNNNNNNNNNNNNNNNNNNNNNNNNNNNNNNNNNNNNNNNNNNNNNNNNNNNNNNNNNNNNNNNNNNNNNNNNNNNNNNNNNNNNNNNNNNNNNNNNNNNNNNNNNNNNNNNNNNNNNNNNNNNNNNNNNNNNNNNNNNNNNNNNNNNNNNNNNNNNNNNmNNNNNNNNNNNNNNNNNNNNNNNNNNNNNNNNNd/hNNNNNNNNNNNNNNNNNNNNNNNNNNNNNNNNNN-oNNNNNNNNNNNNNNNNNNNNNNNNNNNNNNNNNNNNNNNNNNNNNNNNNNNNNNNNNNNNNNNNNNNNNNNNNNNNNNNNNNNNNNNNNNNNNNNNNNNNNNNNNNNNNNNNNNNNmdyoosddddhhddddhyyyyyhdmmmNNNmmNNNNNNNNNNNNNNNNNNNNNNNNNNNNNNNN
NNNNNNNNNNNNNNNNNNNNNNNNNNNNNNNNNNNNNNNNNNNNNNNNNNNNNNNNNNNNNNNNNNNNNNNNNNNNNNNNNNNNNNNNNNNNNNNNNNNNNNNNNNNNNNNNNNNNNNNNNNNNNNNNNNNNNNNNNNNNNNNNNNNNNNNNNNNNNNNNNNNNNNNNNNNN####NNNNNNNNNNNNNNNNNNNNNNNNNNNNNNNNNNNNNNNNNNNNNNNNNNNNNNNNNNNNNNNNNNNNNNNNNNNNNNNNNNNNNNNNNNNNNNNNNNNNNNNNNNNmNNNNNNNNNNNNNNNNNNNNNNNNNNNNNNNNNNhdNNNNNNNNmyNNNNNNNNNNNNNNNNNNNNNNNNNNNNNNNNNNNNNNNNNNNNNNNNNNNNNNNNNNNNNNNNNNNNNNNNNNNNNNNNNNNNNNNNNNNNNNNNNNNNNNNNNNmmhsoosdmmmmdmmhyyyyhhdmmmmNmNNNNNNNNNNNNNNNNNNNNNNNNNNNNNNNNNNN
NNNNNNNNNNNNNNNNNNNNNNNNNNNNNNNNNNNNNNNNNNNNNNNNNNNNNNNNNNNNNNNNNNNNNNNNNNNNNNNNNNNNNNNNNNNNNNNNNNNNNNNNNNNNNNNNNNNNN###NNNNNNNNNNNNNNNNNNNNNNNNNNNNNNNNNNNNNNNNNNNNNNNNNNNNNN####NNNNNNNNNNNNNNNNNNNNNNNNNNNNNNNNNNNNNNNNNNNNNNNNNNNNNNNNNNNNNNNNNNNNNNNNNNNNNNNNNNNNNNNNNNNNNNNNNNNNNNNNNNNNNNNNNNshNNNNNNNNNNNNNNNNNNNNNNNNNNNNNNNNNNNsNNNNNNNNNNNNNNNNNNNNNNNNNNNNNNNNNNNNNNNNNNNNNNNNNNNNNNNNNNNNNNNNNNNNNNNNNNNNNNNNNNNNNNNNNNNNNNNNNNNNNNNNNNmmdysshdmNNmdmmhhssshdmmNmNNmNNNNNNNNmNNNNNNNmNNNNNNNNNNNNNNNNNN
NNNNNNNNNNNNNNNNNNNNNNNNNNNNNNNNNNNNNNNNNNNNNNNNNNNNNNNNNNNNNNNNNNNNNNNNNNNNNNNNNNNNNNNNNNNNNNNNNNNNNNNNNNNNNNNNNNNNN#####NNNNNNNNNNNNNNNNNNNNNNNNNNNNNNNNNNNNNNNNNNNNNNNNNNNNN###NNNNNNNNNNNNNNNNNNNNNNNNNNNNNNNNNNNNNNNNNNNNNNNNNNNNNNNNNNNNNNNNNNNNNNNNNNNNNNNNNNNNNNNNNNNNNNNNNNNNNNNNNNNNNNNNNN:/NNNNNNNNNNNNNNNNNNNNNNsyNNNNNNNNNNNNNNNNNNNNNNNdmNNNNNNNNNNNNNNNNNNNNNNNNNNNNNNNNNNNNNNNNNNNNNNNNNNNNNNNNNNNNNNNNNNNNNNNNNNNNNNNNNNNNNNNNNNNNNmmdsoymmddmddmmhysoydmmNNNNNNNNNNNNNNNNNNNNNmNmNNNNNNNNNNNNNNNmN
NNNNNNNNNNNNNNNNNNNNNNNNNNNNNNNNNNNNNNNNNNNNNNNNNNNNNNNNNNNNNNNNNNNNNNNNNNNNNNNNNNNNNNNNNNNNNNNNNNNNNNNNNNNNNNNNNNNNNNN###NNNNNNNNNNNNNNNNNNNNNNNNNNNNNNNNNNNNNNNNNNNNNNNNNNNNNNNNNNNNNNNNNNNNNNNNNNNNNNNNNNNNNNNNNNNNNNNNNNNNNNNNNNNNNNNNNNNNNNNNNNNNNNNNNNNNNNNNNNNNNNNNNNNNNNNNNNNNmNNNNNNNNNNNNNmdNNNNNNNNNNNNNNNNNNNNNN+:mNNNNNNNm+dNNNNNNNNNNNm:smNNNNNNNNNNNNNNNNNNNNNNNNNNNNNNNNNNNNNNNNNNNNNNNNNNNNNNNNNNNNNNNNNNNNNNNNNNNNNNNNNNNNNNNNNNmdhyssodmmmdmmNmmmdsosdmNNNNNNNNNNNNmmmmmmNNmmmmNNNNNNNNmmNmmNNNNN
NNNNNNNNNNNNNNNNNNNNNNNNNNNNNNNNNNNNNNNNNNNNNNNNNNNNNNNNNNNNNNNNNNNNNNNNNNNNNNNNNNNNNNNNNNNNNNNNNNNNNNNNNNNNNNNNNNNNNNNNNNNNNNNNNNNNNNNNNNNNNNNNNNNNNNNNNNNNNNNNNNNNNNNNNNNNNNNNNNNNNNNNNNNNNNNNNNNNNNNNNNNNNNNNNNNNNNNNNNNNNNNNNNNNNNNNNNNNNNNNNNNNNNNNNNNNNNNNNdNNNNNNNNNNNNNNNNNNNNmmNNNNNNNNNNNNNNNNNNNNNNNNNNNNNNNNNNNNmsNNNNNNNNh-mNNNNNNNNNNNNsoNNNNNNNNNNNNNNNNNNNNNNNNNNNNNNNNNNNNNNNNNNNNNNNNNNNNNNNNNNNNNNNNNNNNNNNNNNNNNNNNNNNNNNNNNmdhssssdhddNNmmmmdmmdhsohmNNNNNNNNNNNNmNmmmNmmmmmmmmNNNmNNNNNmNNNNmN
NNNNNNNNNNNNNNNNNNNNNNNNNNNNNNNNNNNNNNNNNNNNNNNNNNNNNNNNNNNNNNNNNNNNNNNNNNNNNNNNNNNNNNNNNNNNNNNNNNNNNNNNNNNNNNNNNNNNNNNNNNNNNNNNNNNNNNNNNNNNNNNNNNNNNNNNNNNNNNNNNNNNNNNNNNNNNNNNNNNNNNNNNNNNNNNNNNNNNNNNNNNNNNNNNmNNNNNNNNNNNNNNNNNNNNNNNNNNNNNNNNNNNNNNNNNNNNNNNs/dNNNNNNNNNNNNNNNNNNNNNNNNNNNNNNNNNNNNNNNNNNNNNNNNNNNNNNNNNNNNNNNNNNNdNNNNNNNNNNNNNNNNNNNNNNNNNNNNNNNNNNNNNNNNNNNNNNNNNNNNNNNNNNNNNNNNNNNNNNNNNNNNNNNNNNNNNNNNNNNNNNNNNNNNNNmmddssyddhyydNNmmmmmddhyoodmNNNNNNNmmmmmmNNmmmNNmmmmmmmmmNmmNmmmmNNNmN
NNNNNNNNNNNNNNNNNNNNNNNNNNNNNNNNNNNNNNNNNNNNNNNNNNNNNNNNNNNNNNNNNNNNNNNNNNNNNNNNNNNNNNNNNNNNNNNNNNNNNNNNNNNNNNNNNNNNNNNNNNNNNNNNNNNNNNNNNNNNNNNNNNNNNNNNNNNNNNNNNNNNNNNNNNNNNNNNNNNNNNNNNNNNNNNNNNNNNNNNNNNNNNNNNNNNNNNNNNNNNNNNNNNNNNNNNNNNNNNNNNNNNNNNNNNNNNNNNNdmNNNNNNNNNNNNNNNNNNNNNNNNNNNNNNNNNNNNNNNNNNNNNNNNNNNNNNNNNNNNNNNNNNNNNNNNNNNNNNNNNNNNNNNNNNNNNNNNNNNNNNNNNNNNNNNNNNNNNNNNNNNNNNNNNNNNNNNNNNNNNNNNNNNNNNNNNNNNNNNNNNNNNNNNNNmmmyssyhdhhNmhdmmmmmdysosdmmNNNNNNNmmmmmmmmmmmmmmmmmmmmmmmNNNmmmNNNNmm
NNNNNNNNNNNNNNNNNNNNNNNNNNNNNNNNNNNNNNNNNNNNNNNNNNNNNNNNNNNNNNNNNNNNNNNNNNNNNNNNNNNNNNNNNNNNNNNNNNNNNNNNNNNNNNNNNNNNNNNNNNNNNNNNNNNNNNNNNNNNNNNNNNNNNNNNNNNNNNNNNNNNNNNNNNNNNNNNNNNNNNNNNNNNNNNNNNNNNNNNNNNNNNNNNNNNNNNNNNNNNNNNNNNNNNNNNNNNNNNNNNNNNNNNNNNNNNNNNNNNNNNNNNNNNNNNsoNNNNNNNNNNNNNNNNNNNNNNNNNNNNNNNNNNNNmomNNNNNNNNNNNNNNNNNNNNNNNNNNNNNNNNNNNNNNNNNNNNNNNNNNNNNNNNNNNNNNNNNNNNNNNNNNNNNNNNNNNNNNNNNNNNNNNNNNNNNNNNNNNNNNNNNNNNmNmhyssyddhdmyyyhmdmmhssydmmmmmNNNNNNmmmmmmmmmmNmmmmmmmNmmmmmmmmmmmNNNm
NNNNNNNNNNNNNNNNNNNNNNNNNNNNNNNNNNNNNNNNNNNNNNNNNNNNNNNNNNNNNNNNNNNNNNNNNNNNNNNNNNNNNNNNNNNNNNNNNNNNNNNNNNNNNNNNNNNNNNNNNNNNNNNNNNNNNNNNNNNNNNNNNNNNNNNNNNNNNNNNNNNNNNNNNNNNNNNNNNNNNNNNNNNNNNNNNNNNNNNNNNNNNNNNNNNNNNNNNNNNNNNNNNNNNNNNNNNNNNNNNNNNNNNNNNNNNNNNNNNNNNNNNNNNNNNNdoNNNNNNNNNNNNNohdmNNNNNNNNNNNNNNNNNNNm+mNNNNNNNNNNNNNNNNNNNNNNNNNNNNNNNNNNNNNNNNNNNNNNNNNNNNNNNNNNNNNNNNNNNNNNNNNNNNNNNNNNNNNNNNNNNNNNNNNNNNNNNNNNNNNNNmmNmmmmmdyyyymNmdyoyhyhyhdyshdmNmNNNNNNNNNmmmmmmmmmmNmmmmmmmmmmmmmmmmmmmmmNm
NNNNNNNNNNNNNNNNNNNNNNNNNNNNNNNNNNNNNNNNNNNNNNNNNNNNNNNNNNNNNNNNNNNNNNNNNNNNNNNNNNNNNNNNNNNNNNNNNNNNNNNNNNNNNNNNNNNNNNNNNNNNNNNNNNNNNNNNNNNNNNNNNNNNNNNNNNNNNNNNNNNNNNNNNNNNNNNNNNNNNNNNNNNNNNNNNNNNNNNNNNNNNNNNNNNNNNNNNNNNNNNNNNNNNNNNNNNNNNNNNNNNNNNNNNNNNNNNNNNNNNNNNNNNNNNNNmNNNNNNNNNNNNNh+-+mNNNNNNNNddNNNNNNNNNNNNNNNNNNNNNNNNNNNNNNNNNNNNNNNNNNNNNNNNNNNNNNNNNNNNNNNNNNNNNNNNNNNNNNNNNNNNNNNNNNNNNNNNNNNNNNNNNNNNNNNNNNNNNmNmNmmmmmmmdhyyhdddmmdysdhdhyoo+sdmmmmNNNNNNNNNmmmmmmmmmmmmmmmmmmmmmmmmmmmmmmNmNN
NNNNNNNNNNNNNNNNNNNNNNNNNNNNNNNNNNNNNNNNNNNNNNNNNNNNNNNNNNNNNNNNNNNNNNNNNNNNNNNNNNNNNNNNNNNNNNNNNNNNNNNNNNNNNNNNNNNNNNNNNNNNNNNNNNNNNNNNNNNNNNNNNNNNNNNNNNNNNNNNNNNNNNNNNNNNNNNNNNNNNNNNNNNNNNNNNNNNNNNNNNNNNNNNNNNNNNNNNNNNNNNNNNNNNNNNNNNNNNNNNNNNNNNNNNNNNNNNNNNNNNNNNNNNNNNNNNNNNNNNNNNNNNNNmhsmNNNNNNNNmydNNNNNNNNNNNNNNNNNNNNNNNNNNNNNNNNNNNNNNNNNNNNNNNNNNNNNNNNNNNNNNNNNNNNNNNNNNNNNNNNNNNNNNNNNNNNNNNNNNNNNNNNNNNNNNNNNNNmmmmmNmmmdhssysshhyyhyyshdddhoooohmmNmmmNNNNNNNmmmmmmmmmmmmmmmmNmmmmmmmmmmmmmmNmNm
NNNNNNNNNNNNNNNNNNNNNNNNNNNNNNNNNNNNNNNNNNNNNNNNNNNNNNNNNNNNNNNNNNNNNNNNNNNNNNNNNNNNNNNNNNNNNNNNNNNNNNNNNNNNNNNNNNNNNNNNNNNNNNNNNNNNNNNNNNNNNNNNNNNNNNNNNNNNNNNNNNNNNNNNNNNNNNNNNNNNNNNNNNNNNNNNNNNNNNNNNNNNNNNNNNNNNNNNNNNNNNNNNNNNNNNNNNNNNNohNNNNNNNNNNNNNNNNNNNm/sNNNNNNNNNNNNNNNNNNNNNNNNNNNNmNNNNNNNNNN/:mNNNNNNNNNNNNNNNNNNNNNNNNNNNNNNNNNNNNNNNNNNNNNNNNNNNNNNNNNNNNNNNNNNNNNNNNNNNNNNNNNNNNNNNNNNNNNNNNNNNNNNNNNNNNNNNNmmmmmmmmdhso/+shyoosssssyddhhyoshhdmmNmNNNNNNNNNNNmmmmmmmmmmmmmmmmmmmmmmmmmmmmmmmmmm
NNNNNNNNNNNNNNNNNNNNNNNNNNNNNNNNNNNNNNNNNNNNNNNNNNNNNNNNNNNNNNNNNNNNNNNNNNNNNNNNNNNNNNNNNNNNNNNNNNNNNNNNNNNNNNNNNNNNNNNNNNNNNNNNNNNNNNNNNNNNNNNNNNNNNNNNNNNNNNNNNNNNNNNNNNNNNNNNNNNNNNNNNNNNNNNNNNNNNNNNNNNNNNNNNNNNNNNNNNNNNNNNNNm:mNNNNNNNNNh:mNNNNNNNNNNNNNNNNNNm:+NNNNNNNNNNNh/ydNNNNNNNNNNNNNNNNNNNNNNNNdoNNNNNNNNNNNNNNNNNNNNNNNNNNNNNNNNNNNNNNNNNNNNNNNNNNNNNNNNNNNNNNNNNNNNNNNNNNNNNNNNNNNNNNNNNNNNNNNNNNNNNNNNNNNNNNmmmmddmdsoys//:++shysyossyyhhhyssyhdmmNmNNNmNNNNNNNNmmmmmmmmmmmmmmmmmmmmmmmmmmmmmNNmNNm
NNNNNNNNNNNNNNNNNNNNNNNNNNNNNNNNNNNNNNNNNNNNNNNNNNNNNNNNNNNNNNNNNNNNNNNNNNNNNNNNNNNNNNNNNNNNNNNNNNNNNNNNNNNNNNNNNNNNNNNNNNNNNNNNNNNNNNNNNNNNNNNNNNNNNNNNNNNNNNNNNNNNNNNNNNNNNNNNNNNNNNNNNNNNNNNNNNNNNNNNNNNNNNNNNNNNNNNNNNNNNNNNNNN+mNNNNNNNNNNdNNNNNNNNNNNNNNNNNNNNmmNNNNNNNNNNNms:sNNNNNNNNNNNNNNNNNNNNNNNNNmNNNNNNNNNNNNNNNNNNNNNNNNNNNNNNNNNNNNNNNNNNNNNNNNNNNNNNNNNNNNNNNNNNNNNNNNNNNNNNNNNNNNNNNNNNNNNNNNNNNNNNNNNNNmmmmmmmmdys+yyysoooooososoooosyyyosyhdmmmmmNmNmNNNNNNNNmmmmmmmmmmmmmmmmmmmmmmmmmmmmmNmNNNm
NNNNNNNNNNNNNNNNNNNNNNNNNNNNNNNNNNNNNNNNNNNNNNNNNNNNNNNNNNNNNNNNNNNNNNNNNNNNNNNNNNNNNNNNNNNNNNNNNNNNNNNNNNNNNNNNNNNNNNNNNNNNNNNNNNNNNNNNNNNNNNNNNNNNNNNNNNNNNNNNNNNNNNNNNNNNNNNNNNNNNNNNNNNNNNNNNNNNNNNNNNNNNNNNNNNNNNNNNNNNNNNNNNNNNNNNNNNNNNNNNNNNNNNNNNNNNNNNNNNNNNNNNNNNNNNNNNNmdNNNNNNNNNNNNNNNNNNNNNNNNNNNNNNNNNNNNNNNNNNNNNNNNNNNNNNNNNNNNNNNNNNNNNNNNNNNNNNNNNNNNNNNNNNNNNNNNNNNNNNNNNNNNNNNNNNNNNmNmNNNNNNmmmmmmmmmmmmmmmhhmdmdddddhhyysyyyysssssssyhmmmmNNNNNNNNNNNNNNmmmmmmmmmmmmmmmmmmmmmmmmmmmmmmmmNNNm
NNNNNNNNNNNNNNNNNNNNNNNNNNNNNNNNNNNNNNNNNNNNNNNNNNNNNNNNNNNNNNNNNNNNNNNNNNNNNNNNNNNNNNNNNNNNNNNNNNNNNNNNNNNNNNNNNNNNNNNNNNNNNNNNNNNNNNNNNNNNNNNNNNNNNNNNNNNNNNNNNNNNNNNNNNNNNNNNNNNNNNNNNNNNNNNNNNNNNNNNNNNNNNNNNNNNNNNNNNNNNNNNNNNNNNNNNNNNNNNNNNNNNNNNNNNNNNNNNNNNNNNNNNNNNNNNNNNNmNNNNNNNNNNNNNNNNNNNNNNNNNNNNNNNNNNNNNNNNNNNNNNNNNNNNNNNNNNNNNNNNNNNNNNNNNNNNNNNNNNNNNNNNNNNNNNNNNNNNNNNNNNNNNNNNNNNNNNNNNNNNNNNmmmmmmmmmmmmmmmmmmmmmmmmmmdddddmddddhdyhmmmmmmNNNNNNNNNNNNNNmmmmmmmmmmmmmmmmmmmmmmmmmmmmmmNmNNNN
NNNNNNNNNNNNNNNNNNNNNNNNNNNNNNNNNNNNNNNNNNNNNNNNNNNNNNNNNNNNNNNNNNNNNNNNNNNNNNNNNNNNNNNNNNNNNNNNNNNNNNNNNNNNNNNNNNNNNNNNNNNNNNNNNNNNNNNNNNNNNNNNNNNNNNNNNNNNNNNNNNNNNNNNNNNNNNNNNNNNNNNNNNNNNNNNNNNNNNNNNNNNNNNNNNNNNNNNNNNNNNNNNNNNNNNNNNNNNNNNNNNNNNNNNNNNNNNNNNNNNNNNNNNNNNNNNNNNNNNNNNNNNNNNNNNNNNNNNNNNNNNNNNNNNNNNNNNNNNNNNNNNNNNNNNNNNNNNNNNNNNNNNNNNNNNNNNNNNNNNNNNNmmNmNmmmmNNNNNNNNNNNNNNNNNNNNNNNNNNNNNNNmNmmmmmmmmmmmNmmmmmmmmmmmmmmmmmNNNNmmmmmmmmmmNNNNNNNNNNNNmmmmmmmmmmmmmmmmmmmmmmmmmmmmmmmmmmmmNNN
NNNNNNNNNNNNNNNNNNNNNNNNNNNNNNNNNNNNNNNNNNNNNNNNNNNNNNNNNNNNNNNNNNNNNNNNNNNNNNNNNNNNNNNNNNNNNNNNNNNNNNNNNNNNNNNNNNNNNNNNNNNNNNNNNNNNNNNNNNNNNNNNNNNNNNNNNNNNNNNNNNNNNNNNNNNNNNNNNNNNNNNNNNNNNNNNNNNNNNNNNNNNNNNNNNNNNNNNNNNNNNNNNNNNNNNNNNNNNNNNNNNNNNNNNNNNNNNNNNNNNNNNNNNNNNNNNNNNNNNNNNNNNN/mNNNNNNNNNNNNNNNNNNNNNNNNNNNNNNNNNNNNNNNNNNNNNNNNNNNNNNNNNNNNNNNNNNNNNNNmmmmmmmmmmmdmmNNNNNNNNNNNNNNNNNNNNNNNNmNNNNNNNNmmNmmmmmmmmNmmmmmmmmmmNmmmmNNNNNNmNmmmmNmNNNNNNNNNNNNNNmmmmmmmmmmmmmmmmmmmmmmmmmmmmmmNmmmmmNNN
NNNNNNNNNNNNNNNNNNNNNNNNNNNNNNNNNNNNNNNNNNNNNNNNNNNNNNNNNNNNNNNNNNNNNNNNNNNNNNNNNNNNNNNNNNNNNNNNNNNNNNNNNNNNNNNNNNNNNNNNNNNNNNNNNNNNNNNNNNNNNNNNNNNNNNNNNNNNNNNNNNNNNNNNNNNNNNNNNNNNNNNNNNNNNNNNNNNNNNNNNNNNNNNNNNNNNNNNNNNNNNNNNNNNNNNNNNNNNNNNNNNNNNNNNNNNNNNNNNNNNNNNNNNNNNNNNNNNNNNNNNNNNNoNNNNNNNNNNNNNNNNNNNNNNNNNNNNNNNNNNNNNNNNNNNNNNNNNNNNNNNNNNNNNNNNNNNNNNNNmmmmmmmmmmmmNNNNNNNNNNNNNNNNNNNNNNNNNNNNNNNNNNNNNNNmmmmmmNNNNNNNmNNmNmNmNNNNNNNNNNmmNmNmNNNNNNNNNNNNmmmmmmmmmmmmmmmmmmmmmmmmmmmmmmmmNNmmmmmNm
NNNNNNNNNNNNNNNNNNNNNNNNNNNNNNNNNNNNNNNNNNNNNNNNNNNNNNNNNNNNNNNNNNNNNNNNNNNNNNNNNNNNNNNNNNNNNNNNNNNNNNNNNNNNNNNNNNNNNNNNNNNNNNNNNNNNNNNNNNNNNNNNNNNNNNNNNNNNNNNNNNNNNNNNNNNNNNNNNNNNNNNNNNmNNNNNNNNNNNNNNNNNNNNNNNNNNNNNNNNNNNNNNNNNNNNNNNNNNNNNNNNNNNNNNNNNNNNNNNNN+smNNNNNNNNNNNNNNNNNNNNNNNNNNNNNNNNNNNNNNNNNNNNNNNNNNNNNNNNNNNNNNNNNNNNNNNNNNNNNNNNNNNNNNNNNNmmmNmmmNNNNNmNmNNNNNNNNNNNNNNNNNNNNNNNNNNNNNNNNNNNNNNNNNNNNNNNNNNNNNNNNNNNNNNNNNNNNNNNNNNNNNNNNmNNNNNNNNNNmmmmmmmmmmmmmmmmmmmmmmmmmmmmmmmmmmmmNNNNm
NNNNNNNNNNNNNNNNNNNNNNNNNNNNNNNNNNNNNNNNNNNNNNNNNNNNNNNNNNNNNNNNNNNNNNNNNNNNNNNNNNNNNNNNNNNNNNNNNNNNNNNNNNNNNNNNNNNNNNNNNNNNNNNNNNNNNNNNNNNNNNNNNNNNNNNNNNNNNNNNNNNNNNNNNNNNNNNNNNNNNNNNNNNNNNNNNNNNNNNNNNNNNNNNNNNNNNNNNNNNNNNNNNNNNNNNNNNNNNNNNNNNNNNNNNNNNNNNNNNNh:mNNNNNNNNNNNNNNNNNNNNNNNNNNNNNNNNNNNNNNNNNNNNNNNNNNNNNNNNNNNNNNNNNNNNNNNNNNNNNNNNNNNNNNNNNNNNNNNNNNNNNNNNNNNNNNNNNNNNNNNNNNNNNNNNNNNNNNNNNNNNNNNNNNNNNNNNNNNNNNNNNNNNNNNNNNNNNNNNNNNNNmmNNmmmNNNNNNNNmmmmmmmmmmmmmmmmmmmmmmmmmmmmmmmmmmmmmNNNN
NNNNNNNNNNNNNNNNNNNNNNNNNNNNNNNNNNNNNNNNNNNNNNNNNNNNNNNNNNNNNNNNNNNNNNNNNNNNNNNNNNNNNNNNNNNNNNNNNNNNNNNNNNNNNNNNNNNNNNNNNNNNNNNNNNNNNNNNNNNNNNNNNNNNNNNNNNNNNNNNNNNNNNNNNNNNNNNNNNNNNNNNNNNNNNNNNNNNNNNNNNNNNNNNNNNNNNNNNNNNNNNNNNNNNNNNNNNNNNNNNNNNNNNNNNNNNNNNNNNNNmNNNNNNNNNNNNNNNNNNNNNNNNNNNNNNNNNNNNNNNNNNNNNNNNNNNNNNNNNNNNNNNNNNNNNNNNNNNNNNNNNNNNNNNNNNNNNNNNNNNNNNNNNNNNNNNNNNNNNNNNNNNNNNNNNNNNNNNNNNNNNmNNNNNNmmNNNNNNNNNNNNNNNNNNNNNNNNNNNNNNNmmNmmmmNNNNNNNNNNmmmmmmmmmmmmmmmmmmmmmmmmmmmmmmmmmmmmNNNN
NNNNNNNNNNNNNNNNNNNNNNNNNNNNNNNNNNNNNNNNNNNNNNNNNNNNNNNNNNNNNNNNNNNNNNNNNNNNNNNNNNNNNNNNNNNNNNNNNNNNNNNNNNNNNNNNNNNNNNNNNNNNNNNNNNNNNNNNNNNNNNNNNNNNNNNNNNNNNNNNNNNNNNNNNNNNNNNNNNNNNNNNNNNNNNNNNNNNNNNNNNNNNNNNNNNNNNNNNNNNNNNNNNNNNNNNNNNNNNNNNNNNNNNNNNNNNNNNNNNNNNNNNNNNNNNNNNNNNNNNNNNNNNNNNNNNNNNNNNNNNNNNNNNNNNNNNNNNNNNNNNNNNNNNNNNNNNNNNNNNNNNNNNNNNNNNNNNNNNNNNNNNNNNNNNNNmNNNNNNNNNNNNNNNNNNmmNNmmNNNNNNNNNNNNNNNNNNNNNNNNNNNNNNNNNNNmNmNNNNNNNNNmmmmmmmNNNNNNNNmmmmmmmmmmmmmmmmmmmmmmmmmmmmmmmmmmmmmNNNm
NNNNNNNNNNNNNNNNNNNNNNNNNNNNNNNNNNNNNNNNNNNNNNNNNNNNNNNNNNNNNNNNNNNNNNNNNNNNNNNNNNNNNNNNNNNNNNNNNNNNNNNNNNNNNNNNNNNNNNNNNNNNNNNNNNNNNNNNNNNNNNNNNNNNNNNNNNNNNNNNNNNNNNNNNNNNNNNNNNNNNNNNNNNNNNNNNNNNNNNNNNNNNNNNNNNNNNNNNNNNNNNNNNNNNNNNNNNNNNmNNNNNNNNNNNNNNNNNNNNNNNNNNNNNNNNNNNNNNNNNNNNNNNNNNNNNNNNNNNNNNNNNNNNNNNNNNNNNNNNNNNNNNNNNNNNNNNNNNNNNNNNNNNNNNNNNNNNNNNNNNNNNNNNNNNmNmNNNNNNNNNNNNNNmmmmmmNNmmmmmmmmNNNNNNNNNNNNNNNNNNNNNNNNNNNNmmmmmmmNNNNNNNNmmmmNNNNNNNNNmmmmmmmmmmmmmmmmmmmmmmmmmmmmmmmmmmmmNNmNN
NNNNNNNNNNNNNNNNNNNNNNNNNNNNNNNNNNNNNNNNNNNNNNNNNNNNNNNNNNNNNNNNNNNNNNNNNNNNNNNNNNNNNNNNNNNNNNNNNNNNNNNNNNNNNNNNNNNNNNNNNNNNNNNNNNNNNNNNNNNNNNNNNNNNNNNNNNNNNNNNNNNNNNNNNNNNNNNNNNNNNNNNNNNNNNNNNNNNNNNNNNNNNNNNNNNNNNNNNNNNNNNNNNNNNNNNNNNNNNyyNNNNNNNNNNNNNNNNNNNNNNNNNNNNNNNNNNNNNNNNNNNNNNNNNNNNNNNNNNNNNNNNNNNNNNNNNNNNNNNNNNNNNNNNNNNNNNNNNNNNNNNNNNNNNNNNNNNNNNNNNNNmNNmNNNNNNNNNNNNNNNmNmmmmmmmmmmmmmmmmmNmmmmNNNmNNNNNNNNNNNNNNNNNmmmmmNmmmNmNNNNNNNmNmmNNNNNNNNNNmmmmmmmmmNmmmmmmmmmmmmmmmNNNmmmmmmmNNmNmN
NMNNNNNNNNNNNNNNNNNNNNNNNNNNNNNNNNNNNNNNNNNNNNNNNNNNNNNNNNNNNNNNNNNNNNNNNNNNNNNNNNNNNNNNNNNNNNNNNNNNNNNNNNNNNNNNNNNNNNNNNNNNNNNNNNNNNNNNNNNNNNNNNNNNNNNNNNNNNNNNNNNNNNNNNNNNNNNNNNNNNNNNNNNNNNNNNNNNNNNNNNNNNNNNNNNNNNNNNNNNNNNNNNNNNNNNNNNNNNNyNNNNNNNNNNNNNNNNNNNNNNNNNNNNNNNNNNNNNNNNNNNNNNNNNNNNNNNNNNNNNNNNNNNNNNNNNNNNNNNNNNNNNNNNNNNNNNNNNNNNNNNNNNNNNNNNNNNNNNNmNNNmNNNNmNNNNNNNNNNmNNmNmmmmmmmmmmmmmmmmmmmmmmNmNmmmNNNNNNNNNNNNNNNNmmmmmNmmNmNNNNNNNNNNNNNNNNNNNNNNNNmmmmmmmmmmmmmmmmmmmmmNNmmmmmNNNNNmNNmm
NNNNNNNNNNNNNNNNNNNNNNNNNNNNNNNNNNNNNNNNNNNNNNNNNNNNNNNNNNNNNNNNNNNNNNNNNNNNNNNNNNNNNNNNNNNNNNNNNNNNNNNNNNNNNNNNNNNNNNNNNNNNNNNNNNNNNNNNNNNNNNNNNNNNNNNNNNNNNNNNNNNNNNNNNNNNNNNNNNNNNNNNNNNNNNNNNNNNNNNNNNNNNNNNNNNNNNNNNNNNNNNNNNNNNNNNNNNNNNNNNNNNNNNNNNNNNNNNNNNNNNNNNNNNNNNNNNNNNNNNNNNNNNNNNNNNNNNNNNNNNNNNNNNNNNNNNNNNNNNNNNNNNNNNNNNNNNNNNNNNNNNNNNNNNNNNNNmNNNNNNNNNNNNNNmNNNmmNmmmmmmmmmmmmmmmmmmmmmmmmmmmmmmmmmmmmmmmmmmmmmmmmmmmmmmmmmmmmNmNNNNNNNNNNNNNNNNNNNNNNmmmmmmmNmmmmmNmNmmNNmmmNmmmmmNNmmNNmNmmN
NNNNNNNNNNNNNNNNNNNNNNNNNNNNNNNNNNNNNNNNNNNNNNNNNNNNNNNNNNNNNNNNNNNNNNNNNNNNNNNNNNNNNNNNNNNNNNNNNNNNNNNNNNNNNNNNNNNNNNNNNNNNNNNNNNNNNNNNNNNNNNNNNNNNNNNNNNNNNNNNNNNNNNNNNNNNNNNNNNNNNNNNNNNNNNNNNNNNNNNNNNNNNNNNNNNNNNNNNNNNNNNNNNNNNNNNNNNNNNNNNNNNNNNNNNNNNNNNNNNNNNNNNNNNNNNNNNNNNNNNNNNNNNNNNNNNNNNNNNNNNNNNNNNNNNNNNNNNNNNNNNNNNNNNNNNNNNNNNNNNNNNNNNNNNNNNNNNNNNNNNNNNNNNNmmNmmmmmmmmmmmmmmmmmmmmmmmmmmmmmmmmmmmmmmmmmmmmmmmmmmmmmNmmmNmmmmNNNNNNNNNNNNNNNNNNNNNNNNNNNNmmmNmmNmmmmmmNNmmNmmmNmNmmmmmmNmNNNmmNm
NNNNNNNNNNNNNNNNNNNNNNNNNNNNNNNNNNNNNNNNNNNNNNNNNNNNNNNNNNNNNNNNNNNNNNNNNNNNNNNNNNNNNNNNNNNNNNNNNNNNNNNNNNNNNNNNNNNNNNNNNNNNNNNNNNNNNNNNNNNNNNNNNNNNNNNNNNNNNNNNNNNNNNNNNNNNNNNNNNNNNNNNNNNNNNNNNNNNNNNNNNNNNNNNNNNNNNNNNNNNNNNNNNNNNNNNNNNNNNNNNNNNNNNNNNNNNNNNNNNNNNNNNNNNNNNNNNNNNNNNNNNNNNNNNNNNNNNNNNNNNNNNNNNNNNNNNNNNNNNNNNNNNNNNNNNNNNNNNNNNNNNNNmNNNNNNNNNNNNNNNNNNNNmmNmmmmmmmmmmmmmmmmmmmmmmmmmmmmmmmmmmmmmmmmmmNmmmmmmmmmmmmmmmmmmNmmmmmmNNNNNNNNNNNNNNNNNNNNNNNNmNmmmNmmmNNmmmmmNNNNNNNNmmmmmmNmNmmNmmN
NMNNNNNNNNNNNNNNNNNNNNNNNNNNNNNNNNNNNNNNNNNNNNNNNNNNNNNNNNNNNNNNNNNNNNNNNNNNNNNNNNNNNNNNNNNNNNNNNNNNNNNNNNNNNNNNNNNNNNNNNNNNNNNNNNNNNNNNNNNNNNNNNNNNNNNNNNNNNNNNNNNNNNNNNNNNNNNNNNNNNNNNNNNNNNNNNNNNNNNNNNNNNNNNNNNNNNNNNNNNNNNNNNNNNNNNNNNNNNNNNNNNNNNNNNNNNNNNNNNNNNNNNNNNNNNNNNNNNNNNNNNNNNNNNNNNNNNNNNNNNNNNNNNNNNNNNNNNNNNNNNNNNNNNNNNNNNNNNNNNNNNNNNNNNNNNNNNNNNNNNNmmmmmmmmmmmmmmmmmmmmmmmmmmmmmmmmmmmmmmmmmmmmmmmmmmmmmmmmmmmmmmmmmmmmmmmNNNmNNNNNNNNNNNNNNNNNNNNNNNmNNNmmmNmmmmmNmNNNNmmNmNmmNmmmmmmmmmmmmN
NNNNNNNNNNNNNNNNNNNNNNNNNNNNNNNNNNNNNNNNNNNNNNNNNNNNNNNNNNNNNNNNNNNNNNNNNNNNNNNNNNNNNNNNNNNNNNNNNNNNNNNNNNNNNNNNNNNNNNNNNNNNNNNNNNNNNNNNNNNNNNNNNNNNNNNNNNNNNNNNNNNNNNNNNNNNNNNNNNNNNNNNNNNNNNNNNNNNNNNNNNNNNNNNNNNNNNNNNNNNNNNNNNNNNNNNNNNNNNNNNNNNNNNNNNNNNNNNNNNNNNNNNNNNNNNNNNNNNNNNNNNNNNNNNNNNNNNNNNNNNNNNNNNNNNNNNNNNNNNNNNNNNNNNNNNNNNNNNNNNNNNNNNNNNNNNNNNNmmmmmmmmmmmmmmmmmmmmmmmmmmmmmmmmmmmmmmmmmmmmmmmmmmmmmmmmmmmmmmmmmmmmmmmmmmmmmmmmmNNNNNNNNNNNNNNNNNNNNNNmmNNNmNNmmmNmmNmmNNNmNmmmNNNmmNmmmmmmmmmm
NNNNNNNNNNNNNNNNNNNNNNNNNNNNNNNNNNNNNNNNNNNNNNNNNNNNNNNNNNNNNNNNNNNNNNNNNNNNNNNNNNNNNNNNNNNNNNNNNNNNNNNNNNNNNNNNNNNNNNNNNNNNNNNNNNNNNNNNNNNNNNNNNNNNNNNNNNNNNNNNNNNNNNNNNNNNNNNNNNNNNNNNNNNNNNNNNNNNNNNNNNNNNNNNNNNNNNNNNNNNNNNNNNNNNNNNNNNNNNNNNNNNNNNNNNNNNNNNNNNNNNNNNNNNNNNNNNNNNNNNNNNNNNNNNNNNNNNNNNNNNNNNNNNNNNNNNNNNNNNNNNNNNNNNNNNNNNNNNNNNNNNNmNNNNNmNmmmmmmmmmmmmmmmmmmmmmmmmmmmmmmmmmmmmmmmmmmmmmmmmmmmmmmmmmmmmmmmmmmmmmmmmmmmmmmmmmmmmmmmNNmNNNNNmNNNNNNNNNNNNNNNmNNNmNmNmmmNmmmmmmmmNNNmNmmNmmmmmmmmm
NNNNNNNNNNNNNNNNNNNNNNNNNNNNNNNNNNNNNNNNNNNNNNNNNNNNNNNNNNNNNNNNNNNNNNNNNNNNNNNNNNNNNNMNNNNNNNNNNNNNNNNNNNNMNNNNNNNNNNNNNNNNNNNNNNNNNNNNNNNNNNNNNNNNNNNNNNNNNNNNNNNNNNNNNNNNNNNNNNNNNNNNNNNNNNNNNNNNNNNNNNNNNNNNNNNNNNNNNNNNNNNNNNNNNNNNNNNNNNNNNNNNNNNNNNNNNNNNNNNNNNNNNNNNNNNNNNNNNNNNNNNNNNNNNNNNNNNNNNNNNNNNNNNNNNNNNNNNNNNNNNNNmNNNNNNNNNNNNNNNmNNmmmmmmmmmmmmmmmmmmmmmmmmmmmmmmmmmmmmmmmmmmmmmmmmmmmmmmNmmmmmmmmmmmmmmmmmmmmmmmmmNmNmmmmmmmmmmmmmmmmNNmmNNmmNmNmNmmmNNNNNmmmmmmmmmNmmmmmmNmmmmmNNmmNNmmmmmmmmm
NNNNNNNNNNNNNNNNNNNNNNNNNNNNNNNNNNNNNNNNNNNNNNNNNNNNNNNNNNNNNNNNNNNNNNNNNNNNNNNNNNNNNNNNNNNNNNNNNNNNNNNNNNNNNNNNNNNNNNNNNNNNNNNNNNNNNNNNNNNNNNNNNNNNNNNNNNNNNNNNNNNNNNNNNNNNNNNNNNNNNNNNNNNNNNNNNNNNNNNNNNNNNNNNNNNNNNNNNNNNNNNNNNNNNNNNNNNNNNNNNNNNNNNNNNNNNNNNNNNNNNNNNNNNNNNNNNNNNNNNNNNNNNNNNNNNNNNNNNNNNNNNNNNNNNNNNNNNNNNNNmhsohmNNNNNNNNNNNNNmmmmmmmmmmmmmmmmmmmmmmmmmmmmmmmmmmmmmmmmmmmmmmmmmmmmmmmmmmmmmmmmmmmmmmmmmNmmmNmmmmmNmNNmmmmmmmmmmmmmmmmNNNNNmNNNmNNmmmNmNmNmNmmmmNmmNmmmmmmmmmmmNmmmmNmNmmmmmmmm
NNNNNN####NNNNNNNNNNNNNNNNNNNNNNNNNNNNNNNNNNNNNNNNNNNNNNNNNNNNNNNNNNNNNNNNNNNNNNNNNNNNNNNNNNNNNNNNNNNNNNNNNNNNNNNNNNNNNNNNNNNNNNNNNNNNNNNNNNNNNNNNNNNNNNNNNNNNNNNNNNNNNNNNNNNNNNNNNNNNNNNNNNNNNNNNNNNNNNNNNNNNNNNNNNNNNNNNNNNNNNNNNNNNNNNNNNNNNNNNNNNNNNNNNNNNNNNNNNNNNNNNNNNNNNNNNNNNNNNNNNNNNNNNNNNNNNNNNNNNNNNNNNNNNNNNNNNNNNhs//oymmmNNNNNNNNNNmNmmmmmmmmmmmmmmmmmmmmmmmmmmmmmmmmmmmmmmmmmmmmmmmNmmmmmmmmmmmmmmmmmmmmmmmmmmmmmmmmmmmmmNmmmmmmNmmmmmmmmmmmmNNNNNmNNNmNmmmmmNmmNNNNNmmNmmmmmmmmmmmNmNmNmmNmmmmmmmm
NNNNNNNmmNNNNNNNNNNNNNNNNNNNNNNNNNNNNNNNNNNNNNNNNNNNNNNNNNNNNNNNNNNNNNNNNNNNNNMMNNNNNNNNNNNNNNNNNNNNNNNNNNNNNNNNNNNNNNNNNNNNNNNNNNNNNNNNNNNNNNNNNNNNNNNNNNNNNNNNNNNNNNNNNNNNNNNNNNNNNNNNNNNNNNNNNNNNNNNNNNNNNNNNNNNNNNNNNNNNNNNNNNNNNNNNNNNNNNNNNNNNNNNNNNNNNNNNNNNNNNNNNNNNNNNNNNNNNNNNNNNNNNNNNNNNNNNNNNNNNNNNNNNNNNNNNNNNNNNmdyydmmmmmmmNNNNNNNmmmmmNmmmmmmmmmmmmmmmmmmmmmmmmmmmmmmmmmmmmmmmmmmmmmmmmmmmmmmmmmmmmmmmmmmmmmmmmmmmmmmmmNmmmmmmmmmmNNmmNNNmmNmNNNmNNmNmmmmNmmmmmmNmmmmNmNNNmmmmmmmNmmNmmNmmmmmmmmmmm
NNNNNNNNNNNNNNNNNNNNNNNNNNNNNNNNNNNNNNNNNMNNNNNNNNNNNNNNNNNNNNNNNNNNNNNNNNNNNNNNNNNNNNNNNNNNNNNNNNNNNNNNNNNNNNNNNNNNNNNNNNNNNNNNNNNNNNNNNNNNNNNNNNNNNNNNNNNNNNNNNNNNNNNNNNNNNNNNNNNNNNNNNNNNNNNNNNNNNNNNNNNNNNNNNNNNNNNNNNNNNNNNNNNNNNNNNNNNNNNNNNNNNNNNNNNNNNNNNNNNNNNNNNNNNNNNNNNNNNNNNNNNNNNNNNNNNNNNNNNNNNNNNNNNNNNNNNNNNNNNmmNmNmmmmmmmmmmNmmmmmmmmmmmmmmmmmmmmmmmmmmmmmmmmmmmmmmmmmmmmmmmmmmmmmmmmmmmmmmmmmmmmmmmmmmmmmmmmmmmmmmNmmmmmmmNmNmNmmmmmNNNNmNNNNNNmmNNmmmNNNmmmmmmmmmmmmmNmmmmmmmmmNmmmmmmNmmmmmmmm
NNNNNNNNNNNNNNNNNNNNNNNNNNNNNNNNNNNMNNNNNNNNNNMNNNNNNNNNNNMNNNNNNNNNNNNNNNNNNNNNNNNNNNNNNNNNNNNNNNNNNNNNNNNNNNNNNNNNNNNNNNNNNNNNNNNNNNNNNNNNNNNNNNNNNNNNNNNNNNNNNNNNNNNNNNNNNNNNNNNNNNNNNNNNNNNNNNNNNNNNNNNNNNNNNNNNNNNNNNNNNNNNNNNNNNNNNNNNNNNNNNNNNNNNNNNNNNNNNNNNNNNNNNNNNNNNNNNNNNNNNNNNNNNNNNNNNNNNNNNNNNNNNNNNNNNNNNNNNNmNmmNmNNmmmmmmmNmmmmmmNmmmmmmmmmmmmmmmmmmmmmmmmmmmmmmmmmmmmmmmmmmmmmmmmmmmmmmmmmNmmmmmmmmmmmmmmNmmmmmmmmmmmmmmmmmmNmmmmmNmNNNmmmmmmmmmmmNmmmNmmmmNmmmmmmmmmmNmNmmmmNmmmmmmmmNmmNmmNmmm
NNNNNNNNNNNMNNNNNNNNNNNNNNNNNNNNNNNNNNNNNNNNNNNNNNNNNNNNNNNNNNNNNNNNNNNNNNNNNNNNNNNNNNNNNNNNNNNNNNNNNNNNNNNNNNNNNNNNNNNNNNNNNNNNNNNNNNNNNNNNNNNNNNNNNNNNNNNNNNNNNNNNNNNNNNNNNNNNNNNNNNNNNNNNNNNNNNNNNNNNNNNNNNNNNNNNNNNNNNNNNNNNNNNNNNNNNNNNNNNNNNNNNNNNNNNNNNNNNNNNNNNNNNNNNNNNNNNNNNNNNNNNNNNNNmNNmNNNNNNNNNNNNNNNNNNNNNNNNNNmmNmmmmmmmmmmmmmmmmmNNmmmmmmmmmmmmmmmmmmmmmmmmmmmmmmmmmmmmmmmmmmmmmmmmmmmmmmmmmmmmmmmmmmmmmmmmmNmmmmmmmmmmmmmNmmmmmmmNmNmNmmmmmmmmmmmmmmmmmNmNmmmmmNmmmmmmNmNNmNmNmmmmmmmmmmmmNmNmmNm
NNNNNNNNNNNNNNNNNNNNNNNNNNNNNNNNNNNNNNNNNNNNNNNNNNNNNNNNNNNNNNNNNNNNNNNNNNNNNNNNNNNNNNNNNNNNNNNNNNNNNNNNNNNNNNNNNNNNNNNNNNNNNNNNNNNNNNNNNNNNNNNNNNNNNNNNNNNNNNNNNNNNNNNNNNNNNNNNNNNNNNNNNNNNNNNNNNNNNNNNNNNNNNNNNNNNNNNNNNNNNNNNNNNNNNNNNNNNNNNNNNNNNNNNNNNNNNNNNNNNNNNNNNNNNNNNNNNNNNNNNNNNNNNNNmmmNNNNNNNNNNNNNNNNNNNNNNNNNNNmmNNNNNmmNNmmmmmmmmmmmmmmmmmmmmmmmmmmmmmmmmmmmmmmmmmmmmmmmmmmmmmmmmmmmmmmmmmmmmmmmmmmmmmmmmmmmmmmmmmmNmmmmmmmmmmmmmmmmmmmmmmmmmmmmmmmmmmmmmmmNmmmmmmmNmmmmmmmmmNNmmmmmmmmmNmmmmmmmmmm
NNNNNNNNNNNNNNNNNNNNNNNNNNNNNNNNNNNNNNNNNNNNNNNNNNNNNNNNNNNNNNNNNNNNNNNNNNNNNNNNNNNNNNNNNNNNNNNNNNNNNNNNNNNNNNNNNNNNNNNNNNNNNNNNNNNNNNNNNNNNNNNNNNNNNNNNNNNNNNNNNNNNNNNNNNNNNNNNNNNNNNNNNNNNNNNNNNNNNNNNNNNNNNNNNNNNNNNNNNNNNNNNNNNNNNNNNNNNNNNNNNNNNNNNNNNNNNNNNNNNNNNNmddmmmmmmmNNNNNNNNNNNmmmmmmNmNNNNNNNNNNNNNNNNNNNNNNNNNNmNmNNNNmNNNNmmmmmmmmNNNmmmmmmmmmmmmmmmmmmmmmmmmmmmmmmmmmmmmmmmmmmmmmNmmmmmmmmmmmmmmmmmmmmmmmmmmmmmmmmNmmmmmmmmmmmmmmmmmNmmNmmmmmmmmmmmmmmmmmNmmmmmmmmmmmmmmmmmmmmmNmmmmmmmmmmmmmmmmNN
NNNNNNNNNNNNNNNNNNNNNNNNNNNNNNNNNNNNNNNNNNNNNNNNNNNNNNNNNNNNNNNNNNNNNNNNNNNNNNNNNNNNNNNNNNNNNNNNNNNNNNNNNNNNNNNNNNNNNNNNNNNNNNNNNNNNNNNNNNNNNNNNNNNNNNNNNNNNNNNNNNNNNNNNNNNNNNNNNNNNNNNNNNNNNNNNNNNNNNNNNNNNNNNNNNNNNNNNNNNNNNNNNNNNNNNNNNNNNNNNNNNNNNNNNNNNNNNNNNNNNNmo///hmmmmhdmmNNmmNNNNmmmmmNmNNNNNNNNNNNNNNNNNNNNNNNNmmmmNmNmmNmmmNNmmNNNNmmmNNNmmmmmmmmmmmmmmmmmmmmmmmmmmmmmmmmmmmmmmmmmmmmmmmmmmmmmmmmmmmmmmmmmmmmmmmmmmmmmmmmmmmmmmmmmmmmmmmmmmNmmNmmmmmmmmmmmmmmmmmmmmmmmmmmmmmmmmNmmmmmmmmmmmmmmmmmNmmmmm
NNNNNNNNNNNNNNNNNNNNNNNNNNNNNNNNNNNNNNNNNNNNNNNNNNNNNNNNNNNNNNNNNNNNNNNNNNNNNNNNNNMNNNNNNNNNNNNNNNNNNNNNNNNMNNNNNNNNNNNNNNNNNNNNNNNNNNNNNNNNNNNNNNNNNNNNNNNNNNNNNNNNNNNNNNNNNNNNNNNNNNNNNNNNNNNNNNNNNNNNNNNNNNNNNNNNNNNNNNNNNNNNNNNNNNNNNNNNNNNNNNNNNNNNNNNNNNNNNNNNNmo-:/sdddho+hmmmmNmmmmNNmmmmmmNNNNNNNNNNNNNNNNNNNNNNNNNNNNmNNNNNNmmNNNNNNNmmmmmmmmmmmmmmmmmmmmmmmmmmmmmmmmmmmmmmmmmmmmmmmmmmmmmmmmmmmmmmmmmmmmmmmmmmmmmmmmmmmmmmmmmmmmmmmmmmmmmmmmmmmmNmmmmmmmmmmmmmmmmmmmmmmmmmmmmNmmmmmmmmmmmmmmmmmmmmNNmmmmN
NNNNNNNNNNNNNNNNNNNNNNNNNNNNNNNNNNNNNNNNNNNNNNNNNNNNNNNNNNNNNNNNNNNNNNNNNNNNNNNNNNNNNNNNNNNMNNNNNNNNNNNNNNNNNNNNNNNNNNNNNNNNNNNNNNNNNNNNNNNNNNNNNNNNNNNNNNNNNNNNNNNNNNNNNNNNNNNNNNNNNNNNNNNNNNNNNNNNNNNNNNNNNNNNNNNNNNNNNNNNNNNNNNNNNNNNNNNNNNNNNNNNNNNNNNNNNNNNNNNNmho+ohmhhs++sdmmmmmdddmmmmmmNmNNNNNNNNNNNNNNNNNNNNNNNNNNNNNNNNNNNNmmmNmmmmmmmmmmmmmmmmmmmmmmmmmmmmmmmmmmmmmmmmmmmmmmmmmmmmmmmmmmmmmmmmmmmmmmmmmmmmmmmmmmmmmmmmmmmmmmmmmmmmmmmmmmmmmmmmNmmmmmmmmmmmmmmmmmmmmmmmmmmmmmNmmmmmmmmmmmmmmmmmmmmNmmmmNm
NNNNNNNNNNNNNNNNNNNNNNNNNNNNNNNNNNNNMNNNNNNNNNNNMNNNNNNNNNNNNNNNNNNNNNNNMNNNNNNNNNNNNNNNNNNNNNNNNNNNNNNNNNNNNNNNNNNNNNNNNNNNNNNNNNNNNNNNNNNNNNNNNNNNNNNNNNNNNNNNNNNNNNNNNNNNNNNNNNNNNNNNNNNNNNNNNNNNNNNNNNNNNNNNNNNNNNNNNNNNNNNNNNNNNNNNNNNNNNNNNNNNNNNNNNNNNNNNNNNNmmddmmmds:+hmmmmmdsossyyhmmmmNNNNNNNNNNNNNNNNNNNNNNNNNNNNNNNNNNNNmmmmmmmmmmmmmmmmmmmmmmmmmmmmmmmmmmmmmmmmmmmmmmmmmmmmmmmmmmmmmmmmmmmmmmmmmmmmmmmmmmmmmmmmmmmmmmmmmmmmmmmmmmmmmmmmmmmmmmmmmmmmmmmmmmmmmmmmmmmmmmmNmmmmmmmmmmmmmmmmmmmmmmmmmmmmmmm
NNNNMMNNMNNNMNNNNNNNNNNNNNNNNNNNNNNNNNNNNNNNNNNNNNNNNNNNNNNNNNNNNNNNNNNNNNNNNNNNNNNNNNNNNNNNNNNNNNNNNNNNNNNNNNNNNNNNNNNNNNNNNNNNNNNNNNNNNNNNNNNNNNNNNNNNNNNNNNNNNNNNNNNNNNNNNNNNNNNNNNNNNNNNNNNNNNNNNNNNNNNNNNNNNNNNNNNNNNNNNNNNNNNNNNNNNNNNNNNNNNNNNNNNNNNNNNNNNNNNNmmmmmmmosdmmmNmmdyssso+sdmmmmNNNNNNNNNNNNNNNNNNNNNNNNNNNNmNNNNmmmmmmmmmmmmmmmmmmmmmmmmmmmmmmmmmmmmmmmmmmmmmmmmmmmmmmmmmmmmmmmmmmmmmmmmmmmmmmmmmmmmmmmmmmmmmmmmmmmmmmmmmmmmmmmmmmmmmmmmmmmmmmmmmmmmmmmmmmmmmmmmmmmmmNNmmmmmmmmmmmmmmmmmmmmmmNmmm
NNNNNNNNNNNNNNNNNNNNNNNNNNNNNNNNNNNNNNNNNNNNNNNNNNNNNNNNNNNNNNNNNNNNNNNNNNNNNNNNNNNNNNNNNNNNNNNNNNNNNNNNNNNNNNNNNNNMNNNNNNNNNNNNNNNNNNNNNNNNNNNNNNNNNNNNNNNNNNNNNNNNNNNNNNNNNNNNNNNNNNNNNNNNNNNNNNNNNNNNNNNNNNNNNNNNNNNNNNNNNNNNNNNNNNNNNNNNNNNNNNNNNNNNNNNNNNNNNNNNNNmmmmmmmmmNNNmmmNmNmmdddhhmmmmmNNNNNNNNNNNNNNNNNNNNNNNNmmmmmmmmmmmmmmmmmmmmmmmmmmmmmmmmmmmmmmmmmmmmmmmmmmmmmmmmmmmmmmmmmmmmmmmmmmmmmmmmmmmmmmmmmmmmmmmmmmmmmmmmmmmmmmmmmmmmmmmmmmmmmmmmmmmmmmmmmmmmmmmmmmmmmmmmmmmmmmmmmmmmmmmmmmmmmmmmmmmmNmmN
NNNNNNNNNNNNNNNNNNNNNNNNNNNNNNNNNNNNNNNNNNNNNNNNNNNNNNNNNNNNNNNNNNNNNNNNNNNNNNNNNNNNNNNNNNNNNNNNNNNNNNNNNNNNNNNNNNNNNNNNNNNNNNNNNNNNNNNNNNNNNNMNNNNNNNNNNNNNNNNNNNNNNNNNNNNNNNNNNNNNNNNNNNNNNNNNNNNNNNNNNNNNNNNNNNNNNNNNNNNNNNNNNNNNNNNNNNNNNNNNNNNNNNNNNNNNNNNNNNNNNmmNNNmmmNNNNNNmNNmmmmmdyssyyhddmmmNNNNNNNNNNNNNNNNNNNNNmmmmmmmmmmmmmmmmmmmmmmmmmmmmmmmmmmmmmmmmmmmmmmmmmmmmmmmmmmmmmmmmmmmmmmmmmmmmmmmmmmmmmmmmmmmmmmmmmmmmmmmmmmmmmmmmmmmmmmmmmmmmmmmmmmmmmmmmmmmmmmmmmmmmmmmmmmmmmmmmmmmmmmmmmmmmmmmmmmmmmmmm
NNNNNNNNNNNNNNNNNNNNNNNNNNNNNNNNNNNNNNNNNNNNNNNNNNNNNNNNNNNNNNNNNNNNNNNNNNNNNNNNNNNNNNNNNNNNNNNNNNNNNNNNNNNNNNNNNNNNNNNNMNNNNNNNNNNNNNNNNNNNNNNNNNNNNNNNNNNNNNNNNNNNNNNNNNNNNNNNNNNNNNNNNNNNNNNNNNNNNNNNNNNNNNNNNNNNNNNNNNNNNNNNNNNNNNNNNNNNNNNNNNNNNNNNNNNNNNNNNNNNNNNNNNNNNNNNNNNmmdsosdhsooo++osyhdmmmmNNNNNNNNNNNNNNmNNNNmmmmmmmmmmmmmmmmmmmmmmmmmmmmmmmmmmmmmmmmmmmmmmmmmmmmmmmmmmmmmmmmmmmmmmmmmmmmmmmmmmmmmmmmmmmmmmmmmmmmmmmmmmmmmmmmmmmmmmmmmmmmmmmmmmmmmmmmmmmmmmmmmmmmmmmmmmmmmmmmmNmmmmmmmmmmmNmmmmmmmNm
NNNNNNNNNNNNNNNNMNNNNNNNNNNNNNNNNNNNNNNNNNNNMNNNNNNNNNNNNMNNNNNNNNNNNNNNNNNNNNNNNNNNNNNNNMNNNNNNNNNNNNNNNNNNNNNNNNNNNNNNNNNNNNNNNNNNNNNNNNNNNNNNNNNNNNNNNNNNNNNNNNNNNNNNNNNNNNNNNNNNNNNNNNNNNNNNNNNNNNNNNNNNNNNNNNNNNNNNNNNNNNNNNNNNNNNNNNNNNNNNNNNNNNNNNNNNNNNNNNNNNNNNNNNNNNNNNmNmmhsshdsoo+++++osohdmmmmNNNNNNNNNNNNNNNNNNmmmmmmmmmmmmmmmmmmmmmmmmmmmmmmmmmmmmmmmmmmmmmmmmmmmmmmmmmmmmmmmmmmmmmmmmmmmmmmmmmmmmmmmmmmmmmmmmmmmmmmmmmmmmmmmmmmmmmmmmmmmmmmmmmmmmmmmmmmmmmmmmmmmmmmmmmmmmmmmmmmmmmmNmmmmmmmmmmmmmmmm
NNNNNNNNNNNNNNNNNNNNNNNNNNNNMNNNNNNNNNNNNNNNNNNNNNNNNNNNNNNNNNNNNNNNNNNNNNNNNNNNNNNMNNNNNNNNNNNNNNNNNNNNNNNNNNNNNNNNNNNNNNNNNNNNNNNMNNNNNNNNNNNNNNNNNNNNNNNNNNNNNNNNNNNNNNNNNNNNNNNNNNNNNNNNNNNNNNNNNNNNNNNNNNNNNNNNNNNNNNNNNNNNNNNNNNNNNNNNNNNNNNNNNNNNNNNNNNNNNNNNNNNNNNNNNNNNNNNdyydmdsoo++oo+oo+sddmmmNNNNNmmmNNNNNmmmNmmmNNmmNNmmmmmmmmmmmmmmmmmmmmmmmmmmmmmmmmmmmmmmmmmmmmmmmmmmmmmmmmmmmmmmmmmmmmmmmmmmmmmmmmmmmmmmmmmmmmmmmmmmmmmmmmmmmmmmmmmmmmmmmmmmmmmmmmmmmmmmmmmmmmmmmmmmmmmmmmmmmmmmmmmmmmmmmmmmmmmmmm
NNNNNNNNNNNNNNNNNNNNNNNNNNNNNNNNNNNNNNNNNNNNNNNNNNNNNNNNNNNNNNNNNNNNNNNNNNNNNNNNNNNNNNNNNNNNNNNNNNNMNNNNNNNNNNNNNNNNNNNNNNNNNNNNNNNNNNNNNNNNNNNNNNNNNNNNNNNNNNNNNNNNNNNNNNNNNNNNNNNNNNNNNNNNNNNNNNNNNNNNNNNNNNNNNNNNNNNNNNNNNNNNNNNNNNNNNNNNNNNNNNNNNNNNNNNNNNNNNNNNNNNNNNNNNNNNNNNmddmhssoosyysooo+odmmNNNNNNNNmmmNNNNmmmmmmNmmmmNNNmmmmmmmmmmmmmmmmmmmmmmmmmmmmmmmmmmmmmmmmmmmmmmmmmmmmmmmmmmmmmmmmmmmmmmmmmmmmmmmmmmmmmmmmmmmmmmmmmmmmmmmmmmmmmmmmmmmmmmmmmmmmmmmmmmmmmmmmmmmmmmmNmmmmmmmmmmmmmmmmmmmmmmmmmmmmmmm
NNNNNNNMNNNNNNNNNNNNNNNNNNNNNNNNNNNNNNNNNNNNNNNNNNNNNNNNNNNNNNNNNNNNNNNNNNNNNNNNNNNNNNNNNNNNNNNNNNNNNNNMNNNNNNNNNNNNNNNNNNNNNNNNNNNNNNNNNNNNNNNNNNNNNNNNNNNNNNNNNNNNNNNNNNNNNNNNNNNNNNNNNNNNNNNNNNNNNNNNNNNNNNNNNNNNNNNNNNNNNNNNNNNNNNNNNNNNNNNNNNNNNNNNNNNNNNNNNNNNNNNNNNNNNNNNNNNNNNdoooosdmmsyo++hmmNNNNNNNNNmmmmNNNmmNNmmmmmmmNNmmmmmmmmmmmmmmmmmmmmmmmmmmmmmmmmmmmmmmmmmmmmmmmmmmmmmmmmmmmmmmmmmmmmmmmmmmmmmmmmmmmmmmmmmmmmmmmmmmmmmmmmmmmmmmmmmmmmmmmmmmmmmmmmmmmmmmmmmmmmmmmmmmmmmmmmmmmmmmmmmmmmmmmmmNmNmmmm
NNNMNNNNNNNNNNNNNNNNNNNNNNNNNNNNNNNNNNNNNNNNNNMNNNNNNNNNNNNNNNNNNNNNNNNNNNNNNNNNNNNNNNNNNNNNMNNNNNNNNNNNNNNNNNNNNNNNNNNNNNNNNNNNNNNNNNNNNNNNNNNNNNNNNNNNNNNNNNNNNNNNNNNNNNNNNNNNNNNNNNNNNNNNNNNNNNNNNNNNNNNNNNNNNNNNNNNNNNNNNNNNNNNNNNNNNNNNNNNNNNNNNNNNNNNNNNNNNNNNNNNNNNNNNNNNNNNNNNdyhdmmmmmmyooymmNNNNNNNNmNNNmmmNNmmNNmmmmmmmmmmmmmmmmmmmmmmmmmmmmmmmmmmmmmmmmmmmmmmmmmmmmmmmmmmmmmmmmmmmmmmmmmmmmmmmmmmmmmmmmmmmmmmmmmmmmmmmmmmmmmmmmmmmmmmmmmmmmmmmmmmmmmmmmmmmmmmmmmmmmmmmmmmmmmmmmmmmmmmmmmmmmmmmmmmmNmmmmm
