______#______#___________#_________#___________####_____________________________________________________________________#___________________###########__#############_###################________________#############__####################___##################################___#################______#_#_#######_#############################################___###################___##___#########################___##__###########################___________________________________________________#__
__________#_______##________________________##_####______________________________________________#_________#__________________________#_____###########___##########_____#################________#_______##_____######_#####################___########_#########################_______#############______#########################################################____#################________#########################_____############################_____________________________________________________#__
__________________##________#________#__#_#########__##________#____________#____________________#______________________#__#_________________#########_____#########____###################_______________________#####_######################__########_#############################____###############__#############_###########################################_______################________##########_____###########__##########################__________________________________________________________#
_______________________##__##__________##_#__###########______##________#__##_________________#__________#______________#____________________#########______##########__###_____###########___###_##_____________############################___###########__############################################___##___#####################################_##_____#####__________##########__##_______#########________#############__#########_###########_________________________________________________________#__#
____________#__________#####_________________######___#_____________________________#___________________________________##___________________#########________##_######__##____#############_____####_____________##########################______##___#####_#################_#######_##################_#########_######################_____#_#_######_____#_####___________#_######_########__########_________#############__#################___##____________________________________________________________
__#____________________#######____________###########_##____________############_______#_________________#_____________##______________##___##__######_____#####_#######__##__################___##_______##______######__##################_____##____##########################################################____#########__###_##__#_____###########___########_###__#___#########_#######___#######_________#_##############_#############_______##_____________________________________________#_____________
___________________________###########__################______________##_####_#############_____________##_##___________##__#__________#______########____#####_#########_####################__###______###_______######_##########################__#######_##################################################___###################_________###########################################################_______#########__##__###############_________##__________________________________________######__________
___________________________#######################_____________##______________#############___________________##________###_____________##_____####_______########___######_#############_#####_______####________#############################################################################################___###################_____#____#######_##__####################################################_##########______###############_________##_________________________________#________######_________
__________________________###################_________________###________#_______################_____________##_______#####_______________#____####_______######_____##__##_#####__############______######_______##############_####################____#############################################################################__###____#####___#________####_____##############################################################__#######___________________________________________#_________######____#___
__________________________################_____________#______#___________________#__#_################_#_____##________####_______________###___########_______##__###___#######____############_____###########################__##############___#_____#########################_#_####################################################____#######__#______#######______########_##################################################_____##_###__________________________________________##_____________###_____#_
__________________________##############___________#___#______#___________________________#___#########__##______________##_#__________##__###____########_____########___#########_#############__###############################_##################_____##_#####################____################################################################_____#_########_____############################################################____________________________________________________##________________#____###
__________________________###########_____________#________________________________##______________##_______###__________###_#_________#____##___##########_############_#######################################____##################___###############__########################_###################################################################_#######_#######__######_######################################################______________________________________________________#_______________##____##_
_________________________############___________________#_____#___________________________#___________________#####______###_#________##___###############################_#####################################___####_#################################_########################__#######_###___###################################################_########_########_#########_____################################################__________________________________________________________________#__##___#___
_______________________###########_##_______#________________#_____#_##______##____#_____#______________________#########__#_________###__###############__##############____######################_##########_#####___##############___###########_#____########################_#_#_#######____###########_###########################_#####################_##################_______#############################___############___________________________________________________________________########_____
____________________#_###########___________#________________#_____#_________#____##________________#_____________###########_#______##__###############___##############___######################__#################__###################____#__________########################_#___######_______##___####___#########################_###############_#####_#####___#########______#################__############__#####___#####____________________________________________________________________##__####____
____________________############___________#______________________________________##_________________##______________###########_____##_###############_____#######################################_#################_####################__________#__##########################_______###_______##____###____#########################___######################_______###_###____##############_##################################_________________________________________________________________________######_
_______##________#_############_________________________#__________________________#________________##________________################___#############_____###################################################################################_____##############################_______###____#####____###____#########################__#######################_______##_##_#_################___#################################__________________________________________________________________###_____######
________________#__##########_______#____________________________________________________#________________________________####################################################################################################################______##############################____########_#############_###########################_#_#########_############_______#################__####____##############____#############_____________________________________________________________________##____#######
____#____________##########_______#_________________________#___#_________#______#_#_____________#___#_____________________#####################################################__#########################_##################################______#############################____####_####################################################################_____#________#########__#_____#_____##############______###########____________________________________________________________________###_##########
____#________##_###########________#_____________________________________##_____________________#_____________________________########################____#####################################________________________#######################_____######################################_#########################################################______##________#___________##########___________################__##############________###______________________________________________________###############
_______________###########______________________________________________________________________#_______________________#____##___####___#############_###_################_#################____________________________________#################################################################_#####################################__________________#________#_____________#############______######___##############____################__________________________________________________________######__###
_________###########_######_____________#__________________________#____________________________###___________________________#__###_______##__########################################________________________________________________##########################################################################################_________________________#_______###______________############__#_##_######_#############____##########_________________________________________________________________________###
__________##########_____###__________#_____#___________________#_________________________________#___#_____________##________######_______##_#############__#########################________________________________________________##_____###############################################################################______________________________#_______###_______________################_____##__############__###########______________________________________________________________________________
___________########______####____#__###___________________________________#___________________________#____________##_______#########_____###_#############___##########_###########__________________________________________________#____________#####################################____##############################________________________________##_______##__________________################################################__________________________#__________________________________________________
___________######_________#######______________#___#_##_____________#___##___##___________#_#_________#____________#___######################_#####_#######___#####_##_____###_####__________________________________________________##__________________________#####################_______################_###########_________________________________##______________________________###_______________________#__################___________________________#_________________________________________________
___________####_____________#######______#_____#######_________________#__#___#__________________________________#_#######_____########_#####__############__#############__________________________________________________________##____________________________###################________###########################__________________________________##______________________________________________________________##############___________________#____###____#____________________________________________
_________#____________________#######_####________####____________________________________#__#__##_______________#########_____##############_##############___###########__________________________________________________________#________________________________################_________#########___________####____________________________________________________________________________________________________________#######________________####_#######___#___________________________________________
_______##_________________________#######__________###_____#__________________#___##______#_#__##___#____________###########__####__########################__###########__________________________________________________________##________________________________##__#############__________####_______________##______________________________________________________________________________________________________________#########_______##_################__#___________________________________________
________#____________________________#######__####___##___##______#___________________________________________#__###############_____##################################__________________________________________________________#####_______________________________##__#############__________####_______________##________________________________________________________________________________________________________#####__#########################_#############_________________________________________
_______________________________________#################__##______#_____##_________________________________________#############______##############################_____________________________________________________________#####_______________________________#___################_________#________________##_________________________________________________________________________________________________________###_#################_#___########################____________________________________
__________________#____________________##################################__________________#__#_____##_###________##__###########___###########____#___########_____________________________________________________________________________________________________##___####################______________________#_________________________________________________________________________________________________________########################__#####################_________________________________#______
___________________________________#___###################################______________##____#________##___________#####################___##______________________________________________________________________________________________________________________#____#####################____________________###________________________________________________________________________________________________________###############################################_________________________________#______
__________________________________###____##################################__##_________##_##______________________#################_________##___________________________________________________________________________________________________________________####___#####################____________________####______________________________________________________________________________________________________######__########################################________________________________________
##________________________________________###################################______________##_______________#____################____________##___________________________________________________________________________________________________________________####______#################_____________________###______________________________________________________________________________________________________#######___#######################################________________________________________
#____________##___________________________###################################_______________________________#_#__###############______________##__________________________________________________________________________________________________________________###_#####_#####_____########_____________________#________________________________________________________________________________________________________####________####___###############_############_________________________________________
____________##_________________##_____###########################################__#________#______________################______________________________________________________________________________________________________##___________#___________________##_############_______####______________________________________________________________________________________________________________________________________________##################_____#######____________________________________________
_________________________#_____###___#################################################_____##_____________#############__________________________________________________________________________________________________________##_____##___________________________#############___######____________________________________________________________________________________________________________________________#___________________############_#####____#####______________________________________________
_______________________#________##_#######_#######################################################________##_########____________________________#______________________________________________________________________________________##_______________##__________####_########_#######___________________________________________________________________________________________________________________________###____________________#####_______#####___#####_______________________________________________
________________________________########_#########################################################____#_#_#__######______________________________##_______________________________________________##_____________________________________#________________#__________####_#######__#######_________________________________________________________________________________________________________________________####______________________###_________##########_________________________________________________
____________________________##____#####_##################################################################_#####__##______________________________________________________________________________##__________________________________________#_______________________#__#######__############____________________________________________________________________________________________________________________#####__________________########___##__###########_________________________________________________
____________________#_______###_##############################################################################_____###_____________________________________________________________________________#_________________________________________##__________________________######___############_______________#___________________________________________________________________________________________________#####____________##_#__#############################_______________________________________________
_________________________#__########_########################################################################________##______________________________________##_____________________________________________##________________________________#__________________________######______#########_______________#__________________________________________________________________________________________________######___________##______#######################___#####____________________________________________
___________________________########_#########################################################################_________#_______________________________________#_____________________________________________##_______________________#_________________________________#######_______####_____________________________________________________________________________________________________________________#_####_____________##_______##########_#__#####_________####__________________________________________
___________________________################################################################################____________#_________________________________________________________________________________________________##___________________________________________######_________####_________________________#__________________________________________________________________________________________######______#########_______#######______######_____________###________________________________________
__________________________###############################################################################_______________##_______________________________________________________________________________________________##_______________##_____________________________##________##########____________________##________________________________________________________________________________________#######_______##########___###########_____########_____________##_______________________________________
##_______________________##############################################################################__________________##_________________________________________________________________#______#______________________________________###_________________________________________##__###____________________#_________________________________________________________________________________________########_____#############_#####___###########____###____________________________________________________
#####___________________#############################################################################___________________###_________________________________________________________________#______##_____________________________________###________________________________________________________##___________________________________________________________________________________________________#########____####___##__##___##_#___###_######_______###__________________________________________________
######__________##_____############################################################################_____________________________________________________________________________________________________________##_________________________#_________________________________________________________###_____________#____________________________________________________________________________________#########____###______#__#___######_###__####_________##__________________________________________________
########_####___##_________#_#_###################################################################____________________________________________________________________________________________________________________________________________________________________________________________________#_____________##____________________________________________________________________________________#____######____#_____###__############__####______________________________________________________________
#####################_____#___#_______###########################################################_________________________________________________________________________________________#__________________________________________________________________________________________________________________________________#_________________________________________________________________________________####_____##____####__########___######_______________________________________________________________
############################_#########_______##################################################___________________________________________________________________________________________##__________________##________________________________________________________________##____________________________________#______#_______________________________________________________________________________#_####____####################__######_________________________________________________________________
#############________############__######__________##########################################_________________________________________________________________###______________________________________________##____________##_________________________________________________##________________________#__________##_____________##_________________________________________________________________________######_###########################___________________________________________________________________
########_____________________##########_#________##_____############################____________________________________________________________#______________##_____________________________________________________________##________________________________________##______##____________________________________#________________________________________________________________________________________######################__#########____________________________________________________________________
#####____________________________#############___##_##__#####################___________________________________________________________________##______________________________________________________________________________________________________________________###____________________________________________________#________________________________________________________________________________###############################_____________________________________________________________________
####_________________________________#############_#_###################________________________________________________________________________##_________________________#_____________________________________________________________________________________________##___________________________________________________##__________________________________________________________________________________#############################_____________________________________________________________________
##_______________________________________#########################_________________________________________________________________________________________________________##_______________________________________________________________________________________________________________________________________________________________________________________________________________________________________#############################________##_________________________________________________________
#_________________________________________________##______________________________________##__________________________________________________________________________________________________________________________________________________________________________________________________#____________________________________________________________________________________________________________________#################___############__########___##_________________________##_______________________
_________________________________________________________________________________________________________________________________________________________________________________________##_________________________________________________________________________##__________________________________________________#__________________________________________________________________________________________#################__############___########__#####________________________##______________________
_______________________________________________________________________________________________________________________________________________#_________________________________________##_________________________________________________________________________##_______________##_________________________________##_________________________________________________________________________________________###########_########__##########___#######_##__##________________________________________________
_______________________________________________________________________________________________________________________________________________##____________________________________________________________________________________________________________________________________##______________________#__________##______________________##_________________________________________________________________#################################___##########__#________________________________________________
__________________________________________________________________________________________________________________________________###___________#________________________________________________________________________________________________________________________________________________________________________________________________#_________________________________________________________________#######__##_###############__###################_________________________________________________
__________________________________________________________________________________________________________________________________####_____________________________________________________________________________________________##______________________________________________#_________##__________________________________________________________________________________________________________________######___######_#___________#_###################__________________________________________________
____________________________________________________________________________________________________________________________________#________________________________________________________#_____________________________________##________________________###_________________####________##_______#_______________________________#________________________________________________________________________###################__________##___################____#______________________________________________
__________________________________________________________________________________________________________________________________________________#_________________________________________###_____________________________________#_________________________##__________________##________________________________#______________________________________________________________________________________##_#######################______####_##############______________________________________________________
__________________________________________________________________________________________________________________________________________________##__________________________________________________________________________________________________________________________________________________________________________________________________________________________________________________##############################________################________________________________________________________
_____________________________________________________________________________________________________________________________###__________________##__________________________________________________________________________________________________________________________________________________________________________________________________________________________________________________#########################______#___#__###############_________________________________________________________
______________________________________________________________________________________________________________________________##_______________________________________________________________________________________________________##_________________###_________________#________________________________________________________________________________________________________________________#######################_____#####___################_________________________________________________________
_______________________________________________________________________________________________________________________________#________________________________________________________________________________________________________##_________________##________________###_____________________##________________________________________________________________________________________________#######_#_##############_______######################________________________________________________________
__________________________________________________________________________________________________________________#_________________________________________#_______________________________________________________________________________________________#_________________##_______________________________________________________________________________________________________________________________________###########____#######################_______________________________________________________
__________________________________________________________________________________________________________________###____________________________________________________###______________________________________________________________________________________________________________________________________________________##________________________________________________________________________________________#########################___#####__#____________________________________________________
___________________________________________________________________________________________________________________##____________________________________________________###_________#____________________________________________________________________________________________________________________________________________##_________________________________________________________________________________________###########__###____####___#___##______________________________________________________
___________________________________________________________________________________________________________________________________________________________________________#_________##__________________________________________##_________________________________________________________________________________________##__________________________________________________________________________________________________#########_#_#_______________##______________________________________________________
___________________________________________________________________________________________________________________________________________________________###________________________#___________________________________________##________________________________________________________________________________________#_________________________________________________________________________________________________________###____________________##_____________________________________________________
___________________________________________________________________________________________________________________________________________________________####_______________________________________________________________________________________________________________________________________________________________________________________________________________________________________________________________________##______________________#_____________________________________________________
____________________________________________________________________________________________________________________________________________________________###_________________________________________________________##_______________________________________________________________________________________##___________________________________________________________________________________________________________________##______________________##____________________________________________________
_________________________________________________________________________________________________________________________________________________________________________________________________________________________##_______________________________________________________________________________________#______#_____________________________________________________________________________________________________________#_______________________#_####_______________________________________________
_______________________________________________________________________________________________________________________________________________________________________________________________________________________________________________________________________________________________________#_________________##__________________________________________________________________________________________________________####_____________________######________________________________________________
__________________________________________________________________________________________________________________________________________________________________________________________________________________________________________________________________________________________________________________________________#_________________________________________________________________________________________________#####___________________________________________________________________________
_______________________________________________________________________________________________________________________________________________________________________________________________________________________________###________________________________________________________________________________________________##___________________##____________________________________________________________________________####___________________________________________________________________________
_____________________________________________________________________________________________________________________________________________________________________________________________________##_________________________##__________________________##_______________________##________________________________________________________________##___________________________________________________________________________________________________________________________________________________________
_____________________________________________________________________________________________________________________________________________________________________________________________________###___________________________________________##________________________________###__________________##___________________________________________#____________________________________________________________________________________________________________________________________________________________
_____________________________________________________________________________________________________________________________________________________________________________________________________###___________________________________________##________________________________###__________________#________________________________#________________________________________________________________________________________________________________________________________________________________________
_______________________________________________________________________________________________________________________________________________________________________________________________________#______________________________________________________##_________________________________________________##________________________##_____________________________##________________________________________________________________________________________________________________________________________
__________________________________________________________________________________________________________________________________________________________________________________#___________________________________________________________________________##_________###______________________________________##____________##________________________________________##______#_________________________________________________________________________________________________________________________________
__________________________________________________________________________________________________________________________________________________________________________________###_____________________________________________________________________________________##_____________________________________________________#________________________________________________##________________________________________________________________________________________________________________________________
___________________________________________________________________________________________________________________________________________________________________________________##_______________________________________________________________________________________________________________________________________________________________________________________________________________________________________________________________________________________________________________________________
____________________________________________________________________________________________________________________________________________###__________________________________________________________#__________________________________________________________________________________________________________________________________________##______________________________________________________________________________________________________________________________________________________________
_____________________________________________________________________________________________________________________________________________##_____________________________________________________________________________________________________________________________________________________________________________________________________##______________________________________________________________________________________________________________________________________________________________
___________________________________________________________________________________________________________________________________________________________________________________________________________________________###______________________________________________________________________________________________________________________________________________________________________________________________________________________________________________________________________________________
____________________________________________________________________________________________________________________________________________________________________________________________________________________________##___________________________________________________________________________________________##________##_______________________________________________________________________________________________________________________________________________________________________________
___________________________________________________________________________________________________________________________________________________________________________________________________________________##____________________________________________________________________________________________________##________##______________________________##_______________________________________________________________________________________________________________________________________________
____________________________________________________________________________________________________________________________________________________________________________________________________________________#____________________________________________##___________________________________________#__________#_________#_______________________________###______________________________________________________________________________________________________________________________________________
_________________________________________________________________________________________________________________________________________________________________________________________________________________________________________________________________###__________________________________________##____________________________________________________##_____________##___________________________________________________________________#####_______________________________________________________
___________________________________________________________________________________________________________________________________________________________________________________________________________________________________________________________________#___________________________________________#___________________________________________________________________#____________________________________________________________________####_______________##_______________________________________
________________________________________________________________________________________________________________________________________________________________________________________________________________________________________________________#________________________________________________________________________________________##________________________________________________________________________________________________________#_________##########_____________________________________
_________________________________________________________________________________________________________________________________________________________________________________________________________________________________________________________#_______________________________________________________________________###_____________##________________________##______________________________________________________________________________###_____############_____________________________________
_________________________________________________________________________________________________________________________________________________________________________________________________________________________________________________________________________________________________________________________________###______________#________________________##_______________________________________________________________________________###################_____________________________________
__________________________________________________________________________________________________________________________________________________________________________________________________________________________________________________________________________________________________________________________________#________________________________________________________________________________________________________________#############################____________________________________
_____________________________________________________________________________________________________________________________________________________________________________________________________________________________________________________###_________________________________________________________##_________________________________________________#______________________________________________________________________________############################_____________________________________
______________________________________________________________________________________________________________________________________________________________________________________________________________________________________________________##_________________________________##______________________#____________##____________________________________#______________________________________________________________________________##########################_______________________________________
_________________________________________________________________________________________________________________________________________________________________________________________________________________________________________________________________________________________###__________________________________##_____________________________________________________________________________________________________________________#######################________________________________________
____________________________________________________________________________________________________________________________________________________________________________##________________________________________________________________________________________________________________________________________________##_________#____________________________________________________________________________________________________________######____#__########_________________________________________
_____________________________________________________________________________________________________________________##_______________________________________________________###___________________________________________________________________________________________________________________##___________________________________#____________________________________________________________________________________________________________######____#__#######__________________________________________
_____________________________________________________________________________________________________________________#####_____________________________________________________###__________________________________________________________________________________________________________________##______________________##_______________________#________________________________________________________________________________________________####__##_##__######___________________________________________
_______________________________________________________________________________________________________________________###___________________________________________________________________________________________________________________________________________________________________________#______________________##_________##____________##____________________________________________________________________________________________#######___#______#####___________________________________________
_________________________________________________________________________________________________________________________________________________________________________________________________________________________________________________________________#___________________________________________________________#________##_____________##__________________________________________________________________________________________##########______#__#####___________________________________________
_________________________________________________________________________________________________________________________________________________________________________________________________________________________________________________________________###___________________________________________________________________#________________________________________________________________________________________________________###########_______#######___________________________________________
__________________________________________________________________________________________________________________________________________________________________________________________________________________________________________________________________#______________________________________________________________________________________________________________________________________________________________________________########__##_____######____________________________________________
________________________________________________________________________________________________________________________________________________________________________________________________________________________________________________________________________________##_____________________________________#________________________________________________________________________________________________________________________#########_####_#__#####_____________________________________________
________________________________________________________________________________________________________________________________________________________________________________________________________________________________________________________________________________##_____________###_____________________#________________________________________________________________________________________________________________________#####___##############______________________________________________
_______________________________________________________________________________________________________________________________________________________________________________________________________________________________________________________________________________________________####_________##________________________________________________________________________________________________________________________________########__#############_______________________________________________
_________________________________________________________________________________________________________________________________________________________________________________________________________________________________________________________________________________________________##__________##____________________________________________________________________________________________________________________________#########################________________________________________________
______________________________________________________________________________________________________________________________________________________________________________________________________________________________________________##____________________##_______________________________________##_________________________________________________________________________________________________________________________###########################_________________________________________________
___________________________________________________________________________________________________________________________________________________________________________________________________________________________________#__________##____________________##___________####________________________##__________________________________________________________________________________________________________________##_#############################___________________________________________________
___________________________________________________________________________________________________________________________________________________________________________________________________________________________________#___________#__________________________________###_____________________________________________________________________________________________________________________________________________##############################____________________________________________________
____________________________________________________________________________________________________________________________________________________________________________________________________________________________________________________________________________________#_____________________________________________________________________________________________________________________________________________##_#_#######################______________________________________________________
______________________________________________________________________________________________________________________________________________________________________________________________________________________________________________________________________________________________________________________________________________________________________________________________________________________________________________#####_########________________________________________________________
____________________________________________________________________________________________________________________________________________________________________________________________________________________________________________________________________________________________________________________________________________________________________________________________________________________________________________________________________________________________________________________
______________________________________________________________________________________________________________________________________________________________________________________________________________________________________________________________________________________________#___________________________________________________________________________________#_________________________________________________________________________________________________________________________________
______________________________________________________________________________________________________________________________________________________________________________________________________________________________________________________________________________________________#_____________________________________________________________________________________________________________________________________________________________________________________________________________________
____________________________________________________________________________________________________________________________________________________________________________________________________________________________________________________________________##______________________________________________________________________________________________________________________________________________________________________________________________________________________________________________
____________________________________________________________________________________________________________________________________________________________________________________________________________________________________________________________________##______________________________________________________________________________________________________________________________________________________________________________________________________________________________________________
____________________________________________________________________________________________________________________________________________________________________________________________________________________________________________________________________________________________________________________________________________________________________________________________________________________________________________________________________________________________________________________
____________________________________________________________________________________________________________________________________________________________________________________________________________________________________________________________________________________________________________________________________________________________________________________________________________________________________________________________________________________________________________________
____________________________________________________________________________________________________________________________________________________________________________________________________________________________________________________________________________________________________________________________________________________________________________________________________________________________________________________________________________________________________________________
______________________________________________________________________________________________________________________________________________________________________________________________________________________________________________##____________________________________________________________________________________________________________________________________________________________________________________________________________________________________________________________________
_______________________________________________________________________________________________________________________________________________________________________________________________________________________________________________#____________________________________________________________________________________________________________________________________________________________________________________________________________________________________________________________________
____________________________________________________________________________________________________________________________________________________________________________________________________________________________________________________________________________________________________________________________________________________________________________________________________________________________________________________________________________________________________________________
____________________________________________________________________________________________________________________________________________________________________________________________________________________________________________________________________________________________________________________________________________________________________________________________________________________________________________________________________________________________________________________
____________________________________________________________________________________________________________________________________________________________________________________________________________________________________________________________________________________________________________________________________________________________________________________________________________________________________________________________________________________________________________________
____________________________________________________________________________________________________________________________________________________________________________________________________________________________________________________________________________________________________________________________________________________________________________________________________________________________________________________________________________________________________________________
____________________________________________________________________________________________________________________________________________________________________________________________________________________________________________________________________________________________________________________________________________________________________________________________________________________________________________________________________________________________________________________
____________________________________________________________________________________________________________________________________________________________________________________________________________________________________________________________________________________________________________________________________________________________________________________________________________________________________________________________________________________________________________________
____________________________________________________________________________________________________________________________________________________________________________________________________________________________________________________________________________________________________________________________________________________________________________________________________________________________________________________________________________________________________________________
__________________________________________________________________________________________________________________________________________________________________________________________________________________________________________________________________________________________________________________________________####______________________________________________________________________________________________________________________________________________________________________________
______####______________________________________________________________________________________________________________________________________________________________________________________________________________________________________________________________________________________________________________________######______________________________________________________________________________________________________________________________________________________________________________
________________________________________________________________________________________________________________________________________________________________________________________________________________________________________________________________________________________________________________________________####________________________________________________________________________________________________________________________________________________________________________________
____________________________________________________________________________________________________________________________________________________________________________________________________________________________________________________________________________________________________________________________________________________________________________________________________________________________________________________________________________________________________________________
____________________________________________________________________________________________________________________________________________________________________________________________________________________________________________________________________________________________________________________________________________________________________________________________________________________________________________________________________________________________________________________
____________________________________________________________________________________________________________________________________________________________________________________________________________________________________________________________________________________________________________________________________________________________________________________________________________________________________________________________________________________________________________________
____________________________________________________________________________________________________________________________________________________________________________________________________________________________________________________________________________________________________________________________________________________________________________________________________________________________________________________________________________________________________________________
_________________________________________________________________________________________________________________________________________________________________________________________________________________________________________________________________________##_________________________________________________________________________________________________________________________________________________________________________________________________________________________________________
_______________________________________________________________________________________________________________________________________________________________________________________________________________________________________________________________________#####____##__________________________________________________________________________________________________________________________________________________________________________________________________________________________________
______________________________________________________________________________________________________________________________________________________________________________________________________________________________________________________________________############__________________________________________________________________________________________________________________________________________________________________________________________________________________________________
_____________________________________________________________________________________________________________________________________________________________________________________________________________________________________________________________________#####_#######_____###__________________________________________________________________________________________________________________________________________________________________________________________________________________________
______________________________________________________________________________________________________________________________________________________________________________________________________________________________________________________________________##___#####_____########_______________________________________________________________________________________________________________________________________________________________________________________________________________________
____________________________________________________________________________________________________________________________________________________________________________________________________________________________________________________________________________###______#########______________________________________________________________________________________________________________________________________________________________________________________________________________________
__________________________________________________________________________________________________________________________________________________________________________________________________________________________________________________________________________________________#####_____________________________________________________________________________________________________________________________________________________________________________________________________________________
___________________________________________________________________________________________________________________________________________________________________________________________________________________________________________________________________________________________#########________________________________________________________________________________________________________________________________________________________________________________________________________________
_____________________________________________________________________________________________________________________________________________________________________________________________________________________________________________________________________________________#################______________________________________________________________________________________________________________________________________________________________________________________________________________
_____________________________________________________________________________________________________________________________________________________________________________________________________________________________________________________________________________________##################_____________________________________________________________________________________________________________________________________________________________________________________________________________
___________________________________________________________________________________________________________________________________________________________________________________________________________________________________________________________________________________####_###############_____________________________________________________________________________________________________________________________________________________________________________________________________________
____________________________________________________________________________________________________________________________________________________________________________________________________________________________________________________________________________________##_###############______________________________________________________________________________________________________________________________________________________________________________________________________________
______________________________________________________________________________________________________________________________________________________________________________________________________________________________________________________________________________________#######__######_______________________________________________________________________________________________________________________________________________________________________________________________________________
______________________________________________________________________________________________________________________________________________________________________________________________________________________________________________________________________________________####______####________________________________________________________________________________________________________________________________________________________________________________________________________________
