mNNmNmdmmmmmmdmmmmNNmmmmmdNNmmmmmmmdmNNNmmNmmmmhoyhmmmmmNNmmmNNNNmmmmmmNNNNNNNmmmmmmmmmmmmNNNmmmmmmmmmNNNmmmmmmNmmmmNNNmdmmNNNNmNNmNmmmNNmNmddhdddddhhdmmddddddddddhddmddddhdddhso+ohhhhddNNNNmmmNmNNNmmmmhssdddoo+///ommdyhhhhhdhhsoooso/:/smmmdhso+/+ydo/+syyssssssyso+yhyyyhysymmmdhdysoo/hdhhhhdddmmmmmmdmdmddhyooymhhyyyyodso++ososyddysyhhhyyysosyyhsssossshyyhmNmdyys+sssoooo+oooosdNNmyhNNmddhs++ossyyhhsydhhdysso/yNNmddmmhyyhhyhhhddddhhhyssyyhhyyyhmmmNNNNNNNNNNmNNNNNNNNNNNNNNNNNNNNNNNNNNNNNNNNMMNmmdNN
NmmNmmmmmmdmmmmmmmddNmmNmmmmmmmNmmNmmmNmmmmmddmdsydmmmmmNmmmNNNmmmNNmmmNNmNNmmmmmmmmmmmmmmNmmmmmmdmNNNNmmmmdmmmmmNmmmNNmmmmmNNNmmmmmmmdmmmNmddhyhhddhhdmmmddddhhdhddNNNNmyyhhhdhs/++ydddddNNmmmmmmdNNNNNNmhhNNNNmd+::/+mdhhhhddddhhssydh+/::smNmdhy++/ohmh+/syyso++ooo/o+oyssyooosmmmmmNmdyyhdhhhhddddmmmNNNdhyyoo++syhhhs/::ooyso+oso+sshhyooooooooooooosysooooossshmNmmddysoooooooo+oossmNNNNmmmdddhyoosyyyhddhyyhhhhhdhhmmmmmdddddhyyhhhhhhdhddososdhyyhdmNmmmNNNNNNNNNNNNNNNNNNNNNNNNNNNNNNNNNNNNNNNNNMMMNNmmdmm
NNmmNNmmmmNNNNmmNmddNNmmmNNmdmNNNmNmmdmmdmddddddyyhmmddmmmmNNNNdmmNNmNNNNmmmdmmmmmmmmmmmmmNmNNNmmdmNmmmmmmmmmmNNNNmmmNNmdmmdmNNmmmNNmmmmNNNNmdhhhddhdhmNNNNddhhdddddmmmmdoyyhsdhyo++ohddhhdmNNmmmmmmNNNNmmmmNNNNmmdosshmdhddddddddyoyydh+/:/+hNmdhyysyhdmdhydhyso+/ooyhoo+ssosoossydddmmmmyhdhhhyhhhhydhsmmdhhyyyosyhhhdms+//ssoo+++ooooooooooosooooossooydhyssssssdNNNmmmmdsoooooo/+sohhhhmNNmmmmmddyyshyyhdNNNmmhhyhhhhddddmmddhddyoooyddhhddhddhysshddmmNNNNNNNNNNNNNNNNNNNNNNNNNNNNNNNNNNNNNNNNNNNNNMMNNNmNmmNmd
NmmmmmmmmmmmmmmmNmmNNNmddmmddNNNmmmmmmmddmdmmdyoohhdddddmmmNNmddmNNmmmmNdmmddmmmNmmmmmmmmmNmmmdmmmNNNNNmmdmNNNNNmNmNNNmmdmmmmmNNNNNNmmmmmmNmmdhyhhhhhdmNNmmmddddhdysodmmdhdNNNmmddyo+shhdhdmNmdhdmddNNNNmmNNNNNmmdddhyyhhdddddddddyoyyhy+///oNNmdhyyyhhhhyhmmdo:++ooossyo+osooyhsoyysddhdhsshyyyssshsssshNmmddNNmdddhyyyso+ooooooooooooossshdddddhhhddmyhNNmmmddhhdNmmmNmmmmmddhdhhsohhmmddmmNmmmmddhhhhhhdNNNNmmmmhyhyyhhddhhddmmdds+++ohdmdhhhyyyhhsdmNNNNNNNNNNNNNNNNNNNNNNNNNNNNNNNNNNNNNNNNNNNNNNNMNmmmmmmmdmmd
NmmmmNNmmmmmdmmmNNmmNmmddyydmNNmNmmmmmmmmmmNmdyooyhmmmdmmNNNNmmmNNNNNmmmmmNmmmmNmmmmdmmmmmNNmmmmmNNNNNmNmmmmNmmmmmNNmmmmddmmmNNNNmmmmmmmmmmmmddhdddhhhmNNmmmmmdhmddhoydmmddNNNmdddhy+oyddhddmmmmNdhddmNNNNmmmNmmmmddddhhddddhddhyyssyhdhhhhdmmmmmmddNNNdhhydmds+oo++sosyo++oosmyssyysymdhho+yshyssydsssyhmdddhdhhddmhsssoooossyys++ssyhyhhmmmmmdmdmddddhdNmmmmdmsoodNmmmNmmmNNmdmddhyyhmddddhdddmmddhyhhhdNNNmmmmmmdosyyhhhhddddmmdysooyhdddddhyhddmmmydNNNNNNNNNNNNNNmmNNNNNNNNNNNNNNNNNNNNNNNNNNNNNNNNNNmmmmmmmmmm
NmdmmNmmmmmmNmmNNNmmNmmdddyyhdmmmmmmmmmmmmdhyoooosyddmddmmNNNmmNNNmmddhhdhdddhddmmmmmmmdmmmNNNmmmNNNNNNmmdmmmmmmmmmNmNmddmmmmNMNNmmmmNmddmNmddmmdhhhhdNNNmmddhysmdddhhyhmmddmmdhhhhhs+shddddddNNNdhNNNmNNmddmNNNmmddddhhmmdhshddhyosyhhhhhhhmmmmmddNNNmdhhysddyhssosssso+soooyhssoossshhhho+o++yhyhhyyyysssssoosdNNmmddyyyyyyymmyydmhdNmdmmmmmddhddyyyssymmmddddssohmdddmmdmNmdddhddhhhmdddhhshmmmddhhhhhNNNNmmmmmdmysosyhhhdddhhdmddhhyhdhhdhhdmmmNNNmhdmNNNNNNNNNmNNNmmmNNNNNNNNNNNNNNNNNNNNNNMMNmmmdmmmmmNNmmNNNN
NmNmNNmmmmmmNmNNNNmmmmNmmNmhssyyhhddddmmdhyooo++ooshhhhymNNNNmmmNNNmmmddmhhhdmhyyhhdddhddddmmmmmmNNmNmNmddmddNmmmNNNNmmmddmmdmMNmmmmNNmdmmmmmmddhhhhhdNmmmdddydmhhhhyysydmdhddddyhhyyooydhdhhdNmdddNmmmmmdddmNNNmmmdhhhhdmdyosyyysooyyyyyyhyhhhddhydmmddhhhydmyyssosssssys+oyh+o++++/oyyss++++oooooo+++oooooooohNmNdddhhhyyyysyysyddddNNmNmmNmmdhyssso+yyyhhddhhhhhhhsooshhdhhhhyyhdhhhhhys//sydddhhhhhhhdmmmmmmmddddhyoohNmddmmdddddddhhso+ohdmmNNNNNNmysmmNNNNNNNNNNNNmmmNNNNNNNNNNNNNNNNNNNNNNNmmddhyydNNNNmmmmmm
NNNNNNNmNmmmNNNNNNNmmmmNNmmhsoosyyyyyyyso+++oosshhNNNNNmNNNNNmmddmNmmmNmmmmmNNmddhyyyyyyyyhdmmmmmmNNNmmmNmmNNNmddmNNNmmmmdddmmNNmmmNmmmmmddmmmmmddhhmNNmmmmdyyyhoshmmmddddhhmyyyyosyyo+ohhmyyhhhmNmNNmmhhhhNNNNNmmmdhhyyssoooo+/+sooooooooooooooosssyhhddhysyysoooo+oo++++++++++++oooossooooooyyooooooooooo+++sdNmmdhdhhysssssssoosyhhmNmmmdmNNmhddhhhdmhdmmdhdddhy++shhyyyhhyyyyshdhhhhhy++syhs+yhhhhhhhhhhhdddmdddhysyyshmmmmmmdhhdhhyyoo++oydmNNNNNNNmydmNNNNNNNNNNNNmNNNNNNNNNNNNNNNNNNmdmNNmmmmmhhhyydNNNmmmmmm
NNNNNNNNNmNmNNNNNNNNNmmNmmdysoooosoosoooooyyhmmmNNNNNmmmmmmmNmdddmNNNmmmmdmmmNNmmdddhyyssssyyyhhdmmmmmmNmNNmmmddmmmmmmmdddddmmNNNNNNmmmmmmmdmmmmddddNNmmmmmdshdddmNNmmddmmddmysshdmmdyo+oyddyssymNNNmmdyyhhdmNmmmmmdyooooooooo++hmdhsosydhhyysoosddhyhmNNmhyooooooooooo/ooooooooooossyysssssssssooososssssyoosyyyddhhdhy++ssoooooo++yhdmNdddmNNmhddddNNmdmmmmmmmmdhosmNmmmdhs++oshdddhhhhhyhhhhy++yhhyyhhhhhyyhhhddyssoydyyddddddhyhhhhdmms++soohmNNNNNNNNNNNNNNNNNNNNNNNNNNNNNNNNNNNNNNNNNmdNNNNNmNmmdddysdNNmmdmmm
NNNNNNNNNmmNNmmNNNNNmmmNmNdhyooo+++osssssdNNNNNNNmNmNmmdmmNmmmdmmmNmmmmmNmmmmmmmmmdmmdmdhysyyhsyyyyhhddmdmmmmmddmNmmmmmmddddmmmNNNNmmmmmmNNdddmmmdhhdddddNNNmNmmddmmdddmmmddhhssdNNmmds++/ydhssodmNmmmhhhhhhddddhyysoooosssssssydmmdyoyhdddddhssdNmmdNNNmmdhyhysso+oooo/oosoooo+++ymdmyyyyhyhhhho+yssddhyhhsshhs+ysssssso+ssysyys++:+oyyyymmmNdhdddhdmmdmmmmmmdddddssmNmmmmdyyyhhddmdhhhhyyhyyyys/syhhhhhhyhhhddyhssssyyyyyosyhyhysshdmmmNmdhmdshmNNNNNNNNNNNNNNNNNNNNNNNNNNNNNNNNNNNNNNNmmddNNNmmmmmmmmNmdddNmmmmdm
NNNNNNNmmNNNNmmmNNNmmmNNmmdyys++ossssssymNNNNNNmmmmdmmmdNmmmmmdmmNNmmmmmNNNmmNNmNNmmmmNNmmdNNNddyyysyydmmddmmmmmNNmNmmmmmddmdmmNNNmmmmmddNNdhdNNNmdhhddhydNmmmmdhhhhhhhmNmdhhhhyhddmddyo+//ydyysdNmdhhhhhdhhysooyhhyssyyyyyyyyyyhdmhosyhddhyyyyhhdddhmmmmmddmdhyss+ooossyyddhys++ommmmssssssssssoshsydssssyyhs/::+/::////-:/sosos/:-:yhdhyhhhhhhddhhhhNNmmmdmddsoydssmNmmmdddhhddhddhhhhhyyyhhhhyyhhhdhhhyyhhhdddddhyyhyyys++syhhhhyydmNNNNNNNNmNNNNNNNNNNNNNNNNNNNNNNNNNNNNmmNNNNNNNNNNNmdhmNNmmmmmmmmmmmmmdNNmmddd
mNNNNMNNNNMNNNmmNNNNmmNmmmhysosssssydmmmNNNNmmmmmmdNNmmmmmmmmmmmmNNmmmmmNNmmmNNmmmmddmNNmmmNNNmNNmmdhmNNNNmmdddmNNNmmmmmmdddmdmmmmNNNmmdmNNmddNmmddhddhsssdmdyhhhhhhdhhdmddhhhhhyhhhhhyo++osyyyyhddhyhhhysoooossmNNmddddyyssyyhhhhdhhhmmmysosyyysosyyhddmmddhyssss+oysysydhddhy++ymdddyyyyyyoosyydhyyysyssssy+:--/://:///-:./::/::.-/hdddyyyyyhhhhhdddmddhsoydmdhyyo+hmmddhhhdmdhhhddhhhhhhhhhhhhyhddhhdhhhhhhhhhhhhhhhhhhs/++shhhhhdmmNNNNNNNNNNNNNNNNNNNNNNNNNNNNNNNNNNmNNNNNNNNNNNNNNNNmhmNmmmmmmmmmmmmmddmmmmddm
mNNNNNNmNNNNmNNNNNNNmNNmmdysssssssyydmNNmNNmmmmmmmNNmmmmdmmmmmdNNmNmmmmmmNmNmNNNNmmmmNNNmmdmmmmNNmmmmmmNmmmNmmhydddmmmmmmdddmdmNNNNmmmddNNmdhhddhddssyysoshdy:oyhhdhhdhhhdmddhhhhhhddhhy+++ohhyhhhddhysooooosyhhNNmddddmhhyyhyhhhddhhddhdysoso+ososyyhyhdmdd+/:ossooyysosddddddsohmmdddddddmsodmmmyhhyyhs++syys/::++++++o/:./:-:::/+ohdhdddhhyyyhddddmdddo/:+dmdsooosydmdddhdddddmNNmmddhhhyyhhhhhhddhhhhhhhhhhhhhhhhhdddddo//oyyyyysdmNNNNNNNNNNNNNNNNNNNNNNNNNNNNNNNNNNNNNNNNNNNNNNNNNNNNNNNmmmmmmmmmmdmmddmmmdmmm
NNNNNNNmNNNNNNNNNNmmmmmddyssssssydmddNNNNmmmdmmmNNNmmmmmmNNmmdmmmmmdmddmmNNmmddNNmmdmNNNmdmmmmNNmmNmmmmmmmNmmmmmdhyyyyhddmmdmmmNNNmmmdhdNmdhhhyydhdo+ysoymmdh/:/hhdhhhhhdNNmmdhhhhhhhhhyo+oosyssssdmdddhysssydmdyyhhmmmdhddhhhhhhddhhmmmdhhhdhshsshmdNmmmdddo/:os+++yyooshhhhhhssmdmdmdddddddmNNmdhhyhdddyydNdy+:/yyyyyys+::/:oyhhhhhhhsmddhyyyhhddddddhd+/:+hmdoo+oyyhdddddhhhhdNmmmmmmdhhyyyyhhhhhdddddhhhhhhhhhhhdmmmdhyysyshhhhdmmmNNNNNNNNNNNNNNNNNNNNNNNNNNNNNNNNNNNNNNNNNNNNNNNNNNNNNNNNNmmmmmmmdhdddyhhmmNmm
NNNNNNNNNNNNNmmNNNmmdmdyysssssyydNNNNNNNNNmmdNNNNNmmmmmmNmmmmdmmmmmdmmmNNmmmmdmNNmddNNNNmmmNNNNNmmmmdmmmmmmmmNNNmmddyysyyhhhdmdmNmmmmhdNmdhyyy/+yyhyhhhdmNNdds-:ydhhhhhhhmmmddhyyyssoooo+oooooooshmmdddddhhhyydhooosdmmddddhhhdhhhhdhddhhdNmmmdmmNmmmNmmmddhy+/+y+++ososoossoooosmdmmmddddddmNNNmmmhhmmmddddNmmdsydhhhhhhhhyyyhhhhhhhhsomdhhhhhhhhhddhhhm+:-/hmh+sydmmmdhhhhyyhdmNmmmmdddhhhhhhhyhhyyhdmmdhhhhhhyyhddmmdy++ymmmhhhddmmmNNNNNNNNNNNNNNNNNNNNNNNNNNNNNNNNNNNNNNNNNNNNNNNNNNNNNNNNNmmmmmmmmhhmmysoymmNm
NNNmNNNmmmNNNNNNmmmmddyyyyhssyydNNNNmNmmmmmdmNmmNmNmmmNmmmmmNmmmmmmmmmmNNNNNmmNNNmddmmNNmmmNNNNmmmmmmddmmmmmmNNNmmmNmdhyssssyhhdmmmmmdhmddhdy+--::yhhhdNNNmmdy//hyhhhhyysyyyso+++++++ooossssso++++hmddddhyyssoys++++ymdddhhhhhhdddhdhhhhhhmmmmmNNmmmdmmdddhhho/+ys/shhyossssosoosmmmNNmmdhhmmNmmmmdhmNmmdddmNNmddddddhhhhhhhhhhhhhhhhhyhmmmhhhhhhhhhdhddho//+ddhdNNmmmmmdddmdddmmmmddhhhhhhhhhhhhmdhdddddhhhhhhyyyyyssssoosyhdhoshddmmNNNNNNNNNNNNNNNNNNNNNNNNNNNNNNNNNNNNNNNNNNNNNNNNNNNNNNNNNNmmmmmmmmmmNNmdyoyhdm
mmNNmmmddmmNmmNmmdmdhyssssyyyydNNNNmNNmmmmmmNNNNNmNmmmmmdmNNNmmmmNmmmmNNNmmmmmmNmmmdmmNNmmmNNNNmmmmmddmmmmmmmNNNmmmNmmddhysssssyhdddddmmmddho-::/ohhhhmmmmmdhy+/sso+++++++ooooossssyyyyhhddhyyo+++syddhhsso+:shs+++yyyyyyyhhhdhhddhhhhhdddhdddNNNmmddhhhhhhyyooohy:hddhoosssys+osmmNNmmmdhhmmmmdyyddmmmmdddNNNmddddddddhhhhhhhhhhyyyyyyhNmdhhhhhhhhhddddhyooydhhdNNmmmmmddmddmdmddhdhhhhhddhhhhhmNNddddddhhhhhhhhhhsyyyhhhhhshho+hhdmmmNNNNNNNNNNNNNNNNNNNNNNNNNNNNNNNNNNNNNNNNNNNNNNNNNNNNNNNNmNNmmNmdddNNmmmddysyy
NNNNmmNmmNNNNmNmdmmhsssoosyddmNNNNmmdmNNNmmmNNmNNmmmmmmNmNmmmmmmmNmmmmmmmmmmmmNmmmmmmNNmmdmNNNmmmmmmmmmNmNNNmmNNmmmNNmmmmmdyssssysssyyhdhhhyyyyyhyyyysssooossooooooooooooooooyyhdddddhyho+o+odyoosyyhhhhhyyy+/oo+///+oossssyyyyyhhhhhhhhhhhhddmNNmmmhdhyyyyyyo++yh:yyyysssssso/+odmmmmddddddddmhooyddhdhhyhdmddhhdhhhhyyyyyyyyyyyyyyyyyhmdmdhhhhhyhhmdddhsssshhhhmNmmmmmddhhyhhhhhhhhddddmmdhhhmNNNdhhhhhhhddhhhhmmmmddddhyhyshyshmmmmmNNNNNNNNNNNNNNNNNNNNNNNNNNNNNNNNNNNNNNNNNNNNNNNNNNNNNNNNNNNNNmNmddmmmmdhdsooo
NNNmdmNNNNNNmmmmmdyssooosyhNNNmNmmdmmmNNNmmNNNmmNmmmmmmNNmmmdmmmdmmmNmmmNmdmNNmmmdmdmNmmNmmmNNmmmdmmmdmmmNNmmmmmmNmNNmmmmmmddhysssssssssssssss+++++++oosssssssoooosyysyyyy+++syhmmddyyys+//ossshhddddddddddmhssyhhhhhhhhyyssssssssyyyyhhhhhdddNNNmmmdhhhhyhyy+/:sy/s//++++s++//+ymmmmdhddmhysyho+osysyhyhhyyyhhhhhhhhyyyyyyyyyyyhhyyyyyhhddyyyyysssyhhhyyyshddmmNNmhmmNmNNmmdhyyssyhdmmdmNNNmdmNNmmddhhhhhhddhhyhmmmmmmdhyssshhysdmmmNNNNNNNmmmmNNNNNNNNNNNNNNNNNNNNNNNNNNNNNNNNNNNNNNNNNNNNNNNNNNNNmmdhdmdhddhyssoo
NNmmdmNNNNmmmddmdyssoo++osymNmmmmmmdmmNNmmmNNNmmNNmmmmNNmmmmmmmmmmmmmmmNNddNNNmmmmmmNNNNmmmmmNmmdmNNmmmmNNmmmmmmmmmmNmNmmmmmmmyddyysssyhhyssso/ossoooymmmmddhyysyyyhhhyooyhyyhhhhhsooyooosssyydmNNmmNNNmmmmmmmmmmmmmNmmddddddhhyysssssyysyyhhdmNmmmdo/yhhyhyysssyy/o:::///s++//+sddddddddmhsoss++yhdhshhhhyyhhhhsshhhyyyyyyyyyyyyysssssyyyhhhhdddddmmmmmmhsmNNNNNNNyNNNNNNNNmmmdhssshddddmmmmNNNmmNmdhhhhhddhoyhhhddmmdhyooshhyssshdmmmmmmmmhsymmNNNNNNNNNNNNNNNNNNNNNNNNNNNNNNNNNNNNNNNNNNNNNmmNNNNmdhyyhdhhdddhssy
mmmmNNNNmmmmmmmdysssso++sdmmNNmNNmmmNNmmmmmmNmNNNmmmmmNmNmNmmmmmmmNmmNmmmmmNNNmmmmNmNNNmmmmmmmNmdmNNmmmNMNNNmNmmmmmNNNmmdmmmmddmmmdhddmmmdhhyysysso+odmdddmdhh////+ssyo/:odmdddhys+::yyyyssyhmmNNNNNNNNNNNmNmmNNNNNNNNNNNNNNmmmmmddhhyysosssosyddddy.-sys+syyyhhys`+:::/:+y++//ooossssyhddhysyo+odmhysyhhdyyhhhhyyyyyyyyyyyyssysssyyhhddmNNNNNNNNNNNNNNNNmoNNNNNNNNymmNNNNNNNNmmmdhysyyyddddhdNNmmmmdhyhhdmmmyhhyyhdddhhhyhmmmmdysyssyssshddhydmNNNNNNNNNNNNNNNNNNNNNNNNNNNNNNNNNNNNNNNNNNNNNNNNNNNNNNNmmddhyydmmdyh
NNNNNNmmmdddddhyssshmdssoshmmmNNNmNNNmmmdmNNmmNNmmNmmNNNNNmmmmmmmmmdmmmmmmmmNNmmmNNNmmmmmmmmmmmmdddmmmmNMNNmNNmmmNNNmmmmmmmmmmdmmddhmmmmmmmdhmmdhhy:+yhhhhddso//+///oyssoyddhhdhyds:/yhmmmmmmmmNNNNNNNNNNNNNNNNNNNNNNNNNNNNNNNNNNNmmmmmshhyyysooooo+.//o+:+ssyyyys.-...-.+o/::/+ossoo/ohyyyhhhsshhhoooooyhyhyysssssyyyyyyyyssyyhdmmmNNNNNNNNNNNNNNNNNNNNNNommNNNNNdosmmNNNNNNNNNmmmdysoooyhdhydNmdmddmhhhhddmddhyyyhhhhhhdmNmmddy+sooyhdmNNNNNNNNNNNNNNNNNNNNNNNNNNNNNNNNNNNNNNNNNNNNNNNNNNNNNNNNNNNNNNNNNNmmmmmmdyy
NMNNmmmmmmdhhyssssydNNmmmyydNNNmNNmmmmdmmNmmdmmmmNmmmNNNNNmmmmmmdmmmmmmmmmmNNmmmmNNNmmmmmmmmmmmmmmdmmmdNNNNmmmmmmNNmddmNNmmmmmdyysohmNmmmmmddmdyyhysossydddmmdhdhoosyyyhhdhhyyysshysydmNmmmNmNNNNNNNNNNNNNNNNNNNNNNNNNNNNNNNNNNNNNNNNNyhmmmmmddyhhyso+/////////++/```   -/+so/+/+so++.:syhhdhhhhdso++ooyyyyyyysssssyyyyyyyydmmmmNNNNNNNNNNNNNNNNNNNNNNNNNNsmmmmmmmd/+mmNNNNNNNNNNNmmdhysooohhyyhdhyhmNmmmddmmdhyyyyhhhyyhmmddhys/:ossdmmNNNNNNNNNNNNNNNNNNNNNmmmNNNNNNNNNNNNNNNNNNNNNNNNNNNNNNNNNNNNNNNNNNNNNNNNNNNN
NMNNNmNNNmmdhssssssmNNNmmdssdNmmmdmmdddmNNmmmmmmmNmmmmNNmmNmmmmmmmmmmmmmmmdmmmmmmNMNNmmmmmmmmmmmmmmmmmdNNNNNNNmmmmmddmmmmmmmdyssssoohmmmmmdddmhdhyhdhhyhyyhmmmhhhyyddhhhmdyoooo+osyhmmmNmmNNNNNNNNNNNNNNNNNNNNNNNNNNNNNNNNNNNNNNNNNNNmsmNNmNNNmmmmmdddyyyyyyyyhss/.--.``+yshyo++syooo+ohmmmmdhhhhdhhssyhyyhyyyyyyyysssyyyhmNNNmNNNNNNNNNNNNNNNNNNNNNNNNNmmodmmmmmmmddmNNNNNNNNNNNNNmmmmdysoosyyhhhhhhddhhhhhyyyyyyhhyhhhyhhyoo+:::/oohdmNNNNNNNNNNNNNNNNNNMNmmmmmdmmNNNNNNNNNNNNNNNNNNNNNNNNNNNNNNNNNNNNNNNNNNNNNNNN
NNNNNNNNNmmds+syhmNNNNmmmmdo+syhdmmNmNNNNmmmNmmdmmmdmddmmNmmmmmmmmNmdmmmddmmmddNMNmmNmmmmmdmdmNmmmmNmmdNNNNNNmmmmmmdmmmdhhyddhhhyyysosyhdddddNdhhyhmsssoooymmmhhhyhmddmNmmmdddmhyhdmNNNNNNNNNNNNNNNNNNNNNNNNNNNNNNNNNNNNNNNNNNNNNNNNNsdNNNNNmmNmmmmmmmmmmmmmmmmmms:-..`:oy+ysoo++o+yhhmmNNNNmhhyhhdhdhhhyhhyymdhyyhyyyyydmNNmmmNNNNNNNNNNNNNNNNmmNmmmmmmmmohmmmmmmmmmmNNNNNNNNNNNNNmmmmmmmdddmmNNNNNNNmmmmmmmmmmmmmmdmmdddhyysysyyo/+ydmmNNNNNNNNNNNNNNNNNNmmmmmmmdmNNNNNNNNNNNNNNNNNNNNNNNNNNNNNNNNNNNNNNNNNNNNNNNN
NNmNNNmmmmNdhyhmNNNNNNNNmNNmho+oshdmNNNmmdmNmmmddhhdddmNmmNmmNmmmNNmmmmdmmdmmmdNMNmmNmmmmmmNmNNNmmNmmmmNNNNmmmmmmdmddhysosmNmmmhyyhhdhdmhhyhdmmysyydyyssoshmmdhhyyyyyyddddmNNNNNNNNNmmNNNNNNNNNNNNNNNNNNNNNNNNNNNNNNNNNNNNNNNNNNNNNNdsNNNNNNNNNNNNNNmmmmmmmNNNNNNmdyo/-+:soyso+:/hhddmmNNNNNNdhhhdhooshdhhyyyhdhhyyyyyyhmNNNmNNNNNNNNNNNNmmmmmmmNmmNmNmmmmddmmmmNmNmNmNNNNNNNNNNmNNmmNmmNNNNNNNNNNNNNNNNNNNNNNNNNNNNNNNNmmddhhdhhyy+:ohdmmmNNNNNNNNNNNNNmmmdmNNmddhmNmmdmNNNNNNNNNNNNNNNNNNNNNNNNNNNNNNNNNNNNNNNNNNN
NNmNNNmmmdmmmmNNNNNNNNNNmmNNNmdhyssydmddddmmmmmmmmddddmNmNmNmNmmmmmmmmmmmmmmNNmNNmmmmmNmNmdNmdmmddmmmmMNNmmmmmmmmddyo+++ohmmmmmdhyhddhhhsooshmdsoyyyhyyyssshmmmdhyyyysyhyhmNNNNNNNNNNNNNNNNNNNNNNNNNNNNNNNNNNNNNNNNNNNNNNNNNNNNNNNNNhmNNNNNNNNNNNNNNNNNNNmmmNNNNNNNNNyss+/oss++soh+oymmNNNNNNmhyyhoohdhmmmmmmNNmmmyosdmNNNNNNNNNNNNNNNmmNmmmmmNmmmmmmmmmmmmmmmmmmmmmmmNmmNNNNNNmmmmmmmNNNNNNNNNNNNNNNNNNNNNNNNNNNNNNNNNNNNmmmmmmmmdy//shdmmmmmNNNNNNmmmmmdddhmddhyyydmmmdNNNNNNNNNNNNNNNNNNNNNNNNNNNNNNNNNNNNNNNNNNN
NNNNNmmddNNNNNNNNNmmmmmNNNNNNNNmmmdysooydNmmmmmmmmmdhhmNNmmdmmmmmmmmmmmmmmmmNmdmmmddmNNNmmdmdNmddmmmdmNNmmNmmmmmmdhso+/+oyhdmmddhhmmddysoosysyh+/+osyyyysoohmmdhhhhyyyyhdmmNNNNNNNNNNNNNNNNNNNNNNNNNNNNNNNNNNNNNNNNNNNNNNNNNNNNNNNNdhNNNNNNNNNNNNNNNNNNNNNNNNNNNNNNNNyhmmh+:/++oss+++hmNNNNNNNNmdo/+mNmNNNNNNNNNNNNshNNNNNNNNNNNNNNNNmNNmmNmmNmmmmmmmmmmmmmmmmmmmmmmmmNmmNNNNNNNNNNNNNNNNNNNNNNNNNNNNNNNNNNNNNNNNNmmmmmNNmmmmmmmmmmhs:+yhdddmmmNmmmddmhhyyyyyhhhhhyysdmmhmmNNNNNNNNNNNNNNNNNNNNNNNNNNNNNNNNNNNNNNNNN
NNNNmmmmdNNNNNNNNNNmmmmNmNNNNNNNNNNmmhs+oyddmmddddmmmddNmmddmmmmmmdmNmmmmmmmmmmmmmmNNNNNmmmmmNmmNmmmmNNNNmNNmmdmmdddysydysyhdddhmmNmmhs++++++oo++/+ooyyyyssydddhyysssydmNNNmNNNNNNNNNNNNNNNNNNNNNNNNNNNNNNNNNNNNNNNNNNNNNNNNNNNNNhs++ymNNNNNNNNNNNNNNNNNNNNNNNNNNNNNNydmmhsyss+ooshhydmmNNNNNNNNdoohNNNNNNNNNNNNNNNshNNNNNNNNNNNNmNmNNmmmmmNmmNmmmmmmmmmmmmmmmmmmmmmmmmmmmmNmNNNNNNNNNNNmmmmNmmNNNNNNNNNNNNNNmmNNmmmmmmmmmmmmdhdddmmyo/odhhyhhddddddddhhhyyydmhyyyydhhyhdhdmmNNmmNNNNNNNNNNNNNNNNNNNNNNNNNNNNNNNNNNN
NmmmmNNNNNNNNNNNmmmmNmmNNmNNNNNNNmNNmNmhs++++oossssyyyydmmddmmmNmmdmmmmmddmmmmNNmmmNNNmmmmmmmNmmNNNmmmmmmmmmNmmmmmmddddhssssshhdmNNmmmdsoso/ssyyyssssyssyyyyysyysyhdmmmNNNNNNNNNNNNNNNNNNNNNNNNNNNNNNNNNNNNNNNNNNNNNNNNNNNNNNNNNN+::.hmNNNNNNNNNNNNNNNNNNNNNNNNNNNNNNsmNNyooso++oosyhdssdmNNNNNNmmdNNNNNNNNNNNNNNNNydNNNNNNNNNNmmmNNNmmmmmNmmmmmmmmmNmmmmmmmmmmmmmNNmNmNNmNmmmNmmmNmNNNNNNmmNNNNNNNNNNNNmNNmNNNNNNmmmmmmmmmNmmhhdmdhys/+yyyyyyhddddmdmmmdhhydhyyyyoys+osyyyhhdhdmNNNNNNNNNNNNNNNNNNNNNNNNNNNNNNNNNNN
mmmmmNNNmmmmNmmmmmdmNmNmmmmmNNNmmmmmNNmdy+//+syyooooo++oooosyhddhhddhyyhhmNNNNmNNmmmNNNmmmmdNmdNNNmmddmdddmmNmmmmmddmmysoo/+shhyhmmmddhyhhho+hdmmmmdmmmdyyyhhddmmmmNmNNNNNNNNNNNNNNNNNNNNNNNNNNNNNNNNNNNNNNNNNNNNNNNNNNNNNNNNNNNNNmmmNNNNNNNNNNNNNNNNNNNNNNNNNNNNNNNdhNNNsooo++oo++ooooshyyhdmmNNNNNNNNNNNNNNNNNNNNymmNNNNNNNNNNNmNNmmmNmmNmmmmmmmNmNmmmmmmmmNmmNmNmmmmNNmmmmmmmmmmmNNmNNNmNNNNNNNNNmNNNNNNNNNNNmmmmmmmmmmNNmdhddhyyyy+/ssssyyyhhhhddmmdddhhyyyyyyyyyyyysysymmNNNNNNNNNNNNNNNNNNNNNNNNNNNNNNNdNNNNNN
mmNNNNNNmmmNNmNNNmmmmNNmmmmmNNmmmmmdmmmdds++yhhoyyssso+o+++oossooosssoooshmmmmmNmmmmmNNmddmmNmdNNmmmmNmddNNNNmmmmmmmdhyooooyyhyyyyyyyhhddmmmoymNNNNNNNNNmmmmNNNNNNNNNNNNNNNNNNNNNNNNNNNNNNNNNNNNNNNNNNNNNNNNNNNNNNNNNNNNNNNNNNNNNNNNNNNNNNNNNNNNNNNNNNNNNNNNNNNNNNNNymNNm++/:ooo++o/oooooooo/smNNNNNNNNNNNNNNNNNNmd-smmNmNmNNNNNNmmNmmmmmmmmmmmmmmmmmmmmmmNmmmNmmmmmNNNmNmmNmmmmmmmmNNmNNmNmNNNNNNNNNmNNNNmNNmmmmNmmmmmmNNNmmdyssssyhhs+syso+oosyyyyyhhhyyyysssssssssyyyosssmNNNNNNNNNmmNNNNNNNNNNNNNNNNNNNNNdNNNNNN
mmmNNNmNNNmNNmNmNmmmmmmNNNNNNmNmmmdddmmmmdyyhhhsshhsyyyys/ssoss+oo+oo////odNmddmNmmmmNNmddmddmNNNmmNNmmmNNNmmmNmmmmddhssyyyysooooyhdmmmNNNNNmodNNNNNNNNNNNNNNNNNNNNNNNNNNNNNNNNmNNNNNNNNNNNNNNNNNNNNNNNNNNNNNNNNNNNNNNNNNNNNNNNNNNNNNNNNNNNNNNNNNNNNNNNNNNNNNNNNNNhs/dNNNdys+++o:///sosyooo+:hmNNNNNNNNNNNNNNNNNNmh odmNNmmmNNNNmNmmNmmmmmmmmmmmmNNNmmmmmmmmmmmmmmmmmNmmmmmmmmmmmmmmmNmNNmNmNmNNNNNmNNNmmNNNNmmmNNmmmmmNNNNmhysssymmddhyosyyssssso+++osssshhysyhyyyyyyyyyssymmNNNNNNNNNmNNNNNNNNNNNNNNNNNNNNNNNNNNNN
ddNNNNNNNNmNmmmmNNmNmmNNNNNNmmmNNmmmmmmNNmdhhdhhoyyyyhyyysshyyyyoo+/++/osooydmmmNmmmmNmmmmmdhNNNNNNNNNmmNNmmdmNmmdddddhyysooooosymmmNNNNNNNNNdomNNNNNNNNNNNNNNNNNNNNNNNNNNNNNNNNNNNNNNNNNNNNNNNNNNNNNNNNNNNNNNNNNNNNNNNNNNNNNNNNNNNNNNNNNNNNNNNNNNNNNNNNNNNNNNNNNNy//ymNNNNNdoossyso++/++++/+mmNNNNNNNNNNNNNNNNNNmd.smmNNmmNmNmNNNNNNNmNNmmmmmmmmmmmmmmmmmmmmmmmmmmmmmmmmmmmmmmmmmmmNmmNNmmmmNNNNNNNNNNNNNNmmmmmNmNNNNNNNNmhssssydNmmdddyosyddhyysso+osysshdysyyhhyyhhyyssydmmNNNNNNNNNNNNNNNNNNNNNNNNNNNNNNNNNNNNNN
hNNNNmNNmNmmmddmNNNmmNMNNmNNmmmmmmmNNmmmmmdhhddho/+ydhyyyysyyyyyysssssssyyyssmNmmmmmmNNmmmmmmNNNNNmmNmmmNNmmdmdmmdddhysssoosyhddmmmmNNNNNNNNNNhhNNNNNNNNNNNNNNNNNNNNNNNNNNNNNNNNNNNNNNNNNNNNNNNNNNNNNNNNNNNNNNNNNNNNNNNNNNNNNNNNNNNNNNNNNNNNNNNNNNNNNNNNNNNNNNNNNNd+dmssoohm+oosdNNNmmhys///sdmNNNNNNNNNNNNNNNNNNNmdmmmmNmmmmNNNmNmmmmmNNNNNmNmNmmmmmmmmmmNmmmmmmmNmmmmmmmmmmmNmmmmNmmmmNNNNNNNNNNNNNNNNNNNNNNNNNNNNNNNNNmNmdhyhmNNNNNNmdyosmmmdhyyssosssydhoymdhyhyyysyhhdmNNNNNNNNNNNNNNNNNNNNNNNNNNNNNNNNNNNNNNNN
mNNNNmNNNNmmddmmNmNmNNNmmmmmmmmddmmNmmddddddddhso//shdyyyyysyyyhhyyyyyyyyyyhsshhdmmdNNmmmmmmdmNmmmNNNmmmNmmdhhyhhhhysossyhdmmmmNmmmmNNNNNNNNNNNNNNNNNNNNNNNNNNNNNNNNNNNNNNNNNNNNNNNNNNNNNNNNNNNNNNNNNNNNNNNNNNNNNNNNNNNNNNNNNNNNNdhNNNNNNNNNNNdNNNNNNNNNNNNNNNNNNNdyNh+///+s+o//smNNNmmmo+/ymmNNNNNNNNNNNNNNNNNNmNNNNNNNmmNmmNmNmNNNmmmNNNNmNmmmNNmNNmmmmNNmmmNmNmmmNmmmmmmmmNmmNNmmmmNNNNNNNNNNNNNNmNNNNNNNNNNNNNNNNNNmmNNNNmmmmNNNNNNmmmyohdddhysssyyyyyyhNNmmmdyyyyhdmmmNNNNNNNNNNNNNNNNNNNNNNNNNNNNNNNNNNNNNNNNN
NNNmNNNNNNmmmmmmNNNNmNNmmdmmmmmdddmmmddhyhdddyhdhhhhhyyyysssyhhhyyssssssssssooooosyyhhmmmmmddmmmmmmmmmmmmmddhyyyysosshdmmmmmNNNNNNNmNNNNNNNNNNNNNNNNNNNNNNNNNNNNNNNNNNNNNNNNNNNNNNNNNNNNNNNNNNNNNNNNNNNNNNNNNNNNNNNNNNNNNNNNNNNNNdyNNNNNdhNNNNmNNNNNNNNNNmmNNNNNNNNNNh+++ssoo//::hmNm++y+/smNNNNNNNNNNNNNNNNNNNNNNNNNNNNNNNmmmmmmmNmmmmmNNmmNmmNmNmNNmmmmNNNNmNmmmNmmmmmmmmNmNmmmNmmNNNmmNNNNNNNNNNNNNNNNNNNNNNNNNNNNmmdmNNNmmmmmNNNNNNmmmmhydhhhhhhddhmhoooymmmmdysyhmmmmmNNNNNNNNNNNNNNNNNNNNNNNNNNNNNNNNNNNNNNNNN
NNmmNNNNNmmmmmmmNNNmmNmdmmmNNmmmddmddhhhhdmhyhhdddhhhhysssyhhdhysyyyyssssssssss++syyyyyyyyhyyyddddmNmmmmmmddmdysooyhdmNNNNNmNNNNNNNNNNNNNNNNNNNNmymNNNNNNNNNNNNNNNNNNNNNNNNNNNNNNNNNNNNNNNNNNNNNNNNNNNNNNNNNNNNNNNNNNNNNNNNNNNNNNNNNNNNNd/NNNNNNNNNNNNNNNyyNNNNNNNNNmo:/smd++/:-/hmd+:++//mNNNNNNNNNNNNNNNNNNNNNNNNNNNNNNNNNNNNmmNNNmNNmmNmmmmmNNNmmNmmmNNNmmNmmmmmmNmmmmmmmmmmNmmmmNNNNNNNNNNNNNNNNNNNNNNNNNNNNNNmNmhydNNNNNNNmmmmNNNNmmmmmddhhdmNmNNNNds++ymmmdhyydmmmNmmmmNNNNNNNNNNNNNNNNNNNNNNNNNNNNNNNNNNNNNNN
NNNmNNNmNmmmmmmmmmmmmmmmNNNNmmmmddddhhhdmdyyyyhhhhyhyyyyysydyyshhyyyyysyysyyyysossyysssyyyysyyyyyhmmmmdmdmdmNdhshsymNNNNNNNNNNNNNNNNNNNNNNNNNNNNmydNNNNNNNNNNNNNNNNNNNNNNNNNNNNNNNNNNNNNNNNNNNNNNNhdNNNNNNNNNNNNNNNNNNNNNNNNNNNNNNNNNNNNNdNNNNNNNNNNNNNNNmhNNNNNNNNNmo/oymoo/:.:hmms+/oo:hmNNNNNNNNNNNNNNNNNNNNNNNNNNNNNNNNNNNNNNNNNNNNNNNNNmNNNmNNmmmNNNmNNNNNmmmmmNNmmmNmmmNmNNNNNNmNNNNmNNNNNNNNNNNNNNNNNNNNNmmmhsssmNNNNNNNNNmmmmNNNNmmmmdhhmNmmmmNNmdyyyhddhhhmmNNNNmmmmNNNNNNNNNNNNNNNNNNNNNNNNNNNNNNNNNNNNNNN
NNNNNmNNNmmmmNmNmNNmmmmmmNNmddmmmmdhhhdmhyyyhhhhhyyyyyyyyssysyhyssossyssyyyyysyyyyhhyyyyhyyyyyyysyhhyhhdddmddhhdmNhymNNNNNNNNNNNNNNNNNNNNNNNNNNNNNNNNNNNNNNNNNNNNNNNNNNNNNNNNNNNNNNNNNNNNNNNNNNNNNo-mNNNNNNNNNNNNNNNNNNNNNNNNNNNNNNNNNNNNNNNNmdNNNNNNNNNNNNNNNNNNNNNNNdmmh++:-.hmNdy+oyo+yhhddmNNNNNNNNNNNNNNNNNNNNNNNNNNNNNNNNNNNNNNmmNNmmmmNmNmNNNNNNNNNNNNNmNNNNNNNNmNmmmNNmmNNNNNNNmNNNNNNNNNNNNNNNNNNNNNmNmmmyooshNNNNNNNNNmmmmmNmmmddhhhhhdmmmhhmmddhysssyyssmNNNNNNNNmNNNNNNNNNNNNNNNNNNNNNNNNNNNNNNNNNNNNNNN
NmNNNNNNNNmmmNNNNNmmdmmmmmmmdddmddhhdddyyyyyyhhyyyyhhhyyyssssys+/:/+ossyyhhysyhysosshyyhhyyssyyysshyyyyyyyyyydmmNNNdsdNNNNNNNNNNNNNNNNNNNNNNNNNNNNNNNNNNNNNNNmmNNNNNNNNNNNNNNNNNNNNNNNNNNNNNNNNNNNmomNNNNNNNNNNNNNNNNNNNNNNNNNNNNNNNNNNNNNNNNh+NNNNNNNNNNNNNNNNNNNNNNNNNmso//:+mmNhs+++:++oosomNNNNNNNNNNNNNmhNNNNNNNNNNNNNNNNNNNNNNNNNNNmmNNNmNmmNNmmNNNNNNmNNmNNNNNNNmNNNNmNmmNmNNmNNNNNNNNNNNNNNNNNNNNNNNmmmmmdsooymNNNNNmmmmmmddmdmmyosshhhhdddhyyhhhhysssyhhhsshmNNNNNNNNNNNNNNNNNNNNNNNNNNNNNNNNNNNNNNNNNNNNNN
mNNNNNNNNmNNmNNmmNmmmmmmmdmmdddhhhhdmhshdhyyyyysyyyyyyyyyyyyhhyo//+ssooyyhyyyyyssssyyyyyhyyyyyyssyyysssssssshmNNNNNNmsdNNNNNNNNNNNNNNNNNNNNNNNNNNNNNNNNNNNNNNy+NNNNNNNNNNNNNNNNNNNNNNNNNNNNNNNNNNNNNNNNNNNNNshNNNNNNNNNNNNNNNNNNNNNNNmNNNNNNNNdNNNNNNNNNNNNNNNNNNNNNNNNNmy+:-+dmNNNNmdo/ohyssdNNNNNNNNNNNNNNmdNNNNNNNNNNNNNNNNNNNNNNNNNmNNNNNNNNNNmNNNNNNNmNNNNNNNNNNNNNmNNNmNNmNNNNNNNNNNNNNNNNNmNNNNNNNNNNNmmmdssoydNNNmmmmmmmmddNNNNNmysshhhhyyyyyhhhhyyyyyhdmmmdhsydmNNNNNNNNNNNNNNNNNNNNNNNNNNNNNNNNNNNNNNNNNNN
NNNNmNNNNmNNmNNNmmmNNmmNmmmddhhyyhhmdyyyyysyyyyyyyyyyyhyyyyyyhhhyyyyysooyyyhyyyyssssssyhhhhyssooyysysssysssydNNNNNNNNmsmNNNNNNNNNNNNNNNNNNNNNNNNNNNNNNNNNNNNNNhNNNNNNNNNNNNNNNNNNNNNNNNNNNNNNNNNNNNNNNNNNNNNyyNNNNNNNNNNNmNNNNNNNNNNNsNNNNNNNNNNNNNNNNNNNNNNNNNNNNNNNNmydyo+sdmNNNNNNd//dNNNNNNNNNNNNNNNNNNNNNNNNNNNNNNNNNNNNNNNNNNNNNNNNNNNNNNNmNNNNNNNNNNNNNNNNNNNNNNNNNNmNNmmNNNNNNNNNNNNNNNNNNNNmNmNNNNNmmdmdyhdmNmNNmmmmmmmmddNNmNNNmsoyhhhds+ymdmmdhyydmmNNNNNNmdyydmNNNNNNNNNNNNNNNNNNNNNNNNNNNNNNNNNNNNNNNNN
NNNNmmmNmmmmmmmmmNmNNmmNmmmdhyyssyhdhhhyyhhyyyyyyyyyyyyyysyyyyhhyyyyyyssosyhyssssyhyssyhhhyyssssyyssossssyhmNNNNNNNNNNNhmNNNNNNNNNNNNNNNNNNNNNNNNNNNNNNNNNNNNNNNNNNNNNNNNNNNNNNNNNNNNNNNNNNNNNNNNNNNNNNNNNNNNNNNNNNNNNNNN/hNNNNNNNNNNNNNNNNNNNNNNNNNNNNNNNNNNNNNNNNNNNhoooodmNNNNNNNmo+odmmNNNNNNNNNNNNNNNNNNNNNNmhmNNNNNNNNNNNNNNNNNNNNNNNNNNNNNNNNNNNNNNNNNNNNNNNNNNNNNmNNNNNNNNNNNNNNNNNNNNNNNNNNmmmNmNNmmddddydmmmmNmdddddddddmmmmmmmdyoshhhNNmmmmddhyshmmNNNNNNNNNNmyydmNNNNNNNNNNNNNNNNNNNNNNNNNNNNNNNNNNNNNNN
mNNNmmmmmmmmmmmmmmmmmmmmmmdhyyyysyhhdhhhddddhyhdddhhhyyyyssyyyyyyyysssyysysssoooosyyyosyhhyysssyyyysssyyhmNNNNNNNNNNNNNNhdNNNNNNNNNNNNNNNNNNNNNNNNNNNNNNNNNNNNNNNNNNNNNNNNNNNNNNNNNNNNNNNNNNmNNNNNNNNNNNNNNNNNNNNNNNNNNNNddNNNNNNNNNNNNNNNddNNNNNNNNNNNNNNNNNNNNNNNNNNNmmdhNNNNNNNNdo///ooossmNNNNNNNNNNNNNNNNNNNs:mNNNNNNNNNNNNNNNNNNNNNNNNNNNNNNNNNNNNNNNNNNNNNNNNNNNNNmNNNNNNNNNNNNNNNNNNNNNNNNmNNmNNmmmdddhhhdmmmmNmmdhdhddodddmmmdddddsyhhhdmmmmmhyhddhhdmNNNNNNNNNNNmhdNNNNNNNNNNNNNNNNNNNNNNNNNNNNNNNNNNNNNNN
hdmmmmmNmmmmmmmmmmmmmmmmmdhysyyyssyhdyyyhhhhhyyhhhyhhhhhysyyysysssssssssyyyysssssysssssohhysssyssyyssydmNNNNNNNNNNNNNNNNmshNNNNNNNNNNNNNNNNNNNNNNNNNNNNNNNNNNNNNNNNNNNNNNNNNNNNNNNNNNNNNNNNm+NNNNNNhmNNNNNNNNNNNNNNNNNNNNNNNNNNNNNNNNNNNNNh:hNNNNNNNNNNNNNNNNNNNNNNNNNNNNNNNNNNNNNNNNmddNmddhmNNNNNNNNNNNNNNNNNNNdmNNNNNNNNNNNNNNNNNNNNNNNNNNNNNNNNNNNNNNNNNNNNNNmNNNNNNNmNNNNNNNNNNNNNNNNNNNNNNNNNNNNmmmmmdhhhhhhdNmmmmdddddddhdddddmdddddmmmdhhhhdddyhdmNmmhydmmmNNNNNNNNNNNNNNNNNNNNNNNNNNNNNNNNNNNNNNNNNNNNNNNNN
hhhddmNmmmmmmmmmmmmmmmmmdyyssssyyyyyyyyyyyyysosyyyyyhhhyyyyyyyyyyyyyyssyhhyyyyyyyssyyyyoshyssosssssyhmNNNNNNNNNNNNNNNNNNsosmNNNNNNNNNNNNNNNNNNNNNNNNNNNNNNNNNNNNNNNNNNNNNNNNNNNNNNNNNNNNNNNNdNNNNNN/yNNNNNNNNNNNmNNNNNNNNNNNNNNNNNNNNNNNNNd.yNNNNNNNNNNNNNNNNNNNNNNNNNNNNNNNNNNNNNNNNNNNNNNNNNNNNNNNNhomNNNNNNNNNNNNNNNNNNNNNNNNNNNNNNNNNNNNNNNNNNNNNNNNNNNNNNNNNmNNNNNNNNNNNNNNNNNNNNNNNNNNNNNmNNNNNNmNmmddddhhyshNNmmddddmmmddmmddmmmddmdmmmdhdmddhyydmNNNNNmdoommNNNNNNNNNNNNNNNNNNNNNNNNNNNNNNNNNNNNNNNNNNNNNNNN
hhhhhhmNmmmmmNmmddmmmmmdddddhyyssyhhyyyyysssssssyyyyyyyyssyhhyyyhhhhhhhhhyhhhhyyssyyyyyyoossssssssdmNNNNNNNNNNNNNNNNNNNNmNNNNNNNNNNNNNNNNNNNNNNNNNNNNNNNNNNNNNNNNNNNNNNNNNNNNNNNNNNNNNNNNNNNNNNNNNNmNNNNNNNNNNNNyyNNNNNNNNNNNNNNNNNNNNNNNNNdmNNNNNNNNNNNNNNNNNNNNNNNNNNNNNNNNNNNNNNNNNNNNNNNNNNNNNNNNd.hNNNNNNNNNNNNmdmNNNNNNNNNNNNNNNNNNNNNNNNNNNNNNNNNNNNNNNNNNNmNNNNNmNNNNNNNNNNNNNNNNNNNNNNNNmNNNNmmmmdhhhdhyohmmmmdddmNNmmmdmmdmmmddhsyhmdhdmNdhhdmNNNNNNNNhdmNNNNNNNNNNNNNNNNNNNNNNNNNNNNNNNNNNNNNNNNNNNNNNNNN
hhhhhhhdmddhdmmmddmmmmmmmmmdmdmdddhhhysssssssyyyyyyyyhhyssyhhhhhhhhhhhhyyhhyysyyssyyyyyys+oooossoyNNNNNNNNNNNNNNNNNNNNNNNNNNNNNNNNNNNNNNNNNNNNNNNNNNNNNNNNNNNNNNNNNNNNNNNNNNNNNNNNNNNNNNNNNNNNNNNNNNNNNNNNNNNNNNNNNNNNNNNNNNNNNNNNNNNNNNNNNNNNNNNNNNNNNNNNNNNNNNNNNNNNNNNNNNNNNNNNNNNNNNNNNNNNNNNNNNNNdNNNNNNNNNNNNN++mNNNNNNNNNNNNNNNNNNNNNNNNNNNNNNNNNNNNNNNNNmNmNNNNmNmNNNNNNNNNNNNNNNNNNmmmmmmNNNNmmmmdmmmmhooyhdmmmmdNmmmmdddNmdddhy+/oyhhhmmhhhdmmmmNNNNNNNNNNNNNNNNNNNNNNNNNNNNNNNNNNNNNNNNNNNNNNNNNNNNNNNNNN
hyohhyysooo+oshddhyhhmmmmmdmmmdmmmmmmmddhhysosyyyyyyhhhysooyhhhhhhhhhyyyyyyyssssssyyysssooo+++syyNNNNNNNNNNNNNNNNNNNNNNNNNNNNNNNNNNNNNNNNNNNNNNNNNNNNNNNNNNNNNNNNNNNNNNNNNNNNNNNNNNNNNNNNmhNNNNNNNNNNNNNNNNNNNNNNNNNNNNNNNNNNNNNNNNNNNNNNNNNNNNNNNNNNNNNNNNNNNNNNNNNNNNNNNNNNNNNNNNNNNNNNNNNNNNNNNNNNNNNNNNNNNNNNNNNmmNNNNNNNymNNNNNNNNNNNNNNNNNNNNNNNNNNNNNNNNNmNNNNmNNNNNNNNNNNNNNNNNmmNmNmmmmmmNNNNNNNmmmNmmhosymNNmmddmmmmdddhmmdhy+//ohmmmdhyyhdmmmmNNNNNNNNNNNNNNNNNNNNNNNNNNNNNNNNNNNNNNNNNNNNNNNNNNNNNNNNNNN
hy+osooo++osssyyyyyyyyhddhhdmdddddddddmmmmmmmddhyyssyyyyyssyyhhyyyyysyysssosssososooooo++oossydmNNNNNNNNNNNNNNNNNNNNNNNNNNNNNNNNNNNNNNNNNNNNNNNNNNNNNNNNNNNNNNNNNNNNNNNNNNNNNNNNNNNNNNNNNm-yNNNNNNNNNNNNNNNNNNh/mNNNNNNNNNNNNNNNNNNNNNNNNNNNNNNNNNNNNNNNNNNNNNNNNNNNNNNNNNNNNNNNydmNNNNNNNNNNNNNNNNNNNNNNNNNNNNNNNNNNmhmNNNNN+mNNNNNNmNNNNNNNNNNNNNNNNNNNNNNNNNNNNNmNNNNNNNNNNNNNNNNNNNNNNmNmmmmmmNNNNNNNNNmmdmhsydNmmmddhyyyshhyyhhyyo+o/ommddhyhdmmNNNNNNNNNNNNNNNNNNNNNNNNNNNNNNNNNNNNNNNNNNNNNNNNNNNNNNNNNNNNNNN
dsoooossyhdddmmmmmNmmdyyhhyyyyhddmmddddddmmmmmmmmmmddhyysosossoooooooooooo+++++++++oossyhhdddmmNNNNNNNNNNNNNNNNNNNNNNNNNNNNNNNNNNNNNNNNNNNNNNNNNNNNNNNNNNNNNNNh-dNNNNNNNNNNNNNNNNNNNNNNNNNmmNNNNNNNNNNNNNNNNNNNohNNNNNNNNNNNNy+mNNNNNNNNNNNNNNNNNNNNNNNNNNNNNNNNNNNNNNNNNNNNNNNN/+mNNNNNNNNNNNNNNNNNNNNNNNhNNNNNNNNNNh-mNNNNNNNNNNNmoymNNNNNNNNNNNNNNNNNNNNNNNNNNNNNNNNNNNNNNNNNNNNNNNNmmmNmNNNNmNNNNNNNmmNmmmmdsyhddmddhhoooosoosoooyhyy:shdhhyhmmNNNNNNNNNNNNNNNNNNNNNNNNNNNNNNNNNNNNNNNNNNNNNNNNNNNNNNNNNNNNNNNNN
soosyhhdmmmmNNNNNNNNNNNNNNNmmddhhdhhdhdmdmmmmmmmmddmmmmmdo+syyyyhdhhhhhhhyssoossyhddmmmNNNNNNNNNNNNNNNNNNNNNNNNNNNNNNNNNNNNNNNNNNNNNNNNNNNNNNNNNdmNNNNNNNNNNNNN+oNNNNNNNNNNNNNNNNNNNNNNNNNNNNNNNNNNNNNNNNNNNNNNNNNNNNNNNNNNNNm:yNNNNNNNNNNNNNNNNNNNNNNNNNNNNNNNNNNNNNNNNddNNNNNNddNNNNNNNNNNNNNNNNNNNNNNNNmNNNNNNNNNNNdNNNNNNNNNNNNNNNNNNNNNNNNNNNNNNNNNNNNNNNNNNNNNNNNNNNNNNNNNNNNNNNmmmNNNNNNNNNNNNNNNmmNNNmmdssyhhdhyss+o+oysssssymmdhodhhhhdmmNNNNNNNNNNNNNNNNNNNNNNNNNNNNNNNNNNNNNNNNNNNNNNNNNNNNNNNNNNNNNNNNNN
+oshdmmmmNNNNNNNNNNNNNNNNNNNNmmmmddhsoyyyhhhddmmmddmddmmho+oyhhyyyyssyysssyhdmmmNNNNNNNNNNNNNNNNNNNNNNNNNNNNNNNNNNNNNNNNNNNNNNNNNNNNNNNNNNNNNNNN//mNNNNNNNNNNNNNNNNNNNNNNNNNNNNNNNNNNNNNNNNNNNNNNNNNNNNNNNNNNNNNNNNNNNNNNNNNNNNmNNNNNNNNNNNNNNNNNNNNNNNNNNNNNNNNNNNNNNNmh/hmNNNNNNNNNNNNNNNNNNNNNNNNNNNNNNNNNNNNNNNNNNNNNNNNNNmsmNNNNNNNNNNNNNNNNNNNNNNNNNNNNNNNNNNNmNNmNNNNNNNNNNNNmmNNNNNNNNNmmNNNNNNNNNNNmmNmhssoooooysssohhhhhhhyyhho+yhhddmmmNNNNNNNNNNNNNNNNNNNNNNNNNNNNNNNNNNNNNNNNNNNNNNNNNNNNNNNNNNNNNNNNNN
oshdmmmNNNNNNNNNNNNNNNNNNNNNNNNNNNNmmhyssossssyhddmdmdddyosossossssyydddmmNmNNNNNNNNNNNNNNNNNNNNNNNNNNNNNNNNNNNNNNNNNNNNNNNNNNNNNNNNNNNNNNNNNNNNd+NNNNNNNNNNNNNNNNNNNNNNNNNdNNNNNNNNNNNNNNNNNNNNNNNNNNNNNNNNNNNNNNNNNNNNNNNNNNNNNNNNNNNNNNNNNNNNNNNNNNNNNNNNNNNNNNNNNNNNNsomNNNNNNNNNNNNNNNNNNNNNNNNNNNNNNNNNNNNNNNNNNNNNNNNNNd:mNNNNNNNNNNNNNNNNNNNNNNNNNNNNNNNNNNNNNNmNNNNNNNNNNNNmNNNNNNNNNNmmmmNmNNNNNNNmNNNmmdyyysoooyyyyyhhhhdhhhho+yhdddmmNNNNNmNNNNNNNNNNNNNNNNNNNNNNNNNNNNNNNNNNNNNNNNNNNNNNNNNNNNNNNNNNNNN
yhmmmNNNNNNNNNNNNNNNNNNNNNNNNNNNNNNNNNmmmddhsyhyyyhhhdhhhyhyhhhhhdmmmmmNNNNNNNNNNNNNNNNNNNNNNNNNNNNNNNNNNNNNNNNNNNNNNNNNNNNNNNNNNNNNNNNNNNNNNNNNNmNNNNNNNNNNNNNNNNNNNNNNNNN/hNNNNNNNNNNNNNNNNNNNNNNNNNNNNNNNNNNNNNNNNNNNNNNNNNNNNNNNNNNNNNNNNNNNNNNNNNNNNNNNNNNNNNNNNNNNNNmNNNNNNNNNNNNNNNNNNNNNNNNNNNNNNNNNNNNNNNNNNNNNNNNNNNNmNNNNNNNNNNNNNNNNNNNNNNNNNNNNNNNNNNNNNNNNNNNNNNNNNNNNNNNNNNNNNNmmmmmNNNNNNNNNNNNNNNmmddysos/-oyhdhhhdddddy:ohdddddmmNNmmmmddmmNmmmmNNNNNNNNNNNNNNNNNNNNNNNNNNNNNNNNNNNNNNNNNNNNNNNNNN
dmmmNNNNNNNNNNNNNNNNNNNNNNNNNNNNNNNNNNNNmNNNmmmmmmddNmmmmmmmNNNmmmNmNNNNNNNNNNNNNNNNNNNNNNddNNNNNNNNNNNNNNNNNNNNNNNNNNNNNNNNNNNNNNNNNNNNNNNNNNNNNNNNNNNNNNNNNNNNNNNNNNNNNNNmmNNNNNNNNNNNNNNNNNNNNNNNNNNNNNNNNNNNNNNNNNNNNNNNNNNNNNNNNNNNNNNNNNNNNNNNNNNNNNNNNNNNNNNNNNNNNNNNNNNNNNNNNNNNNNNNNNdNNNNNNNNNNNNNNNNNNNNNNNNNNNNNNNNNNNNNNNNNNNNNNNNNNNNNNNNNNNNNNNNNNNmNNNNNNNNNNNNNNNNNNmNNNNNNNmNNNNNNNNNNNNNNNNNNNNmdhhyssso/+syhddhhmNmdy//yhdddhddmNdyhyhhddmmmddmmmNNNNNNNNNNNNNNNNNNNNNNddNNNNNNNNNNNNNNNNNNNNNNN
mNNNNNNNNNNNNNNNNNNNNNNNNNNNNNNNNNNNNNNNNNNNNNNNNNNNNNNNNNNNNNNNNNNNNNNNNNNNNNNNNNNNNNNNNNmNNNNNNNNNNNNNNNNNNNNNNNNNNNNNNNNNNNNNNNNNNNNNNNNNNNNNNNNNNNNNNNNNNNNNNNNNNNNNNNNNNNNNNNNNNNNNm/dNNNNNNNNNNNNNNNNNNNNNNNNNNNNNNNNNNNNNNNNNNNNNNNNNNNNNNNNNNNNNNNNNNNNNNNNNyhNNNNNNNNNNNNNNmmNNNNNNNNNNNNNNNNNNNNNNNNNNNNNNNNNNdmNNNNNNNNNNNNNNNNNNNNNNNNNNNNNNNNNNNNNNNNNNNNNNNNNNNNNNNNNNNNNNNNNNNNNmNmNNNNNNNNNNNNNNNNmdhyyssso/osyhddddmmddds/ydhyyoymmmdsysyyhhmmddhhdmNNNNNNNNNNNNNNNNNNNNNNmsdNNNNNNNNNNNNNNNNNNNNNN
NNNNNNNNNNNNNNNNNNNNNNNNNNNNNNNNNNNNNNNNNNNNNNNNNNNNNNNNNNNNNNNNNNNNNNNNNNNNNNNNNNNNNNNNNNNNNNNNNNNNNNNNNNNNNNNNNNNNNNNNNNNNNNNNNNNNNNNNNNNNNNNdmNNNNNNNNNNNNNNNNNNNNNNNNNNNNNNNNNNNNNNNN+hNNNNNNNNNNNNNNNNNNNNNNNNNNNNNNNNNNNNNNNNNNNNNNNNNNNNNNNNNNNNNNNNNNNNNNNNNhoNNNNNNNNNNNNNNm/dNNNNNNNNNNNNNNNNNNNNNNNNNNNNNNNNm:hmNNNNNNNNNNNNNNNNNNNNNmmNNNNNNNNNNNNNNNNNNNNNNNNNNNNNNNNNNNNNNNNNNNNNNNNNNNNNNNNNNNNNNNNmdhhysosyyddmdhddddddmmy/hdyoo+shmmmdhyhoshmysmmyhmmmmmmmmNNNNNNNNNNNNNNNNNNNNNNNNNNNNNNNNNNNNNNNN
mNNNNNNNNNNNNNNNNNNNNNNNNNNNNNNNNNNNNNNNNNNNNNNNNNNNNNNNNNNNNNNNNNNNNNNNNNNNNNNNNNNNNNNNNNNNNNNNNNNNNNNNNNNNNNNNNNNNNNNNNNNNNNNNNNNNNNNNNNNNNNNooNNNNNNNNNNNNNNNNNNNNNNNNNNNNNNNNNNNNNNNNmNNNNNNNNNNNNNNNNNNNNNNNNNNNNNNNNNNNNNNNNNNNNNNNNNNNNNNNNNNNNNNNNNNNNNNNNNNNmNNNNNNNNNNNNNNNddNNNNNNNNNNNNNNNNNNNNNNdNNNNNNNNNNodNNNNNNNNNNNNNNNNNNNNNNh+mNNNNNNNNNNNNNNNNNNNNNNmmmNNNNNNNNNNNNNNNNNNNNNNNNNNNNNNNNNNNNNNmdhysssyhysssyoooossyys/:syssysshdmmmdhhhydysshmmdmmmmNNNNNNNNNNNNNNNNNNNNNNNNNNNNNNNNNNNNNNNNNNNN
mNNNNNNNNNNNNNNNNNNNNNNNNNNNNNNNNNNNNNNNNNNNNNNNNNNNNNNNNNNNNNNNNNNNNNNNNNNNNNNNNNNNNNNNNNNNNNNNNNNNNNNNNNNNNNNNNNNNNNNNNNNNNNNNNNyydNNNNNNNNNNmoNNNNNNNNNNNNNNNNNNNNNNNNNNNNNNNNNNNNNNNNNNNNNNNNNNNNNNNNNNNNNNNNNNNNNNNNNNNNNNNNNNNNNNNNNNNNNNNNNNNNNNNNNNNNNNNNNNNNNNNNNNNNNNNNNNNNNNNNNNNNmmNNNNNNNNNNNNNNNNNNNNNNNNNNNNNNNNNNNNNNNNNNNNNNNNNmdmNNNNNNNNNNNNNNNNNNNNNNNNNNNNNNNNNNNNNNNNNNNNNNNNNNNNNNNNNNNNNNmmdysyhddmmddmhhyhhddhhyyysydmmhssyhdddddh+ho+/yddmmNNNNNNNNNNNNNNNNNNNNNNNNNNNNNNNNNNNNNNNNNNNNNNN
mmmNNNNNNNNNNNNNNNNNNNNNNNNNNNNNNNNNNNNNNNNNNNNNNNNNNNNNNNNNNNNNNNNNNNNNNNNNNNNNNNNNNNNNNNNNNNNNNNNNNNNNNNNNNNNNNNNNNNNNNNNNNNNNNNd+/dNNNNNNNNNNNNNNNNNNNNNNNNNNNNNNNNNNNNNNNNNNNNNNNNNNNNNNNNNNNNNNNNNNNNNNNNNNNNNNNNNNNNNNNNNNNNNyymNNNNNNNNNNNNNNNNNNNNNNNNNNNNNNNNNNNNNNNNNNNmmdNNNNNNNNN/sNNNNNNNNNNNNNNNNNNNNNNNNNNNNNNNNNNNNNNNNNNNNNNNNNNNNNNNNNNNNNNNNNNNNNNNNmNNNNNNmNNNNNNNNNNNNNNNNNNNNNNNNNNNNNNNNNmdhydhymmmddddddmdNNNmmmmNNmmdmddhhhddhhhhyssooosdmmmmNNNNNNNNNNNNNNNNNNNNNNNNNNNNNNNNNNNNNNNNNNNNNN
NNNNNNNNNNNNNNNNNNNNNNNNNNNNNNNNNNNNNNNNNNNNNNNNNNNNNNNNNNNNNNNNNNNNNNNNNNNNNNNNNNNNNNNNNNNNNNNNNNNNNNNNNNNNNNNNNNNNNNNNNNNNNNNNNNNNdmNNNNNNNNNNNNNNNNNNNNNNNNNNNNNNNNNNNNNNNNNNNNNNNNNNNNNNmdNNNNNNNNNNNNNNNNNNNNNNNNNNNNNNNNNNNNNy:mNNNNNNNNNNNNNNNNNNNNNNNh/dNNNNNNNNNNNNNNNNNs/+dNNNNNNNNydNNNNNNNhNNNNNNNNNNNNNmNNNNNNNNNNNNNNNNNdNNNNNNNNNNNNNNNNNNNNNNNNNNNNNNNNmmNNNNNNNNNNNNNNNNNNNNNNNNNNNNNNNmNmmmmmdhyhhhhhdhyssyssdddmmmmmmmNmmdymmmdddddhhhyyyyyhddmmmmdmNNNNNNNNNNNNNNNNNNNNNNNNNNNNNNNNNNNNNNNNNNNNN
mmNNNNNNNNNNNNNNNNNNNNNNNNNNNNNNNNNNNNNNNNNNNNNNNNNNNNNNNNNNNNNNNNNNNNNNNNNNNNNNNNNNNNNNNNNNNNNNNNNNNNNNNNNNNNNNNNNNNNNNNNNNNNNNNNNNNNNNNNNNNNNNNNdNNNNNNNNNNNNNNNNNNNNNNNNNNNNNNNNNNNNNNNNNd+hNNNNNNNNNNNNNNNNNNNNNNNNNNNNNNNNNNNNNdNNNNNNNNNNNNNNNNNNNNNNNNmohNNNNNNNNNNNNNNNNNmoyNNNNNNNNNNNNNNNNNNmNNNNNNNNNNNNN+mNNNNNNNNNNNNNNNNmNNNNNNNNNNNNNNNNNNNNNNNNNNNNNNNNNNNNNNNNNNNNNNNNNNNNNNNNNNNNNNmmmmmmddmysyhhhhhhhhyoooosshhhddmmNmmmddyhmddddhdhyssyhddmmNNmmmmNNNNNNNNNNNNNNNNNNNNNNNNNNNNNNNNNNNNNNNNNNNNNN
NmmNNNNNNNNNNNNNNNNNNNNNNNNNNNNNNNNNNNNNNNNNNNNNNNNNNNNNNNNNNNNNNNNNNNNNNNNNNNNNNNNNNNNNNNNNNNNNNNNNNNNNNNNNNNNNNNNNNNNNNNNNNNNNNNNNNNNNNNNNNNNNNN+oNNNNNNNNNNNNNNNNNNNNNNNNNNNNNNNNNNNNNNNNNmmNNNNNNNNNNNNNNNNNNNNNNNNNNNNNNNNNNNNNNNNNNNNNNNNNNNNNNNNNNNNNNNNNNNNNNNNNNNNNNNNNNNNNNNNNNNNNNNNNNNNNNNNNNNNNNNNNNNNNmNNNNNNNNNNNNNNNNNNNNNNNNNNNNNNNNNNNNNNNNNNNNNNNNNNNNNNNNmNNNNNNNNNNNNNNNNNNNNNmmmdddhyyhhhhhhhhhhdhhoooooohddddmmmNmmmmdhhddddhhdhysyydmmmNNNNNNNNNNNNNNNNNNNNNNmNNNNNNNNNNNNNNNNNNNNNNNNNNNNNN
NNNNNNNNNNNNNNNNNNNNNNNNNNNNNNNNNNNNNNNNNNNNNNNNNNNNNNNNNNNNNNNNNNNNNNNNNNNNNNNNNNNNNNNNNNNNNNNNNNNNNNNNNNNNNNNNNNNNNNNNNNNNNdodNNNNNNNNNNNNNNNNNNdomNNNNNNNNNNNNNNNNNNNNNNNNNNNNNNNNNNNNNNNNNNNNNNNNNNNNNNNNNNNNNNNNNNNNNNNNNNNNNNNNNNNNNNNNNNNNNNNNNNNNNmmNNNNNNNNNNNNNNNNNNNNNNNNNNNNNNNNNNNNNNNNNNNNNNNNNNNNNNNNNNNNNNNNNNNNNNNNNNNNNNNNNNNNNNNNNNNNNNNNNNNNNNNNNNNNNNNNNNNNNNNNNNNNNNNNNmNNNNmmmmdyyhhhhhhyyssyyyhhhyyyhyhNmmmmmdmmmdmmdsyhhdhhyyysyhdmmNNNNNNNNNNNNNNNNNNNNNNmmmNNNNNNNNNNNNNNNNNNNNNNNNNNNNNN
NNNNNNNNNNNNNNNNNNNNNNNNNNNNNNNNNNNNNNNNNNNNNNNNNNNNNNNNNNNNNNNNNNNNNNNNNNNNNNNNNNNNNNNNNNNNNNNNNNNNNNNNNNNNNNNNNNNNNNNNNNNNNmo+NNNNNNNNNNNNNNNNNNNNNNNNNNNNNNNNNNNNNNNNNNNNNNNNNNNNNNNNNNNNNNNNNNNNNNNNNNNNNNNNNNNNNNNNNNNNNNNNNNNNNNNh/mNNNNNNNNNNNNNNNNy:ymNNNNNNNNNNNNNNNmdNNNNNNNNNNNNNNNNNNNNNNmmNNNNNNNNNNNNNNNNNNNNNNNNNNNNNNNNNNNNNNNNNNNNNNNNNNNNNNNNNNNNNNNNNNNNNNNNNNNNNNNNNNNmmNNNNmmmmmmmyssssssssso+oosshhyhhhhmNNmmdddddmmmdhyysssyyyhysyydmmNNNNNNNNNNNNNNNNNNNNNNNNNNNNNNNNNNNNNNNNNNNNNNNNNNNNNNN
NNNNNNNNNNNNNNNNNNNNNNNNNNNNNNNNNNNNNNNNNNNNNNNNNNNNNNNNNNNNNNNNNNNNNNNNNNNNNNNNNNNNNNNNNNNNNNNNNNNNNNNNNNNNNNNNNNNNNNNNNNNNNNNdNNNNNNNNNNNNNNNNNNNNNNNNNNNNNNNNNNNNNNNNNNNNNNNNNNNNNNNNNNNNNNNNNNNNNNNNNNNNNNNNNNNNNNNNNNNNNNNNNNNNNNNm-hNNNNNNNNNNNNNNNNm/+mNNNNNNNNNNNNNNNh/dNNNNNNNNNNNNNNNNNNNNNsdNNNNNNNNNNNNNNNNNNNNNNNNNNNNNNNNNNNNNNNNNNNNNNNNNNNNNNNNNNNNNNNNNNNNNNNNNNNNNNNNNNNNNNmNmmmmmmmmddhhhddmdmdhydddyssyyyyhmmmmmmmdhhdhyssssssyyhhhyyyhdmmmmmNNNNNNNNNNNNNNNNNNNNNNNNNNNNNNNNNNNNNNNNNNNNNNNNNNN
NNNNNNNNNNNNNNNNNNNNNNNNNNNNNNNNNNNNNNNNNNNNNNNNNNNNNNNNNNNNNNNNNNNNNNNNNNNNNNNNNNNNNNNNNNNNNNNNNNNNNNNNNNNNNNNNNmdNNNNNNNNNNNNNNNNNNNNNNNNNNNNNNNNNNNNNNNNNdmNNNNNNNNNNNmmNNNNNNNNNNNNNNNNNNNNNNNNNNNNNNNNNNNNNNNNNNNNNNNNNNNNNNNNNNNNNmmNNNNNNNNNNNNNNNNNmdNNNNNNNNNNNNNNNNm/hNNNNNNNNNNNNNNNNNNNNNNNNNNNNNNNNNNNNNNNNNNNNNNNNNNNNNNNNNNNNNNNNNNNNNNNNNNNNNNNNNNNNNNNNNNNNNNNNNNNNNNNNNNNNNNNNNNNmmmmmmmmmmmmmNmmmmNmdhdddyssyhdmNmmdyyysossyyyyyydddyyyhhdmmmmNNNNNNNNNNNNNNNNNNNNNNNNNNNNNNNNNNNNNNNNNNNNNNNNNNN
NNNNNNNNNNNNNNNNNNNNNNNNNNNNNNNNNNNNNNNNNNNNNNNNNNNNNNNNNNNNNNNNNNNNNNNNNNNNNNNNNNNNNNNNNNNNNNNNNNNNNNNNNNNNNNNNNNsohNNNNNNNNNNNNNNNNNNNNNNNNNNNNNNNNNNNNNNNNNNNNNNNNNNNN//hNNNNNNNNNNNNNNNNNNNNNNNNNNNNNNNNNNNNNNNNNNNNNNNNNNNNNNNNNNNNNNNNNNNNNNNNNNNNNNNNNNNNNNNNNNNNNNNNNNmNNNNNNNNNNNNNNNNNNNNNNNNNNNNNNNNNNNNNNNNNNNNNNNNNNNdyNNNNNNNNNNNNNNNNNNNNNNNNNNNNNNNNNNNNNNNNNNNNNNNNNNNNNNNNNNNNNNNNNNNNNNNNNNmNNNNNNNNNNNmmdysyhhhhdy:sddssyyyhhhhydmmmdddhymmdmmNNNNNNNNNNNNNNNNNNNNNNNNNNNNNNNNNNNNNNNNNNNNNNNNNN
NNNNNNNNNNNNNNNNNNNNNNNNNNNNNNNNNNNNNNNNNNNNNNNNNNNNNNNNNNNNNNNNNNNNNNNNNNNNNNNNNNNNNNNNNNNNNNNNNNNNNNNNNNNNNNNNNNNhyNNNNNNNNNNNNNNNNNNNNNNNNNNNNNNNNNNNNNNNNNNNNNNNNNNNNd:oNNNNNNNNNdNNNNNNNNNNNNNNNNNNNNNNNNNNNNNNNNNNNNNNNNNNNNmNNNNNNNNNNNNNNNNNNNNNNNNNNNNNNNNNNNNNNNNNNNNNNNNNNNNNNNNNNNNNNNNNNNNNNNNNNNNNNNNNNNNNNNNNNNNNNNdyNNNNNNNNNNNNNNNNNNNNNNNNNNNNNNNNNNNNNNNNNNNmNNNNNNNNNNNNNNNNNNNNNNNNNNNNNNNNNNNNNNNNNNNmmyhhhdhyyy.smmhddmmmmddddmmmdmmmydmmmmmNNNNNNNNNNNNNNNNNNNNNNNNNNNNNNNNNNNNNNNNNNNNNNNNN
NNNNNNNNNNNNNNNNNNNNNNNNNNNNNNNNNNNNNNNNNNNNNNNNNNNNNNNNNNNNNNNNNNNNNNNNNNNNNNNNNNNNNNNNNNNNNNNNNNNNNNNNNNNNNNNNNNNNNmNNNNNNNNNNNNNNNNNNNNNNNNNNNNNNNNNNNNNmmNNNNNNNNNNNNNNdNNNNNNNNm:hNNNNNNNNNNNNNNNNNNNNNNNNNNNNNNNNNNNNNNNNNNy+mNNNNNNNNNNNNNNNNNNNNNNNNNNNNNNNNNNNNNNNNNNNNNNNNNNNNNNNNNNNmNNNNNNNNNNNNNNNNNNNNNNNNNNNNydNNNNNNNNNNNNNNNNNNNNNNNNNNNNNNNNNNNNNNNNNNNNNNNNNNNNNNNNNNNNNNNNmNNNNNNNNNNNNNNNNNNNNNNNNNNNNNNNNmdsyydd:/dmdmdmmNmmNmmmmmmmmmdymmmNNNNNNNNNNNNNNNNNNNNNNNNNNNNNNNNNNNNNNNNNNNNNNNNNNN
mNNNNNNNNNNNNNNNNNNNNNNNNNNNNNNNNNNNNNNNNNNNNNNNNNNNNNNNNNNNNNNNNNNNNNNNNNNNNNNNNNNNNNNNNNNNNNNNNNNNNNNNNNNNNNNNNNNNNNNNNNNNNNNNNNNNNNNNNNNNNNNNNNNNNNNNNNm+.smNNNNNNNNNNNNNNNNNNNNNNmdNNNNNNNNNNNNNNNNNNNNNNNNNNNNNNNNNNNNNNNNNNm+dNNNNNNNNNNNNNNNNNNNNNNNNNNNNNNNNNNNNNNNNNNNNNNNNNNNNNNNNNNNmNNNNNNNNNNNNNNNNNNNNNNNNNNNNsmNNNNNNNNNNNNNNNNNNNNNNNNNNNNNNNNNNNNNNNNNNNNNNNNNNNNNNNNNNNNNNNNNNNmNNNNNmNmNNNNNNNNNNNNNNNNNNNNNNNmNNNm/:dmmmmmNNNmmmmmmmNmmmNyhNNNNNNNNNNNNNNNNNNNNNNNNNNNNNNNNNNNNNNNNNNNNNNNNNNNNN
NNNNNNNNNNNNNNNNNNNNNNNNNNNNNNNNNNNNNNNNNNNNNNNNNNNNNNNNNNNNNNNNNNNNNNNNNNNNNNNNNNNNNNNNNNNNNNNNNNNNNNNNNNNNNNNNNNNNNNNNNNNNNNNNNNNNNNNNNNNNNNNNNNNNNNNNNNNy`.dmNNNNNNNNNNNNNNNNNNNNNNNNNNNNNNNNNNNNNNNNNNNNNNNNNNNNNNNNNNNNNNNNNNNNNNNNNNNNNNNNNNNNNNNNNNNNNNNNNNNNNNNNNNNNNNNNNNNNNNNNNNNNNNNNNNNNNNNNNNNNNNNNNNNNNNNNNNNNNNNNNNNNNNNNNNNNNNNNNNNNNNNNNNNNNNNNNNNNNNNNNNNNNNNNNNNNNNNNNNNNNNNNNNNNNNNNNNNNNNNNNNNNNNNNNNNNNNNNNNNNNms-mNNNmmNNNNNNNNNNNNNNNmsNNNNNNNNNNNNNNNNNNNNNNNNNNNNNNNNNNNNNNNNNNNNNNNNNNNNN
NNNNNNNNNNNNNNNNNNNNNNNNNNNNNNNNNNNNNNNNNNNNNNNNNNNNNNNNNNNNNNNNNNNNNNNNNNNNNNNNNNNNNNNNNNNNNNNNNNNNNNNNNNNNNNNNNNNNNNNNNNNNNNNNNNNNNNNNNNNNNNNNNNNNNNNNNNNNs:dNNNNNNNNNNNNNNNNNNNNNNNNNNNNNNNNNNNNNNNNNNNNNNNNNNNNNNNNNd+mNNNNNNNNNNNNNNNNNNNNNNNNNNNNNNNNNNNNNNNNNNNNNNNNNNNNNNNNNNNNNNNNNNNNNNNNNNNNNNNNNNNNNNd+mNNNNNNNNNNNNNNNNNNNNNNNNNNNNNNmmNNNNNNNNNNNNNNNNNNNNNNNNNNNNNNNNNNNNNNNNNNNNNNNNNNNNNNNNNNNNNNNNNNNNNNNNNNNNNNNNNmh.mmNNNNNNNNNNNNNNNNNNNNhdNNNNNNNNNNNNNNNNNNNNNNNNNNNNNNNNNNNNNNNNNNNNNNNNNNNN
NNNNNNNNNNNNNNNNNNNNNNNNNNNNNNNNNNNNNNNNNNNNNNNNNNNNNNNNNNNNNNNNNNNNNNNNNNNNNNNNNNNNNNNNNNNNNNNNNNNNNNNNNNNNNNNNNNNNNNNNNNNNNNNNNNNNNNNNNNNNNNNNNNNNNNNNNNNNNmNNNNNNNNNNNNNNNNNNNNNNNNNNNNNNNNNNNNNNNNNNNNNNNNNNNNNNNNNNm:yNNNNNNNNNNNNNNNNNNNNNNNNNNNNNNNNNNNNNNNNNNNNNNNNNNNNNNNNNNNNNNNNNNNNNNNNNNNNNNNNNNNNNNm/mNNNNNymNNNNNNNNNNNNNNNNNNNNNNNNmNNNNNNNNNNNNNNNNNNNNNNNNNNNNNNNNNNNNNNNNNNNNNNNNNNNNNNNNNNNNNNNNNNNNNNNNNNNNNNNNNmm+mmNNNNNNNNNNNNNNNNNNNNmsmyoydNNNNNNNNNNNNNNNNNNNNNNNNNNNNNNNNNNNNNNNNNNNNNNN
NNNNNNNNNNNNNNNNNNNNNNNNNNNNNNNNNNNNNNNNNNNNNNNNNNNNNNNNNNNNNNNNNNNNNNNNNNNNNNNNNNNNNNNNNNNNNNNNNNNNNNNNNNNNNNNNNNNNNNNNNNNNNNNNNNNNNNNNNNNNNNNNNNNNNNNNNNNNNNNNNNNNNNNNNNNNNNNNNNNNNNNNNNNNNNNNNNNNNNNNNNNNNNNNNNNNNNNNNNmNNNNNNNNNNNNNNNNNNNNNNNNNNNNNNNNNNNNNNNNNNNNNNNNNNNNNNNNNNNNNNNNNNNNNNNNNNNNdNNNNNNNNNNmNNNNNNhsNNNNNNNNNNNNNNNNNNNNNNNNNNNNNNNNNNNNNNNNNNNNNNNNNNNNNNNNNNNNNNNNNNNNNNNNNNNNNNNNNNNNNNNNNNNNNNNNNNNNNNNNmmdd+dmNNNNNNNNNNNNNNNNNNNNyosyhdmNNNNNNNNNNNNNNNNNNNNNNNNNNNNNNNNNNNNNNNNNNNNNNN
NNNNNNNNNNNNNNNNNNNNNNNNNNNNNNNNNNNNNNNNNNNNNNNNNNNNNNNNNNNNNNNNNNNNNNNNNNNNNNNNNNNNNNNNNNNNNNNNNNNNNNNNNNNNNNNNNNNNNNNNNNNNNNNNNNNNNNNNNNNNNNNNNNNNNNNNNNNNNNNNNNNNNNNNNNNNNNNNNNNNNNNNNNNNNNNNNNNNNNNNNNNNNNNNNNNNNNNNNNNNNNNNNNNNNNNNNNNNNNNNNNNNNNNNNNNNNNNNNNNNNNNNNNNNNNNNNNNNNNNNNNNNNNNNNNNNNNNNNNNNNNNNNNNNNNNNNNNNNNNNNNdmNNNNNNNNNNNNNNNNNNNNNNNNNNNNNNNNNNNNNNNNNNNNNNNNNNNNNNNNNNNNNNNNNNNNNNNNNNNNNNNNNNNNNNNNNNNNNNNm+`  omNNNNNNNNNNNNNNNNNNNNNNNNNNNNNNNNNNNNNNNNNNNNNNNNNNNNNNNNNNNNNNNNNNNNNNNNNN
NNNNNNNNNNNNNNNNNNNNNNNNNNNNNNNNNNNNNNNNNNNNNNNNNNNNNNNNNNNNNNNNNNNNNNNNNNNNNNNNNNNNNNNNNNNNNNNNNNNNNNNNNNNNNNNNNNNNNNNNNNNNNNNNNNNNNNNNNNNNNNNNNNNNNNNNNNNNNNNNNNNNNNNNNNNNNNNNNNNNNNNNNNNNNNNNNNNNNNNNNNNNNNNNNNNNNNNNNNNNNNNd+dNNNNNNNNNNNNNNNNNNNNNNNNNNmmNNNNNNNNNNNNNNNNNNNNNNNNNNNNNNNNNNNNNNNNNNNNNNNNNNNNNNNNNNNNNNNNNNNN:dNNNNNNNNNNNNNNNNNNNhyNNNNNNNNNNNNNNNNNNNNNNNNNNNNNNNNNNNNNNNNNNNNNNNNNNNNNNNNNNNNNNNNNNNNNNNNNNNmdssdNNNNNNNNNNNNNNNNNNNNNNNNNNNNNNNNNNNNNNNNNNNNNNNNNNNNNNNNNNNNNNNNNNNNNNmmmNN
NNNNNNNNNNNNNNNNNNNNNNNNNNNNNNNNNNNNNNNNNNNNNNNNNNNNNNNNNNNNNNNNNNNNNNNNNNNNNNNNNNNNNNNNNNNNNNNNNNNNNNNNNNNNNNNNNNNNNNNNNNNNNNNNNNNNNNNNNNNNNNNNNNNNNNNNNNNNNNNNNNNNNNNNNNNNNNNNNNNNNNNNNNNNNNNNNNNNmddNNNNNNNNNNNNNNNNNNNNNNNNN+sNNNNNNNNNNNNNNNNNNNNNNNNNNd:NNNNNNNNNNNNNNNNNNNNNNNysmNNNNNNNNNNNNNNNNNNNNNNNNNNNNNNNNNNNNNNNNNNmNNNNNNNNNNNNNNNNNNNN/smNNNNNNNNNNNNNNNNNNNNNNNNNNNNNNNNNNNNNNNNNNNNNNNNNNNNNNNNNNNNNNNNNNNNNNNNNNNNNNNNNNNNNNNNNNNNNNNNNNNNNNNNNNNNNNNNNNNNNNNNNNNNNNNNNNNNNNNNNNNNNNNNNNNNNNNNNN
NNNNNNNNNNNNNNNNNNNNNNNNNNNNNNNNNNNNNNNNNNNNNNNNNNNNNNNNNNNNNNNNNNNNNNNNNNNNNNNNNNNNNNNNNNNNNNNNNNNNNNNNNNNNNNNNNNNNNNNNNNNNNNNNNNNNNNNNNNNNNNNNNNNNNNNNNNNNNNNNNNNNNNNNNNNNNNNNNNNNNNNNNNNNNNNNNNNNm+-ymNNNNNNNNNNNNNNNNNNNNNNNNmNNNNNNNNNNNNNNNNmsdNNNNNNNNmNNNNNNNNNNNNNNNNNNNNNNN/.yNNNNNNNNNNNNNNNNNNssNNNNNNNNNNNNNNNNNNNNNNNNNNNNNNNNNNNNNNNNNNNdNNNNNNNNNNNNNNNNNNNNNNNNNNNNNNNNNNNNNNNNNNNNNNNNNNNNNNNNNNNNNNNNNNNNNNNNNNNNNNNNNNNNNNNNNNNNNNNNNNNNNNNNNNNNNNNNNNNNNNNNNNNNNNNNNNNNNNNNNNNNNNNNNNNNNNNNNNNN
NNNNNNNNNNNNNNNNNNNNNNNNNNNNNNNNNNNNNNNNNNNNNNNNNNNNNNNNNNNNNNNNNNNNNNNNNNNNNNNNNNNNNNNNNNNNNNNNNNNNNNNNNNNNNNNNNNNNNNNNNNNNNNNNNNNNNNNNNNNNNNNNNNNNNNNNNNNNNNNNNNNNNNNNNNNNNNNNNNNNNNNNNNNNNNNNNNNNNd/sNNNNNNNNNNNNNNNNNNNNNNNNNNNNNNNNNNNNNNNNNNNdomNNNNNNNNNNNNNNNNNNNNNNNNNNNNNNNd-dNNNNNNNNNNNNNNNNNNymNNNNNNNNNNNNNNNNNNNNNNNNNNNNNNNhmNNNNNNNNNNNNNNNNNNNNNNNNNNNNNNNNNNNNNNNNNNNNNNNNNNNNNNNNNNNNNNNNNNNNNNNNNNNNNNNNNNNNNNNNNNNNNNNNNNNNNNNNNNNNNNNNNNNNNNNNNNNNNNNNNNNNNNNNNNNNNNNNNNNNNNNNNNNNNNNNNNNNNNN
NNNNNNNNNNNNNNNNNNNNNNNNNNNNNNNNNNNNNNNNNNNNNNNNNNNNNNNNNNNNNNNNNNNNNNNNNNNNNNNNNNNNNNNNNNNNNNNNNNNNNNNNNNNNNNNNNNNNNNNNNNNNNNNNNNNNNNNNNNNNNNNNNNNNNNNNNNNNNNNNNNNNNNNNNNNNNNNNNNNNNNNNNNNNNNNNNNNNNNNdNNNNNNNNNNNNNNNNNNNNNNNNNNNNNNNNNNNNNNNNNNNNNNNNNNNNNN+yNNNNNNNNNNmNNNNNNNNNNNmNNNNNNNNNNNNNNNNNNNNNNNNNNhomNNNNNNNNNNNNNNNNNNNNNNN/yNNNNNNNNNNNNNNNNNNNNNNNNNNNNNddNNNNNNNNNNNNmNNNNNNNNNNNNNNNNNNNNNNNNNNNNNNNNNNNNNNNNNNNNNNNNNNNNNNNNNNNNNNNNNNNNNNNNNNNNNNNNNNNNNNNNNNNNNNNNNNNNNNNNNNNNNNNNNNNNNNNNNNN
NNNNNNNNNNNNNNNNNNNNNNNNNNNNNNNNNNNNNNNNNNNNNNNNNNNNNNNNNNNNNNNNNNNNNNNNNNNNNNNNNNNNNNNNNNNNNNNNNNNNNNNNNNNNNNNNNNNNNNNNNNNNNNNNNNNNNNNNNNNNNNNNNNNNNNNNNNNNNNNNNNNNNNNNNNNNNNNNNNymNNNNNNNNNNNNNNNNNNNNNNNNNNNNNNNNNNNNNNNNNNNNNNNNNNNNNNNNNNNNNNNNNNNNNNNNNNo+NNNNNNNNNh:hNNNNNNNNNNNNNNNNNNNNNNNNNNNNNNNNNNNNNmsoNNNNNNNNNNNNd/mNNNNNNNNmmNNNNNNNNNNNNNNNNNNNNNNNNNNNNNh+mNNNNNhmNNNNNNNNNNNNNNNNNNNNNNNNNNNNNNNNNNNNNNNNNNNNNNNNNNNNNNNNNNNNNNNNNNNNNNNNNNNNNNNNNNNNNNNNNNNNNNNNNNNNNNNNNNNNNNNNNNNNNNNNNNNNNNNN
NNNNNNNNNNNNNNNNNNNNNNNNNNNNNNNNNNNNNNNNNNNNNNNNNNNNNNNNNNNNNNNNNNNNNNNNNNNNNNNNNNNNNNNNNNNNNNNNNNNNNNNNNNNNNNNNNNNNNNNNNNNNNNNNNNNNNNNNNNNNNNNNNNNNNNNNNNNNNNNNNNNNNNNNNNNNNNNNNNy:yNNNNNNNNNNNNNNNNNNNNNNNNNNNNNNNNNNNNNNNNNNNNNNNNNNNNNNNNNNNNNNNNNNNNNNNNNmmNNNNNNNNNNsyNNNNNNNNNNNNNNNNNNNNNNNNNNNNNNNNNNNNNNNmNNNNNNNNNNNNNymNNNNNNNNNNNNNNNNNNNNNNNNNNNNNNNNNNNNNNNNmNNNNNNoyNNNNNNNNNNNNNNNNNNNNNNNNNNNNNNNNNNNNNNNNNNNNNNNNNNNNNNNNNNNNNNNNNNNNNNNNNNNNNNNNNNNNNNNNNNNNNNNNNNNNNNNNNNNNNNNNNNNNNNNNNNNNNNNN
NNNNNNNNNNNNNNNNNNNNNNNNNNNNNNNNNNNNNNNNNNNNNNNNNNNNNNNNNNNNNNNNNNNNNNNNNNNNNNNNNNNNNNNNNNNNNNNNNNNNNNNNNNNNNNNNNNNNNNNNNNNNNNNNNNNNNNNNNNNNNNNNNNNNNNNNNNNNNNNNNNNNNNNNNNNNNNNNNNNsoNNNNNNNNNNNNNNNNNNNNNNNNNNNNNNNNNNNNNNNNNNNNNNNNNNNNNNNNNNNNNNNNNNNNNNNNNNNNNNNNNNNNNNmNNNNNNNNNNNNNNNNNNNNNNNNNNNNNNNNNNNNNNNNNNNNNNNNNNNNNNNNNNNNNNNNNNNNNNNNNNNNNNNNNNNNNNNNNNNNNNNNNNNNNNmmNNNNNNNNNNNNNNNNNNNNNNNNNNNNNNNNNNNNNNNNNNNNNNNNNNNNNNNNNNNNNNNNNNNNNNNNNNNNNNNNNNNNNNNNNNNNNNNNNNNNNNNNNNNNNNNNNNNNNNNNNNNNNNNN
NNNNNNNNNNNNNNNNNNNNNNNNNNNNNNNNNNNNNNNNNNNNNNNNNNNNNNNNNNNNNNNNNNNNNNNNNNNNNNNNNNNNNNNNNNNNNNNNNNNNNNNNNNNNNNNNNNNNNNNNNNNNNNNNNNNNNNNNNNNNdddNNNNNNNNNNNNNNNNNNNNNNNNNNNNNNNNNNNNNNmNNNNNNNNNNNNNNNNNNmdNNNNNNNNNNNNNNNNNNNNNNNNNNNNNNNNNNNNNNNNNNNNNNNNNNNNNNNNNNNNNNNNNNNNNNNNNNNNNNNNNNNNNNNNNNNNNNNNNNNNNNNNNNNNNNNNNNNNNNNNNNNNNNNNNNNNNNNNNmdomNNNNNNNNNNNNNNNNNNNNNNNNNNNNNNNNNNNNNNNNNNNNNNNNNNNNNNNNNNNNNNNNNNNNNNNNNNNNNNNNNNNNNNNNNNNNNNNNNNNNNNNNNNNNNNNNNNNNNNNNNNNNNNNNNNNNNNNNNNNNNNNNNNNNNNNNNNNNN
NNNNNNNNNNNNNNNNNNNNNNNNNNNNNNNNNNNNNNNNNNNNNNNNNNNNNNNNNNNNNNNNNNNNNNNNNNNNNNNNNNNNNNNNNNNNNNNNNNNNNNNNNNNNNNNNNNNNNNNNNNNNNNNNNNNNNNNNNNNNmhsmNNNNNNNNNNNNNNNNNNNNNNNNNNNNNNNNNNNNNNNNNNNNNNNNNNNNNNNNmmNNNNNNNNNNNNNNNNNNNNNNNNNNNNNNNNNNNNNNNNNNNNNNNNNNNNNNNNNNNNNNNNNNNNNNNNNNNNNNNNNNNNNNNNNNNNNNNNNNNNNNNNNNNNNNNNNNNNNNNNNNNNNNNNNNNNNNNNNNysmNNNNNNNNNNNNNNNNNNNNNNNNNNNNNNNNNNNNNNNNNNNNNNNNNNNNNNNNNNNNNNNNNNNNNNNNNNNNNNNNNNNNNNNNNNNNNNNNNNNNNNNNNNNNNNNNNNNNNNNNNNNNNNNNNNNNNNNNNNNNNNNNNNNNNNNNNNNNN
NNNNNNNNNNNNNNNNNNNNNNNNNNNNNNNNNNNNNNNNNNNNNNNNNNNNNNNNNNNNNNNNNNNNNNNNNNNNNNNNNNNNNNNNNNNNNNNNNNNNNNNNNNNNNNNNNNNNNNNNNNNNNNNNNNNNNNNNNNNNNNNNNNNNNNNNNNNNNNNNNNNNNNNNNNNNNNNNNNNNNNNNNNNNNNNNNNNNNNNNNNNNNNNNNNNNNNNNNNNhodNNNNNNNNNNNNNNNNNNNNNNNNNNNNNNNNNNNNNNNNNNNNNNNNNNNNNNNNNNNNNNNNNNNNNNNNNNNNNNNNNNNNNNNNNNNNNNNNNNNNNNNNNNNNNNNNNNNNNNmmNNNNNNNNNNNNNNNNNNNNNNNNNNNNNNNNNNNNNNNNNNNNNNNNNNNNNNNNNNNNNNNNNNNNNNNNNNNNNNNNNNNNNNNNNNNNNNNNNNNNNNNNNNNNNNNNNNNNNNNNNNNNNNNNNNNNNNNNNNNNNNNNNNNNNNNNNNNNNN
NNNNNNNNNNNNNNNNNNNNNNNNNNNNNNNNNNNNNNNNNNNNNNNNNNNNNNNNNNNNNNNNNNNNNNNNNNNNNNNNNNNNNNNNNNNNNNNNNNNNNNNNNNNNNNNNNNNNNNNNNNNNNNNNNNNNNNNNNNNNNNNNNNNNNNNNNNNNNNNNNNNNNNNNNNNNNNNNNNNNNNNNNNNNNNNNNNNNNNNNNNNNNNNNNNNmNNNNNNNm+sNNNNNNNNNNNNNNNNNNNNNNNNNNNNNNNNNNNNNNNNNNNNNNNNNNNNNNNNNNNNNNNNNNNNNNNNNNNNNNNNNNNNNNNNNNmodNNNNNNNmsdNNNNNNNNNNNNNNNNNNNNNNNNNNNNNNNNNNNNNNNNNNNNNNNNNNNNNNNNNNNNNNNNNNNNNNNNNNNNNNNNNNNNNNNNNNNNNNNNNNNNNNNNNNNNNNNNNNNNNNNNNNNNNNNNNNNNNNNNNNNNNNNNNNNNNNNNNNNNNNNNNNNNNNNNNNNNNNN
NNNNNNNNNNNNNNNNNNNNNNNNNNNNNNNNNNNNNNNNNNNNNNNNNNNNNNNNNNNNNNNNNNNNNNNNNNNNNNNNNNNNNNNNNNNNNNNNNNNNNNNNNNNNNNNNNNNNNNNNNNNNNNNNNNNNNNNNNNNNNNNNNNNNNNNNNNNNNNNNNNNNNNNNNNNNNNNNNNNNNNNNNNNNNNNNNNNNNNNNNNNNNNNNNNNy/mNNNNNNNmNNNNNNNNNNNNNNNNNNNNNNNNNNNNNNNNNNNNNNNNNNNNNNNNNNNNNNNNNNNNNNNNNNNNNNNNNNNNNNNNNNNNNNNNNNm:yNNNNNNNm-hNNNNNNNNNNNNNNNNNNNNNNNNNNNNNNhsmNNNNNNNNNNNNNNNNNNNNNNNNNNNNNNNNNNNNNNNNNNNNNNNNNNNNNNNNNNNNNNNNNNNNNNNNNNNNNNNNNNNNNNNNNNNNNNNNNNNNNNNNNNNNNNNNNNNNNNNNNNNNNNNNNNNNNNNNNNNNNN
NNNNNNNNNNNNNNNNNNNNNNNNNNNNNNNNNNNNNNNNNNNNNNNNNNNNNNNNNNNNNNNNNNNNNNNNNNNNNNNNNNNNNNNNNNNNNNNNNNNNNNNNNNNNNNNNNNNNNNNNNNNNNNNNNNNNNNNNNNNNNNNNNNNNNNNNNNNNNNNNNNNNNNNNNNNNNNNNNNNNNNNNNNNNNNNNNNNNNNNNNNNNNNNNNNNNymNNNNNNNNNNNNNNNNNNNNNNNNNNNNNNNNNNNNNNNNNNNddmNNNNNNNNNNNNNNNNNNNNNNNNNNNNNNNNNNNNNNNNNNdmNNNNNNNNNdmNNNNNNNNdNNNNNNNNNNNNNNNNNNNNNNNNNNNNNNNh-hmNNNNNNNNNNNNmNNNNNNNNNNNNNNNNNNNNNNNNNNNNNNNNNNNNNNNNNNNNNNNNNNNNNNNNNNNNNNNNNNNNNNNNNNNNNNNNNNNNNNNNNNNNNNNNNNNNNNNNNNNNNNNNNNNNNNNNNNNNNNNN
NNNNNNNNNNNNNNNNNNNNNNNNNNNNNNNNNNNNNNNNNNNNNNNNNNNNNNNNNNNNNNNNNNNNNNNNNNNNNNNNNNNNNNNNNNNNNNNNNNNNNNNNNNNNNNNNNNNNNNNNNNNNNNNNNNNNNNNNNNNNNNNNNNNNNNNNNNNNNNNNNNNNNNNNNNNNNNNNNNNNNNNNNNNNNNNNNNNNNNNNNNNNNNNNNNNNNNNNNNNNNNNNNNNNNNNNNNNNNNNNNNNNNNNNNNNNNNNNNy:oNNNNNNNNNNNNNNNNNNNNNNNNNNNNNNNNNNNNNNNNNNs+mNNNNNNNNNNNNNNNNNNNNNNNNNNNNNNNNNNNNNNNNNNNNNNNNNNNydNNNNNNNNNNNNNodNNNNNNNNNNNNNNNNNNNNNNNNNNNNNNNNNNNNNNNNNNNNNNNNNNNNNNNNNNNNNNNNNNNhhsyhNNNNNNNNNNNNNNmmmmmmmmmmNNNNNNNNNNNNNNNNNNNNNNNNNNNNNNN
NNNNNNNNNNNNNNNNNNNNNNNNNNNNNNNNNNNNNNNNNNNNNNNNNNNNNNNNNNNNNNNNNNNNNNNNNNNNNNNNNNNNNNNNNNNNNNNNNNNNNNNNNNNNNNNNNNNNNNNNNNNNNNNNNNNNNNNNNNNNNNNNNNNNNNNNNNNNNNNNNNNNNNNNNNNNNNNNNNNNNNNNNNNNNNNNNNNNNNNNNNNNNNNNNNNNNNNNNNNNNNNNNNNNNNNNNNNNNNNNNNNNNNNNNNNNNNNNNNmdNNNNNNNNNNNNNNNNNNNNNNNNNNNNNNNNNNNNNNNNNNmhNNNNNNNNNNNNNNNNNNNNNNNNNNNNNNNmNNNNNNNNNNNNNNNNNNNNNNNNNNNNNNNNNNNdmNNNNNNNNNNNNNNNNNNNNNNNNNNNNNNNNNNNNNNNNNNNNNNNNNNNNNNNNNNNNNNNNNNmddydNNNNNNNNNNmmmmmddmmmmmmmNNNNNNNNNNNNNNNNNNNNNNNNNNNNNNNN
NNNNNNNNNNNNNNNNNNNNNNNNNNNNNNNNNNNNNNNNNNNNNNNNNNNNNNNNNNNNNNNNNNNNNNNNNNNNNNNNNNNNNNNNNNNNNNNNNNNNNNNNNNNNNNNNNNNNNNNNNNNNNNNNNNNNNNNNNNNNNNNNNNNNNNNNNNNNNNNNNNNNNNNNNNNNNNNNNNNNNNNNNNNNNNNNNNNNNNNNNNNNNNNNNNNNNNNNNNNNNNNNNNNNNNNNNNNNNNNNNNNNNNNNsmNNNNNNNNNNNNNNNNNNNNNNNNNNNNNNNNNNNNNNNNNNNNNNNNNNNNNNNNNNNNNNNNNNNNNNNNmNNNNNNNNNNNNNNysmNNNNNNNNNNNNNNNNNNNNNNNmmNNNNNNNNNNNNNNNNNNNNNNNNNNNNNNNNNNNNNNNNNNNNNNNNNNNNNNNNNNNNNNNNNNNNNNNNNNNNNNsmNNNNNNmmdhyyyyyhddmmmmNNNNNNNNNNNNNNNNNNNNNNNNNNNNNNNNN
NNNNNNNNNNNNNNNNNNNNNNNNNNNNNNNNNNNNNNNNNNNNNNNNNNNNNNNNNNNNNNNNNNNNNNNNNNNNNNNNNNNNNNNNNNNNNNNNNNNNNNNNNNNNNNNNNNNNNNNNNNNNNNNNNNNNNNNNNNNNNNNNNNNNNNNNNNNNNNNNNNNNNNNNNNNNNNNNNNNNNNNNNNNNNNNNNNNNNNNNNNNNNNNNNNNNNNNNNNNNNNNNNNNNNNNNNNNNNNNNNNNNNNNNmdNNNNNNNNNNNNNNNNNNNNNNNNNNNNNNNNNNNNNNNNNNNNNNNNNNNNNNNNNNNNNNNNNNNNNNNh:dNNNNNNNNNNNNNs:mNNNmNNNNNNNNNNNNNNNNNNNs/mNNNNNNNNNNNNNNNNNNNNNNNNNNNNNNNNNNNNNNNNNNNNNNNNNNNNNNNNNNNNNNNNNNNNNNNNNNNNmy+dmNNmmhsoooooosshdmmmmNNNNNNNNNNNNNNNNNNNNNNNNNNNNNNNNN
NNNNNNNNNNNNNNNNNNNNNNNNNNNNNNNNNNNNNNNNNNNNNNNNNNNNNNNNNNNNNNNNNNNNNNNNNNNNNNNNNNNNNNNNNNNNNNNNNNNNNNNNNNNNNNNNNNNNNNNNNNNNNNNNNNNNNNNNNNNNNNNNNNNNNNNNNNNNNNNNNNNNNNNNNNNNNNNNNNNNNNNNNNNNNNNNNNNNNNNNNNNNNNNNNNNNNNNNNNNNNNNNNNNNNNNNNNNNNNNNNNNNNNNNNNNNNNNNNNNNNNNNNNNNNNNNNNNNNNNNNNNNNNNNNNNNNNNNNNNNNNNNNNNNNNNNNNNNNNNNNd.hmNNNNNNNNNNNNmdNNNNNNNNNNNNNNNNNNNNNNNNhymNNNNNNNNNNNNNNNNNNNNNNNNNNNNNNNNNNNNNNNNNNNNNNNNNNNNNNNNNNNNNNNNNNNNmmmmmmmmmmosdddhsoosyysysosyhmmmmmNNNNNNNNNNNNNNNNNNNNNNNNNNNNmNNN
NNNNNNNNNNNNNNNNNNNNNNNNNNNNNNNNNNNNNNNNNNNNNNNNNNNNNNNNNNNNNNNNNNNNNNNNNNNNNNNNNNNNNNNNNNNNNNNNNNNNNNNNNNNNNNNNNNNNNNNNNNNNNNNNNNNNNNNNNNNNNNNNNNNNNNNNNNNNNNNNNNNNNNNNNNNNNNNNNNNNNNNNNNNNNNNNNNNNNNNNNNNNNNNNNNNNNNNNNNNNNNNNNNNNNNNNNNNNNNNNNNNNNmmNNNNNNNNNNNNNNNNNNNNNNNNNNNNNNNNNNNNNNNNNNNNNNNNNNNNNNNNNNmNNNNNNNNNNNNNNNNdNNNNNNNNNNNNNNNNNNNNNNNNNNNNNNNNNmNNNNNNNNNNNNNNNNNNNNNNNNNNNNNNNNNNNNNNNNNNNNNNNNNNNNNNNNNNNNNNNNNNNNNNNNNNNNmmdhdddddhys/ooosssyhdhhyo+osydmmmmNNNNNNNNNNNNNNNNNNNNNNNNNNNNNNNN
NNNNNNNNNNNNNNNNNNNNNNNNNNNNNNNNNNNNNNNNNNNNNNNNNNNNNNNNNNNNNNNNNNNNNNNNNNNNNNNNNNNNNNNNNNNNNNNNNNNNNNNNNNNNNNNNNNNNNNNNNNNNNNNNNNNNNNNNNNNNNNNNNNNNNNNNNNNNNNNNNNNNNNNNNNNNNNNNNNNNNNNNNNNNNNNNNNNNNNNNNNNNNNNNNNNNNNNNNNNNNNNNNNNNNNNNNNNNNNNNNNNNN+/dNNNNNNNNNNNNNNNNNNNNNNNNNNNNNNNNNNNNNNNNNNNNNNNNNNNNNNNNN/dNNNNNNNNNNNNNNNNNNNNNNNNNNNNNNNNNNNNNNNNNNNNNNNNm/mNNNNNNNNNNNNNNNNNNNNNNNNNNNNNNNNNNNNNNNNNNNNNNNNNNNNNNNNNNNNNNNNNNNNNNNNNNmmmhossooooooo+yhdddddhyssooyhdmmmNNNNNNNNNNNNNNNNNNNNNNNNNNNNNNNNmN
NNNNNNNNNNNNNNNNNNNNNNNNNNNNNNNNNNNNNNNNNNNNNNNNNNNNNNNNNNNNNNNNNNNNNNNNNNNNNNNNNNNNNNNNNNNNNNNNNNNNNNNNNNNNNNNNNNNNNNNNNNNNNNNNNNNNNNNNNNNNNNNNNNNNNNNNNNNNNNNNNNNNNNNNNNNNNNNNNNNNNNNNNNNNNNNNNNNNNNNNNNNNNNNNNNNNNNNNNNNNNNNNNNNNNNNNNNNNNNNNNNNNNmooNNNNNNNNNNNNNNNNNNNNNNNNNNNNNNNNNyhmNNNNNNNNNNNNNNNNNNNNNhmNNNNNNNNNNNsdNNNNNNNNNNNNNNNNNNNNNNNNNNNNNNNNNNNNdNNNNNNNNNNNNNNNNNNNNNNNNNNNNNNNNNNNNNNNNNNNNNNNNNNNNNNNNNNNNNNNNNNNNNNNNNNmmmmhhyo++ohhhdsyhdddhhyyyyhddmmmmNNmNNNNNNNNNmmNNNNNNNNNNNNNNNNNNNNN
NNNNNNNNNNNNNNNNNNNNNNNNNNNNNNNNNNNNNNNNNNNNNNNNNNNNNNNNNNNNNNNNNNNNNNNNNNNNNNNNNNNNNNNNNNNNNNNNNNNNNNNNNNNNNNNNNNNNNNNNNNNNNNNNNNNNNNNNNNNNNNNNNNNNNNNNNNNNNNNNNNNNNNNNNNNNNNNNNNNNNNNNNNNNNNNNNNNNNNNNNNNNNNNNNNNNNNNNNNNNNNNNNNNNNNNNNNNNNNNNNNNNNNNmNNNNNNNNNNNNNNNNNNNNNNNNNNNNNNNNNd/hNNNNNNNNNNNNNNNNNNNNNNNNNNNNNNNNNN-oNNNNNNNNNNNNNNNNNNNNNNNNNNNNNNNNNNNNNNNNNNNNNNNNNNNNNNNNNNNNNNNNNNNNNNNNNNNNNNNNNNNNNNNNNNNNNNNNNNNNNNNNNNNNNNNNNNNNmdyoosddddhhddddhyyyyyhdmmmNNNmmNNNNNNNNNNNNNNNNNNNNNNNNNNNNNNNN
NNNNNNNNNNNNNNNNNNNNNNNNNNNNNNNNNNNNNNNNNNNNNNNNNNNNNNNNNNNNNNNNNNNNNNNNNNNNNNNNNNNNNNNNNNNNNNNNNNNNNNNNNNNNNNNNNNNNNNNNNNNNNNNNNNNNNNNNNNNNNNNNNNNNNNNNNNNNNNNNNNNNNNNNNNNNddNmNNNNNNNNNNNNNNNNNNNNNNNNNNNNNNNNNNNNNNNNNNNNNNNNNNNNNNNNNNNNNNNNNNNNNNNNNNNNNNNNNNNNNNNNNNNNNNNNNNNNNNNNNNNmNNNNNNNNNNNNNNNNNNNNNNNNNNNNNNNNNNhdNNNNNNNNmyNNNNNNNNNNNNNNNNNNNNNNNNNNNNNNNNNNNNNNNNNNNNNNNNNNNNNNNNNNNNNNNNNNNNNNNNNNNNNNNNNNNNNNNNNNNNNNNNNNNNNNNNNNmmhsoosdmmmmdmmhyyyyhhdmmmmNmNNNNNNNNNNNNNNNNNNNNNNNNNNNNNNNNNNN
NNNNNNNNNNNNNNNNNNNNNNNNNNNNNNNNNNNNNNNNNNNNNNNNNNNNNNNNNNNNNNNNNNNNNNNNNNNNNNNNNNNNNNNNNNNNNNNNNNNNNNNNNNNNNNNNNNNNNddmNNNNNNNNNNNNNNNNNNNNNNNNNNNNNNNNNNNNNNNNNNNNNNNNNNNNNNs-smNNNNNNNNNNNNNNNNNNNNNNNNNNNNNNNNNNNNNNNNNNNNNNNNNNNNNNNNNNNNNNNNNNNNNNNNNNNNNNNNNNNNNNNNNNNNNNNNNNNNNNNNNNNNNNNNNNshNNNNNNNNNNNNNNNNNNNNNNNNNNNNNNNNNNNsNNNNNNNNNNNNNNNNNNNNNNNNNNNNNNNNNNNNNNNNNNNNNNNNNNNNNNNNNNNNNNNNNNNNNNNNNNNNNNNNNNNNNNNNNNNNNNNNNNNNNNNNNNmmdysshdmNNmdmmhhssshdmmNmNNmNNNNNNNNmNNNNNNNmNNNNNNNNNNNNNNNNNN
NNNNNNNNNNNNNNNNNNNNNNNNNNNNNNNNNNNNNNNNNNNNNNNNNNNNNNNNNNNNNNNNNNNNNNNNNNNNNNNNNNNNNNNNNNNNNNNNNNNNNNNNNNNNNNNNNNNNNs-./hNNNNNNNNNNNNNNNNNNNNNNNNNNNNNNNNNNNNNNNNNNNNNNNNNNNNNy:hNNNNNNNNNNNNNNNNNNNNNNNNNNNNNNNNNNNNNNNNNNNNNNNNNNNNNNNNNNNNNNNNNNNNNNNNNNNNNNNNNNNNNNNNNNNNNNNNNNNNNNNNNNNNNNNNNN:/NNNNNNNNNNNNNNNNNNNNNNsyNNNNNNNNNNNNNNNNNNNNNNNdmNNNNNNNNNNNNNNNNNNNNNNNNNNNNNNNNNNNNNNNNNNNNNNNNNNNNNNNNNNNNNNNNNNNNNNNNNNNNNNNNNNNNNNNNNNNNNmmdsoymmddmddmmhysoydmmNNNNNNNNNNNNNNNNNNNNNmNmNNNNNNNNNNNNNNNmN
NNNNNNNNNNNNNNNNNNNNNNNNNNNNNNNNNNNNNNNNNNNNNNNNNNNNNNNNNNNNNNNNNNNNNNNNNNNNNNNNNNNNNNNNNNNNNNNNNNNNNNNNNNNNNNNNNNNNNNNdhhNNNNNNNNNNNNNNNNNNNNNNNNNNNNNNNNNNNNNNNNNNNNNNNNNNNNNNNNNNNNNNNNNNNNNNNNNNNNNNNNNNNNNNNNNNNNNNNNNNNNNNNNNNNNNNNNNNNNNNNNNNNNNNNNNNNNNNNNNNNNNNNNNNNNNNNNNNNNmNNNNNNNNNNNNNmdNNNNNNNNNNNNNNNNNNNNNN+:mNNNNNNNm+dNNNNNNNNNNNm:smNNNNNNNNNNNNNNNNNNNNNNNNNNNNNNNNNNNNNNNNNNNNNNNNNNNNNNNNNNNNNNNNNNNNNNNNNNNNNNNNNNNNNNNNNNmdhyssodmmmdmmNmmmdsosdmNNNNNNNNNNNNmmmmmmNNmmmmNNNNNNNNmmNmmNNNNN
NNNNNNNNNNNNNNNNNNNNNNNNNNNNNNNNNNNNNNNNNNNNNNNNNNNNNNNNNNNNNNNNNNNNNNNNNNNNNNNNNNNNNNNNNNNNNNNNNNNNNNNNNNNNNNNNNNNNNNNNNNNNNNNNNNNNNNNNNNNNNNNNNNNNNNNNNNNNNNNNNNNNNNNNNNNNNNNNNNNNNNNNNNNNNNNNNNNNNNNNNNNNNNNNNNNNNNNNNNNNNNNNNNNNNNNNNNNNNNNNNNNNNNNNNNNNNNNNNdNNNNNNNNNNNNNNNNNNNNmmNNNNNNNNNNNNNNNNNNNNNNNNNNNNNNNNNNNNmsNNNNNNNNh-mNNNNNNNNNNNNsoNNNNNNNNNNNNNNNNNNNNNNNNNNNNNNNNNNNNNNNNNNNNNNNNNNNNNNNNNNNNNNNNNNNNNNNNNNNNNNNNNNNNNNNNNmdhssssdhddNNmmmmdmmdhsohmNNNNNNNNNNNNmNmmmNmmmmmmmmNNNmNNNNNmNNNNmN
NNNNNNNNNNNNNNNNNNNNNNNNNNNNNNNNNNNNNNNNNNNNNNNNNNNNNNNNNNNNNNNNNNNNNNNNNNNNNNNNNNNNNNNNNNNNNNNNNNNNNNNNNNNNNNNNNNNNNNNNNNNNNNNNNNNNNNNNNNNNNNNNNNNNNNNNNNNNNNNNNNNNNNNNNNNNNNNNNNNNNNNNNNNNNNNNNNNNNNNNNNNNNNNNNmNNNNNNNNNNNNNNNNNNNNNNNNNNNNNNNNNNNNNNNNNNNNNNNs/dNNNNNNNNNNNNNNNNNNNNNNNNNNNNNNNNNNNNNNNNNNNNNNNNNNNNNNNNNNNNNNNNNNNdNNNNNNNNNNNNNNNNNNNNNNNNNNNNNNNNNNNNNNNNNNNNNNNNNNNNNNNNNNNNNNNNNNNNNNNNNNNNNNNNNNNNNNNNNNNNNNNNNNNNNNmmddssyddhyydNNmmmmmddhyoodmNNNNNNNmmmmmmNNmmmNNmmmmmmmmmNmmNmmmmNNNmN
NNNNNNNNNNNNNNNNNNNNNNNNNNNNNNNNNNNNNNNNNNNNNNNNNNNNNNNNNNNNNNNNNNNNNNNNNNNNNNNNNNNNNNNNNNNNNNNNNNNNNNNNNNNNNNNNNNNNNNNNNNNNNNNNNNNNNNNNNNNNNNNNNNNNNNNNNNNNNNNNNNNNNNNNNNNNNNNNNNNNNNNNNNNNNNNNNNNNNNNNNNNNNNNNNNNNNNNNNNNNNNNNNNNNNNNNNNNNNNNNNNNNNNNNNNNNNNNNNNdmNNNNNNNNNNNNNNNNNNNNNNNNNNNNNNNNNNNNNNNNNNNNNNNNNNNNNNNNNNNNNNNNNNNNNNNNNNNNNNNNNNNNNNNNNNNNNNNNNNNNNNNNNNNNNNNNNNNNNNNNNNNNNNNNNNNNNNNNNNNNNNNNNNNNNNNNNNNNNNNNNNNNNNNNNNmmmyssyhdhhNmhdmmmmmdysosdmmNNNNNNNmmmmmmmmmmmmmmmmmmmmmmmNNNmmmNNNNmm
NNNNNNNNNNNNNNNNNNNNNNNNNNNNNNNNNNNNNNNNNNNNNNNNNNNNNNNNNNNNNNNNNNNNNNNNNNNNNNNNNNNNNNNNNNNNNNNNNNNNNNNNNNNNNNNNNNNNNNNNNNNNNNNNNNNNNNNNNNNNNNNNNNNNNNNNNNNNNNNNNNNNNNNNNNNNNNNNNNNNNNNNNNNNNNNNNNNNNNNNNNNNNNNNNNNNNNNNNNNNNNNNNNNNNNNNNNNNNNNNNNNNNNNNNNNNNNNNNNNNNNNNNNNNNNNNsoNNNNNNNNNNNNNNNNNNNNNNNNNNNNNNNNNNNNmomNNNNNNNNNNNNNNNNNNNNNNNNNNNNNNNNNNNNNNNNNNNNNNNNNNNNNNNNNNNNNNNNNNNNNNNNNNNNNNNNNNNNNNNNNNNNNNNNNNNNNNNNNNNNNNNNNNNNmNmhyssyddhdmyyyhmdmmhssydmmmmmNNNNNNmmmmmmmmmmNmmmmmmmNmmmmmmmmmmmNNNm
NNNNNNNNNNNNNNNNNNNNNNNNNNNNNNNNNNNNNNNNNNNNNNNNNNNNNNNNNNNNNNNNNNNNNNNNNNNNNNNNNNNNNNNNNNNNNNNNNNNNNNNNNNNNNNNNNNNNNNNNNNNNNNNNNNNNNNNNNNNNNNNNNNNNNNNNNNNNNNNNNNNNNNNNNNNNNNNNNNNNNNNNNNNNNNNNNNNNNNNNNNNNNNNNNNNNNNNNNNNNNNNNNNNNNNNNNNNNNNNNNNNNNNNNNNNNNNNNNNNNNNNNNNNNNNNNdoNNNNNNNNNNNNNohdmNNNNNNNNNNNNNNNNNNNm+mNNNNNNNNNNNNNNNNNNNNNNNNNNNNNNNNNNNNNNNNNNNNNNNNNNNNNNNNNNNNNNNNNNNNNNNNNNNNNNNNNNNNNNNNNNNNNNNNNNNNNNNNNNNNNNNmmNmmmmmdyyyymNmdyoyhyhyhdyshdmNmNNNNNNNNNmmmmmmmmmmNmmmmmmmmmmmmmmmmmmmmmNm
NNNNNNNNNNNNNNNNNNNNNNNNNNNNNNNNNNNNNNNNNNNNNNNNNNNNNNNNNNNNNNNNNNNNNNNNNNNNNNNNNNNNNNNNNNNNNNNNNNNNNNNNNNNNNNNNNNNNNNNNNNNNNNNNNNNNNNNNNNNNNNNNNNNNNNNNNNNNNNNNNNNNNNNNNNNNNNNNNNNNNNNNNNNNNNNNNNNNNNNNNNNNNNNNNNNNNNNNNNNNNNNNNNNNNNNNNNNNNNNNNNNNNNNNNNNNNNNNNNNNNNNNNNNNNNNNNmNNNNNNNNNNNNNh+-+mNNNNNNNNddNNNNNNNNNNNNNNNNNNNNNNNNNNNNNNNNNNNNNNNNNNNNNNNNNNNNNNNNNNNNNNNNNNNNNNNNNNNNNNNNNNNNNNNNNNNNNNNNNNNNNNNNNNNNNNNNNNNNNmNmNmmmmmmmdhyyhdddmmdysdhdhyoo+sdmmmmNNNNNNNNNmmmmmmmmmmmmmmmmmmmmmmmmmmmmmmNmNN
NNNNNNNNNNNNNNNNNNNNNNNNNNNNNNNNNNNNNNNNNNNNNNNNNNNNNNNNNNNNNNNNNNNNNNNNNNNNNNNNNNNNNNNNNNNNNNNNNNNNNNNNNNNNNNNNNNNNNNNNNNNNNNNNNNNNNNNNNNNNNNNNNNNNNNNNNNNNNNNNNNNNNNNNNNNNNNNNNNNNNNNNNNNNNNNNNNNNNNNNNNNNNNNNNNNNNNNNNNNNNNNNNNNNNNNNNNNNNNNNNNNNNNNNNNNNNNNNNNNNNNNNNNNNNNNNNNNNNNNNNNNNNNNNmhsmNNNNNNNNmydNNNNNNNNNNNNNNNNNNNNNNNNNNNNNNNNNNNNNNNNNNNNNNNNNNNNNNNNNNNNNNNNNNNNNNNNNNNNNNNNNNNNNNNNNNNNNNNNNNNNNNNNNNNNNNNNNNNmmmmmNmmmdhssysshhyyhyyshdddhoooohmmNmmmNNNNNNNmmmmmmmmmmmmmmmmNmmmmmmmmmmmmmmNmNm
NNNNNNNNNNNNNNNNNNNNNNNNNNNNNNNNNNNNNNNNNNNNNNNNNNNNNNNNNNNNNNNNNNNNNNNNNNNNNNNNNNNNNNNNNNNNNNNNNNNNNNNNNNNNNNNNNNNNNNNNNNNNNNNNNNNNNNNNNNNNNNNNNNNNNNNNNNNNNNNNNNNNNNNNNNNNNNNNNNNNNNNNNNNNNNNNNNNNNNNNNNNNNNNNNNNNNNNNNNNNNNNNNNNNNNNNNNNNNNohNNNNNNNNNNNNNNNNNNNm/sNNNNNNNNNNNNNNNNNNNNNNNNNNNNmNNNNNNNNNN/:mNNNNNNNNNNNNNNNNNNNNNNNNNNNNNNNNNNNNNNNNNNNNNNNNNNNNNNNNNNNNNNNNNNNNNNNNNNNNNNNNNNNNNNNNNNNNNNNNNNNNNNNNNNNNNNNNmmmmmmmmdhso/+shyoosssssyddhhyoshhdmmNmNNNNNNNNNNNmmmmmmmmmmmmmmmmmmmmmmmmmmmmmmmmmm
NNNNNNNNNNNNNNNNNNNNNNNNNNNNNNNNNNNNNNNNNNNNNNNNNNNNNNNNNNNNNNNNNNNNNNNNNNNNNNNNNNNNNNNNNNNNNNNNNNNNNNNNNNNNNNNNNNNNNNNNNNNNNNNNNNNNNNNNNNNNNNNNNNNNNNNNNNNNNNNNNNNNNNNNNNNNNNNNNNNNNNNNNNNNNNNNNNNNNNNNNNNNNNNNNNNNNNNNNNNNNNNNNNm:mNNNNNNNNNh:mNNNNNNNNNNNNNNNNNNm:+NNNNNNNNNNNh/ydNNNNNNNNNNNNNNNNNNNNNNNNdoNNNNNNNNNNNNNNNNNNNNNNNNNNNNNNNNNNNNNNNNNNNNNNNNNNNNNNNNNNNNNNNNNNNNNNNNNNNNNNNNNNNNNNNNNNNNNNNNNNNNNNNNNNNNNNmmmmddmdsoys//:++shysyossyyhhhyssyhdmmNmNNNmNNNNNNNNmmmmmmmmmmmmmmmmmmmmmmmmmmmmmNNmNNm
NNNNNNNNNNNNNNNNNNNNNNNNNNNNNNNNNNNNNNNNNNNNNNNNNNNNNNNNNNNNNNNNNNNNNNNNNNNNNNNNNNNNNNNNNNNNNNNNNNNNNNNNNNNNNNNNNNNNNNNNNNNNNNNNNNNNNNNNNNNNNNNNNNNNNNNNNNNNNNNNNNNNNNNNNNNNNNNNNNNNNNNNNNNNNNNNNNNNNNNNNNNNNNNNNNNNNNNNNNNNNNNNNNN+mNNNNNNNNNNdNNNNNNNNNNNNNNNNNNNNmmNNNNNNNNNNNms:sNNNNNNNNNNNNNNNNNNNNNNNNNmNNNNNNNNNNNNNNNNNNNNNNNNNNNNNNNNNNNNNNNNNNNNNNNNNNNNNNNNNNNNNNNNNNNNNNNNNNNNNNNNNNNNNNNNNNNNNNNNNNNNNNNNNNNmmmmmmmmdys+yyysoooooososoooosyyyosyhdmmmmmNmNmNNNNNNNNmmmmmmmmmmmmmmmmmmmmmmmmmmmmmNmNNNm
NNNNNNNNNNNNNNNNNNNNNNNNNNNNNNNNNNNNNNNNNNNNNNNNNNNNNNNNNNNNNNNNNNNNNNNNNNNNNNNNNNNNNNNNNNNNNNNNNNNNNNNNNNNNNNNNNNNNNNNNNNNNNNNNNNNNNNNNNNNNNNNNNNNNNNNNNNNNNNNNNNNNNNNNNNNNNNNNNNNNNNNNNNNNNNNNNNNNNNNNNNNNNNNNNNNNNNNNNNNNNNNNNNNNNNNNNNNNNNNNNNNNNNNNNNNNNNNNNNNNNNNNNNNNNNNNNNNmdNNNNNNNNNNNNNNNNNNNNNNNNNNNNNNNNNNNNNNNNNNNNNNNNNNNNNNNNNNNNNNNNNNNNNNNNNNNNNNNNNNNNNNNNNNNNNNNNNNNNNNNNNNNNNNNNNNNNNmNmNNNNNNmmmmmmmmmmmmmmmhhmdmdddddhhyysyyyysssssssyhmmmmNNNNNNNNNNNNNNmmmmmmmmmmmmmmmmmmmmmmmmmmmmmmmmNNNm
NNNNNNNNNNNNNNNNNNNNNNNNNNNNNNNNNNNNNNNNNNNNNNNNNNNNNNNNNNNNNNNNNNNNNNNNNNNNNNNNNNNNNNNNNNNNNNNNNNNNNNNNNNNNNNNNNNNNNNNNNNNNNNNNNNNNNNNNNNNNNNNNNNNNNNNNNNNNNNNNNNNNNNNNNNNNNNNNNNNNNNNNNNNNNNNNNNNNNNNNNNNNNNNNNNNNNNNNNNNNNNNNNNNNNNNNNNNNNNNNNNNNNNNNNNNNNNNNNNNNNNNNNNNNNNNNNNNNmNNNNNNNNNNNNNNNNNNNNNNNNNNNNNNNNNNNNNNNNNNNNNNNNNNNNNNNNNNNNNNNNNNNNNNNNNNNNNNNNNNNNNNNNNNNNNNNNNNNNNNNNNNNNNNNNNNNNNNNNNNNNNNNmmmmmmmmmmmmmmmmmmmmmmmmmmdddddmddddhdyhmmmmmmNNNNNNNNNNNNNNmmmmmmmmmmmmmmmmmmmmmmmmmmmmmmNmNNNN
NNNNNNNNNNNNNNNNNNNNNNNNNNNNNNNNNNNNNNNNNNNNNNNNNNNNNNNNNNNNNNNNNNNNNNNNNNNNNNNNNNNNNNNNNNNNNNNNNNNNNNNNNNNNNNNNNNNNNNNNNNNNNNNNNNNNNNNNNNNNNNNNNNNNNNNNNNNNNNNNNNNNNNNNNNNNNNNNNNNNNNNNNNNNNNNNNNNNNNNNNNNNNNNNNNNNNNNNNNNNNNNNNNNNNNNNNNNNNNNNNNNNNNNNNNNNNNNNNNNNNNNNNNNNNNNNNNNNNNNNNNNNNNNNNNNNNNNNNNNNNNNNNNNNNNNNNNNNNNNNNNNNNNNNNNNNNNNNNNNNNNNNNNNNNNNNNNNNNNNNNNNNmmNmNmmmmNNNNNNNNNNNNNNNNNNNNNNNNNNNNNNNmNmmmmmmmmmmmNmmmmmmmmmmmmmmmmmNNNNmmmmmmmmmmNNNNNNNNNNNNmmmmmmmmmmmmmmmmmmmmmmmmmmmmmmmmmmmmNNN
NNNNNNNNNNNNNNNNNNNNNNNNNNNNNNNNNNNNNNNNNNNNNNNNNNNNNNNNNNNNNNNNNNNNNNNNNNNNNNNNNNNNNNNNNNNNNNNNNNNNNNNNNNNNNNNNNNNNNNNNNNNNNNNNNNNNNNNNNNNNNNNNNNNNNNNNNNNNNNNNNNNNNNNNNNNNNNNNNNNNNNNNNNNNNNNNNNNNNNNNNNNNNNNNNNNNNNNNNNNNNNNNNNNNNNNNNNNNNNNNNNNNNNNNNNNNNNNNNNNNNNNNNNNNNNNNNNNNNNNNNNNNNN/mNNNNNNNNNNNNNNNNNNNNNNNNNNNNNNNNNNNNNNNNNNNNNNNNNNNNNNNNNNNNNNNNNNNNNNNmmmmmmmmmmmdmmNNNNNNNNNNNNNNNNNNNNNNNNmNNNNNNNNmmNmmmmmmmmNmmmmmmmmmmNmmmmNNNNNNmNmmmmNmNNNNNNNNNNNNNNmmmmmmmmmmmmmmmmmmmmmmmmmmmmmmNmmmmmNNN
NNNNNNNNNNNNNNNNNNNNNNNNNNNNNNNNNNNNNNNNNNNNNNNNNNNNNNNNNNNNNNNNNNNNNNNNNNNNNNNNNNNNNNNNNNNNNNNNNNNNNNNNNNNNNNNNNNNNNNNNNNNNNNNNNNNNNNNNNNNNNNNNNNNNNNNNNNNNNNNNNNNNNNNNNNNNNNNNNNNNNNNNNNNNNNNNNNNNNNNNNNNNNNNNNNNNNNNNNNNNNNNNNNNNNNNNNNNNNNNNNNNNNNNNNNNNNNNNNNNNNNNNNNNNNNNNNNNNNNNNNNNNNNoNNNNNNNNNNNNNNNNNNNNNNNNNNNNNNNNNNNNNNNNNNNNNNNNNNNNNNNNNNNNNNNNNNNNNNNNmmmmmmmmmmmmNNNNNNNNNNNNNNNNNNNNNNNNNNNNNNNNNNNNNNNmmmmmmNNNNNNNmNNmNmNmNNNNNNNNNNmmNmNmNNNNNNNNNNNNmmmmmmmmmmmmmmmmmmmmmmmmmmmmmmmmNNmmmmmNm
NNNNNNNNNNNNNNNNNNNNNNNNNNNNNNNNNNNNNNNNNNNNNNNNNNNNNNNNNNNNNNNNNNNNNNNNNNNNNNNNNNNNNNNNNNNNNNNNNNNNNNNNNNNNNNNNNNNNNNNNNNNNNNNNNNNNNNNNNNNNNNNNNNNNNNNNNNNNNNNNNNNNNNNNNNNNNNNNNNNNNNNNNNmNNNNNNNNNNNNNNNNNNNNNNNNNNNNNNNNNNNNNNNNNNNNNNNNNNNNNNNNNNNNNNNNNNNNNNNNN+smNNNNNNNNNNNNNNNNNNNNNNNNNNNNNNNNNNNNNNNNNNNNNNNNNNNNNNNNNNNNNNNNNNNNNNNNNNNNNNNNNNNNNNNNNNmmmNmmmNNNNNmNmNNNNNNNNNNNNNNNNNNNNNNNNNNNNNNNNNNNNNNNNNNNNNNNNNNNNNNNNNNNNNNNNNNNNNNNNNNNNNNNNmNNNNNNNNNNmmmmmmmmmmmmmmmmmmmmmmmmmmmmmmmmmmmmNNNNm
NNNNNNNNNNNNNNNNNNNNNNNNNNNNNNNNNNNNNNNNNNNNNNNNNNNNNNNNNNNNNNNNNNNNNNNNNNNNNNNNNNNNNNNNNNNNNNNNNNNNNNNNNNNNNNNNNNNNNNNNNNNNNNNNNNNNNNNNNNNNNNNNNNNNNNNNNNNNNNNNNNNNNNNNNNNNNNNNNNNNNNNNNNNNNNNNNNNNNNNNNNNNNNNNNNNNNNNNNNNNNNNNNNNNNNNNNNNNNNNNNNNNNNNNNNNNNNNNNNNNh:mNNNNNNNNNNNNNNNNNNNNNNNNNNNNNNNNNNNNNNNNNNNNNNNNNNNNNNNNNNNNNNNNNNNNNNNNNNNNNNNNNNNNNNNNNNNNNNNNNNNNNNNNNNNNNNNNNNNNNNNNNNNNNNNNNNNNNNNNNNNNNNNNNNNNNNNNNNNNNNNNNNNNNNNNNNNNNNNNNNNNNmmNNmmmNNNNNNNNmmmmmmmmmmmmmmmmmmmmmmmmmmmmmmmmmmmmmNNNN
NNNNNNNNNNNNNNNNNNNNNNNNNNNNNNNNNNNNNNNNNNNNNNNNNNNNNNNNNNNNNNNNNNNNNNNNNNNNNNNNNNNNNNNNNNNNNNNNNNNNNNNNNNNNNNNNNNNNNNNNNNNNNNNNNNNNNNNNNNNNNNNNNNNNNNNNNNNNNNNNNNNNNNNNNNNNNNNNNNNNNNNNNNNNNNNNNNNNNNNNNNNNNNNNNNNNNNNNNNNNNNNNNNNNNNNNNNNNNNNNNNNNNNNNNNNNNNNNNNNNNmNNNNNNNNNNNNNNNNNNNNNNNNNNNNNNNNNNNNNNNNNNNNNNNNNNNNNNNNNNNNNNNNNNNNNNNNNNNNNNNNNNNNNNNNNNNNNNNNNNNNNNNNNNNNNNNNNNNNNNNNNNNNNNNNNNNNNNNNNNNNNmNNNNNNmmNNNNNNNNNNNNNNNNNNNNNNNNNNNNNNNmmNmmmmNNNNNNNNNNmmmmmmmmmmmmmmmmmmmmmmmmmmmmmmmmmmmmNNNN
NNNNNNNNNNNNNNNNNNNNNNNNNNNNNNNNNNNNNNNNNNNNNNNNNNNNNNNNNNNNNNNNNNNNNNNNNNNNNNNNNNNNNNNNNNNNNNNNNNNNNNNNNNNNNNNNNNNNNNNNNNNNNNNNNNNNNNNNNNNNNNNNNNNNNNNNNNNNNNNNNNNNNNNNNNNNNNNNNNNNNNNNNNNNNNNNNNNNNNNNNNNNNNNNNNNNNNNNNNNNNNNNNNNNNNNNNNNNNNNNNNNNNNNNNNNNNNNNNNNNNNNNNNNNNNNNNNNNNNNNNNNNNNNNNNNNNNNNNNNNNNNNNNNNNNNNNNNNNNNNNNNNNNNNNNNNNNNNNNNNNNNNNNNNNNNNNNNNNNNNNNNNNNNNNNNNmNNNNNNNNNNNNNNNNNNmmNNmmNNNNNNNNNNNNNNNNNNNNNNNNNNNNNNNNNNNmNmNNNNNNNNNmmmmmmmNNNNNNNNmmmmmmmmmmmmmmmmmmmmmmmmmmmmmmmmmmmmmNNNm
NNNNNNNNNNNNNNNNNNNNNNNNNNNNNNNNNNNNNNNNNNNNNNNNNNNNNNNNNNNNNNNNNNNNNNNNNNNNNNNNNNNNNNNNNNNNNNNNNNNNNNNNNNNNNNNNNNNNNNNNNNNNNNNNNNNNNNNNNNNNNNNNNNNNNNNNNNNNNNNNNNNNNNNNNNNNNNNNNNNNNNNNNNNNNNNNNNNNNNNNNNNNNNNNNNNNNNNNNNNNNNNNNNNNNNNNNNNNNNmNNNNNNNNNNNNNNNNNNNNNNNNNNNNNNNNNNNNNNNNNNNNNNNNNNNNNNNNNNNNNNNNNNNNNNNNNNNNNNNNNNNNNNNNNNNNNNNNNNNNNNNNNNNNNNNNNNNNNNNNNNNNNNNNNNNmNmNNNNNNNNNNNNNNmmmmmmNNmmmmmmmmNNNNNNNNNNNNNNNNNNNNNNNNNNNNmmmmmmmNNNNNNNNmmmmNNNNNNNNNmmmmmmmmmmmmmmmmmmmmmmmmmmmmmmmmmmmmNNmNN
NNNNNNNNNNNNNNNNNNNNNNNNNNNNNNNNNNNNNNNNNNNNNNNNNNNNNNNNNNNNNNNNNNNNNNNNNNNNNNNNNNNNNNNNNNNNNNNNNNNNNNNNNNNNNNNNNNNNNNNNNNNNNNNNNNNNNNNNNNNNNNNNNNNNNNNNNNNNNNNNNNNNNNNNNNNNNNNNNNNNNNNNNNNNNNNNNNNNNNNNNNNNNNNNNNNNNNNNNNNNNNNNNNNNNNNNNNNNNNyyNNNNNNNNNNNNNNNNNNNNNNNNNNNNNNNNNNNNNNNNNNNNNNNNNNNNNNNNNNNNNNNNNNNNNNNNNNNNNNNNNNNNNNNNNNNNNNNNNNNNNNNNNNNNNNNNNNNNNNNNNNNmNNmNNNNNNNNNNNNNNNmNmmmmmmmmmmmmmmmmmNmmmmNNNmNNNNNNNNNNNNNNNNNmmmmmNmmmNmNNNNNNNmNmmNNNNNNNNNNmmmmmmmmmNmmmmmmmmmmmmmmmNNNmmmmmmmNNmNmN
NMNNNNNNNNNNNNNNNNNNNNNNNNNNNNNNNNNNNNNNNNNNNNNNNNNNNNNNNNNNNNNNNNNNNNNNNNNNNNNNNNNNNNNNNNNNNNNNNNNNNNNNNNNNNNNNNNNNNNNNNNNNNNNNNNNNNNNNNNNNNNNNNNNNNNNNNNNNNNNNNNNNNNNNNNNNNNNNNNNNNNNNNNNNNNNNNNNNNNNNNNNNNNNNNNNNNNNNNNNNNNNNNNNNNNNNNNNNNNNyNNNNNNNNNNNNNNNNNNNNNNNNNNNNNNNNNNNNNNNNNNNNNNNNNNNNNNNNNNNNNNNNNNNNNNNNNNNNNNNNNNNNNNNNNNNNNNNNNNNNNNNNNNNNNNNNNNNNNNNmNNNmNNNNmNNNNNNNNNNmNNmNmmmmmmmmmmmmmmmmmmmmmmNmNmmmNNNNNNNNNNNNNNNNmmmmmNmmNmNNNNNNNNNNNNNNNNNNNNNNNNmmmmmmmmmmmmmmmmmmmmmNNmmmmmNNNNNmNNmm
NNNNNNNNNNNNNNNNNNNNNNNNNNNNNNNNNNNNNNNNNNNNNNNNNNNNNNNNNNNNNNNNNNNNNNNNNNNNNNNNNNNNNNNNNNNNNNNNNNNNNNNNNNNNNNNNNNNNNNNNNNNNNNNNNNNNNNNNNNNNNNNNNNNNNNNNNNNNNNNNNNNNNNNNNNNNNNNNNNNNNNNNNNNNNNNNNNNNNNNNNNNNNNNNNNNNNNNNNNNNNNNNNNNNNNNNNNNNNNNNNNNNNNNNNNNNNNNNNNNNNNNNNNNNNNNNNNNNNNNNNNNNNNNNNNNNNNNNNNNNNNNNNNNNNNNNNNNNNNNNNNNNNNNNNNNNNNNNNNNNNNNNNNNNNNNNNNmNNNNNNNNNNNNNNmNNNmmNmmmmmmmmmmmmmmmmmmmmmmmmmmmmmmmmmmmmmmmmmmmmmmmmmmmmmmmmmmmmNmNNNNNNNNNNNNNNNNNNNNNNmmmmmmmNmmmmmNmNmmNNmmmNmmmmmNNmmNNmNmmN
NNNNNNNNNNNNNNNNNNNNNNNNNNNNNNNNNNNNNNNNNNNNNNNNNNNNNNNNNNNNNNNNNNNNNNNNNNNNNNNNNNNNNNNNNNNNNNNNNNNNNNNNNNNNNNNNNNNNNNNNNNNNNNNNNNNNNNNNNNNNNNNNNNNNNNNNNNNNNNNNNNNNNNNNNNNNNNNNNNNNNNNNNNNNNNNNNNNNNNNNNNNNNNNNNNNNNNNNNNNNNNNNNNNNNNNNNNNNNNNNNNNNNNNNNNNNNNNNNNNNNNNNNNNNNNNNNNNNNNNNNNNNNNNNNNNNNNNNNNNNNNNNNNNNNNNNNNNNNNNNNNNNNNNNNNNNNNNNNNNNNNNNNNNNNNNNNNNNNNNNNNNNNNNNmmNmmmmmmmmmmmmmmmmmmmmmmmmmmmmmmmmmmmmmmmmmmmmmmmmmmmmmNmmmNmmmmNNNNNNNNNNNNNNNNNNNNNNNNNNNNmmmNmmNmmmmmmNNmmNmmmNmNmmmmmmNmNNNmmNm
NNNNNNNNNNNNNNNNNNNNNNNNNNNNNNNNNNNNNNNNNNNNNNNNNNNNNNNNNNNNNNNNNNNNNNNNNNNNNNNNNNNNNNNNNNNNNNNNNNNNNNNNNNNNNNNNNNNNNNNNNNNNNNNNNNNNNNNNNNNNNNNNNNNNNNNNNNNNNNNNNNNNNNNNNNNNNNNNNNNNNNNNNNNNNNNNNNNNNNNNNNNNNNNNNNNNNNNNNNNNNNNNNNNNNNNNNNNNNNNNNNNNNNNNNNNNNNNNNNNNNNNNNNNNNNNNNNNNNNNNNNNNNNNNNNNNNNNNNNNNNNNNNNNNNNNNNNNNNNNNNNNNNNNNNNNNNNNNNNNNNNNNNmNNNNNNNNNNNNNNNNNNNNmmNmmmmmmmmmmmmmmmmmmmmmmmmmmmmmmmmmmmmmmmmmmNmmmmmmmmmmmmmmmmmmNmmmmmmNNNNNNNNNNNNNNNNNNNNNNNNmNmmmNmmmNNmmmmmNNNNNNNNmmmmmmNmNmmNmmN
NMNNNNNNNNNNNNNNNNNNNNNNNNNNNNNNNNNNNNNNNNNNNNNNNNNNNNNNNNNNNNNNNNNNNNNNNNNNNNNNNNNNNNNNNNNNNNNNNNNNNNNNNNNNNNNNNNNNNNNNNNNNNNNNNNNNNNNNNNNNNNNNNNNNNNNNNNNNNNNNNNNNNNNNNNNNNNNNNNNNNNNNNNNNNNNNNNNNNNNNNNNNNNNNNNNNNNNNNNNNNNNNNNNNNNNNNNNNNNNNNNNNNNNNNNNNNNNNNNNNNNNNNNNNNNNNNNNNNNNNNNNNNNNNNNNNNNNNNNNNNNNNNNNNNNNNNNNNNNNNNNNNNNNNNNNNNNNNNNNNNNNNNNNNNNNNNNNNNNNNNNmmmmmmmmmmmmmmmmmmmmmmmmmmmmmmmmmmmmmmmmmmmmmmmmmmmmmmmmmmmmmmmmmmmmmmmNNNmNNNNNNNNNNNNNNNNNNNNNNNmNNNmmmNmmmmmNmNNNNmmNmNmmNmmmmmmmmmmmmN
NNNNNNNNNNNNNNNNNNNNNNNNNNNNNNNNNNNNNNNNNNNNNNNNNNNNNNNNNNNNNNNNNNNNNNNNNNNNNNNNNNNNNNNNNNNNNNNNNNNNNNNNNNNNNNNNNNNNNNNNNNNNNNNNNNNNNNNNNNNNNNNNNNNNNNNNNNNNNNNNNNNNNNNNNNNNNNNNNNNNNNNNNNNNNNNNNNNNNNNNNNNNNNNNNNNNNNNNNNNNNNNNNNNNNNNNNNNNNNNNNNNNNNNNNNNNNNNNNNNNNNNNNNNNNNNNNNNNNNNNNNNNNNNNNNNNNNNNNNNNNNNNNNNNNNNNNNNNNNNNNNNNNNNNNNNNNNNNNNNNNNNNNNNNNNNNNNNNmmmmmmmmmmmmmmmmmmmmmmmmmmmmmmmmmmmmmmmmmmmmmmmmmmmmmmmmmmmmmmmmmmmmmmmmmmmmmmmmmNNNNNNNNNNNNNNNNNNNNNNmmNNNmNNmmmNmmNmmNNNmNmmmNNNmmNmmmmmmmmmm
NNNNNNNNNNNNNNNNNNNNNNNNNNNNNNNNNNNNNNNNNNNNNNNNNNNNNNNNNNNNNNNNNNNNNNNNNNNNNNNNNNNNNNNNNNNNNNNNNNNNNNNNNNNNNNNNNNNNNNNNNNNNNNNNNNNNNNNNNNNNNNNNNNNNNNNNNNNNNNNNNNNNNNNNNNNNNNNNNNNNNNNNNNNNNNNNNNNNNNNNNNNNNNNNNNNNNNNNNNNNNNNNNNNNNNNNNNNNNNNNNNNNNNNNNNNNNNNNNNNNNNNNNNNNNNNNNNNNNNNNNNNNNNNNNNNNNNNNNNNNNNNNNNNNNNNNNNNNNNNNNNNNNNNNNNNNNNNNNNNNNNNNmNNNNNmNmmmmmmmmmmmmmmmmmmmmmmmmmmmmmmmmmmmmmmmmmmmmmmmmmmmmmmmmmmmmmmmmmmmmmmmmmmmmmmmmmmmmmmmNNmNNNNNmNNNNNNNNNNNNNNNmNNNmNmNmmmNmmmmmmmmNNNmNmmNmmmmmmmmm
NNNNNNNNNNNNNNNNNNNNNNNNNNNNNNNNNNNNNNNNNNNNNNNNNNNNNNNNNNNNNNNNNNNNNNNNNNNNNNNNNNNNNNMNNNNNNNNNNNNNNNNNNNNMNNNNNNNNNNNNNNNNNNNNNNNNNNNNNNNNNNNNNNNNNNNNNNNNNNNNNNNNNNNNNNNNNNNNNNNNNNNNNNNNNNNNNNNNNNNNNNNNNNNNNNNNNNNNNNNNNNNNNNNNNNNNNNNNNNNNNNNNNNNNNNNNNNNNNNNNNNNNNNNNNNNNNNNNNNNNNNNNNNNNNNNNNNNNNNNNNNNNNNNNNNNNNNNNNNNNNNNNmNNNNNNNNNNNNNNNmNNmmmmmmmmmmmmmmmmmmmmmmmmmmmmmmmmmmmmmmmmmmmmmmmmmmmmmmNmmmmmmmmmmmmmmmmmmmmmmmmmNmNmmmmmmmmmmmmmmmmNNmmNNmmNmNmNmmmNNNNNmmmmmmmmmNmmmmmmNmmmmmNNmmNNmmmmmmmmm
NNNNNNNNNNNNNNNNNNNNNNNNNNNNNNNNNNNNNNNNNNNNNNNNNNNNNNNNNNNNNNNNNNNNNNNNNNNNNNNNNNNNNNNNNNNNNNNNNNNNNNNNNNNNNNNNNNNNNNNNNNNNNNNNNNNNNNNNNNNNNNNNNNNNNNNNNNNNNNNNNNNNNNNNNNNNNNNNNNNNNNNNNNNNNNNNNNNNNNNNNNNNNNNNNNNNNNNNNNNNNNNNNNNNNNNNNNNNNNNNNNNNNNNNNNNNNNNNNNNNNNNNNNNNNNNNNNNNNNNNNNNNNNNNNNNNNNNNNNNNNNNNNNNNNNNNNNNNNNNNNmhsohmNNNNNNNNNNNNNmmmmmmmmmmmmmmmmmmmmmmmmmmmmmmmmmmmmmmmmmmmmmmmmmmmmmmmmmmmmmmmmmmmmmmmmmNmmmNmmmmmNmNNmmmmmmmmmmmmmmmmNNNNNmNNNmNNmmmNmNmNmNmmmmNmmNmmmmmmmmmmmNmmmmNmNmmmmmmmm
NNNNNNd++hNNNNNNNNNNNNNNNNNNNNNNNNNNNNNNNNNNNNNNNNNNNNNNNNNNNNNNNNNNNNNNNNNNNNNNNNNNNNNNNNNNNNNNNNNNNNNNNNNNNNNNNNNNNNNNNNNNNNNNNNNNNNNNNNNNNNNNNNNNNNNNNNNNNNNNNNNNNNNNNNNNNNNNNNNNNNNNNNNNNNNNNNNNNNNNNNNNNNNNNNNNNNNNNNNNNNNNNNNNNNNNNNNNNNNNNNNNNNNNNNNNNNNNNNNNNNNNNNNNNNNNNNNNNNNNNNNNNNNNNNNNNNNNNNNNNNNNNNNNNNNNNNNNNNNNhs//oymmmNNNNNNNNNNmNmmmmmmmmmmmmmmmmmmmmmmmmmmmmmmmmmmmmmmmmmmmmmmmNmmmmmmmmmmmmmmmmmmmmmmmmmmmmmmmmmmmmmNmmmmmmNmmmmmmmmmmmmNNNNNmNNNmNmmmmmNmmNNNNNmmNmmmmmmmmmmmNmNmNmmNmmmmmmmm
NNNNNNNmmNNNNNNNNNNNNNNNNNNNNNNNNNNNNNNNNNNNNNNNNNNNNNNNNNNNNNNNNNNNNNNNNNNNNNMMNNNNNNNNNNNNNNNNNNNNNNNNNNNNNNNNNNNNNNNNNNNNNNNNNNNNNNNNNNNNNNNNNNNNNNNNNNNNNNNNNNNNNNNNNNNNNNNNNNNNNNNNNNNNNNNNNNNNNNNNNNNNNNNNNNNNNNNNNNNNNNNNNNNNNNNNNNNNNNNNNNNNNNNNNNNNNNNNNNNNNNNNNNNNNNNNNNNNNNNNNNNNNNNNNNNNNNNNNNNNNNNNNNNNNNNNNNNNNNNmdyydmmmmmmmNNNNNNNmmmmmNmmmmmmmmmmmmmmmmmmmmmmmmmmmmmmmmmmmmmmmmmmmmmmmmmmmmmmmmmmmmmmmmmmmmmmmmmmmmmmmmNmmmmmmmmmmNNmmNNNmmNmNNNmNNmNmmmmNmmmmmmNmmmmNmNNNmmmmmmmNmmNmmNmmmmmmmmmmm
NNNNNNNNNNNNNNNNNNNNNNNNNNNNNNNNNNNNNNNNNMNNNNNNNNNNNNNNNNNNNNNNNNNNNNNNNNNNNNNNNNNNNNNNNNNNNNNNNNNNNNNNNNNNNNNNNNNNNNNNNNNNNNNNNNNNNNNNNNNNNNNNNNNNNNNNNNNNNNNNNNNNNNNNNNNNNNNNNNNNNNNNNNNNNNNNNNNNNNNNNNNNNNNNNNNNNNNNNNNNNNNNNNNNNNNNNNNNNNNNNNNNNNNNNNNNNNNNNNNNNNNNNNNNNNNNNNNNNNNNNNNNNNNNNNNNNNNNNNNNNNNNNNNNNNNNNNNNNNNNmmNmNmmmmmmmmmmNmmmmmmmmmmmmmmmmmmmmmmmmmmmmmmmmmmmmmmmmmmmmmmmmmmmmmmmmmmmmmmmmmmmmmmmmmmmmmmmmmmmmmmNmmmmmmmNmNmNmmmmmNNNNmNNNNNNmmNNmmmNNNmmmmmmmmmmmmmNmmmmmmmmmNmmmmmmNmmmmmmmm
NNNNNNNNNNNNNNNNNNNNNNNNNNNNNNNNNNNMNNNNNNNNNNMNNNNNNNNNNNMNNNNNNNNNNNNNNNNNNNNNNNNNNNNNNNNNNNNNNNNNNNNNNNNNNNNNNNNNNNNNNNNNNNNNNNNNNNNNNNNNNNNNNNNNNNNNNNNNNNNNNNNNNNNNNNNNNNNNNNNNNNNNNNNNNNNNNNNNNNNNNNNNNNNNNNNNNNNNNNNNNNNNNNNNNNNNNNNNNNNNNNNNNNNNNNNNNNNNNNNNNNNNNNNNNNNNNNNNNNNNNNNNNNNNNNNNNNNNNNNNNNNNNNNNNNNNNNNNNNmNmmNmNNmmmmmmmNmmmmmmNmmmmmmmmmmmmmmmmmmmmmmmmmmmmmmmmmmmmmmmmmmmmmmmmmmmmmmmmmNmmmmmmmmmmmmmmNmmmmmmmmmmmmmmmmmmNmmmmmNmNNNmmmmmmmmmmmNmmmNmmmmNmmmmmmmmmmNmNmmmmNmmmmmmmmNmmNmmNmmm
NNNNNNNNNNNMNNNNNNNNNNNNNNNNNNNNNNNNNNNNNNNNNNNNNNNNNNNNNNNNNNNNNNNNNNNNNNNNNNNNNNNNNNNNNNNNNNNNNNNNNNNNNNNNNNNNNNNNNNNNNNNNNNNNNNNNNNNNNNNNNNNNNNNNNNNNNNNNNNNNNNNNNNNNNNNNNNNNNNNNNNNNNNNNNNNNNNNNNNNNNNNNNNNNNNNNNNNNNNNNNNNNNNNNNNNNNNNNNNNNNNNNNNNNNNNNNNNNNNNNNNNNNNNNNNNNNNNNNNNNNNNNNNNNNmNNmNNNNNNNNNNNNNNNNNNNNNNNNNNmmNmmmmmmmmmmmmmmmmmNNmmmmmmmmmmmmmmmmmmmmmmmmmmmmmmmmmmmmmmmmmmmmmmmmmmmmmmmmmmmmmmmmmmmmmmmmmNmmmmmmmmmmmmmNmmmmmmmNmNmNmmmmmmmmmmmmmmmmmNmNmmmmmNmmmmmmNmNNmNmNmmmmmmmmmmmmNmNmmNm
NNNNNNNNNNNNNNNNNNNNNNNNNNNNNNNNNNNNNNNNNNNNNNNNNNNNNNNNNNNNNNNNNNNNNNNNNNNNNNNNNNNNNNNNNNNNNNNNNNNNNNNNNNNNNNNNNNNNNNNNNNNNNNNNNNNNNNNNNNNNNNNNNNNNNNNNNNNNNNNNNNNNNNNNNNNNNNNNNNNNNNNNNNNNNNNNNNNNNNNNNNNNNNNNNNNNNNNNNNNNNNNNNNNNNNNNNNNNNNNNNNNNNNNNNNNNNNNNNNNNNNNNNNNNNNNNNNNNNNNNNNNNNNNNNmmmNNNNNNNNNNNNNNNNNNNNNNNNNNNmmNNNNNmmNNmmmmmmmmmmmmmmmmmmmmmmmmmmmmmmmmmmmmmmmmmmmmmmmmmmmmmmmmmmmmmmmmmmmmmmmmmmmmmmmmmmmmmmmmmmNmmmmmmmmmmmmmmmmmmmmmmmmmmmmmmmmmmmmmmmNmmmmmmmNmmmmmmmmmNNmmmmmmmmmNmmmmmmmmmm
NNNNNNNNNNNNNNNNNNNNNNNNNNNNNNNNNNNNNNNNNNNNNNNNNNNNNNNNNNNNNNNNNNNNNNNNNNNNNNNNNNNNNNNNNNNNNNNNNNNNNNNNNNNNNNNNNNNNNNNNNNNNNNNNNNNNNNNNNNNNNNNNNNNNNNNNNNNNNNNNNNNNNNNNNNNNNNNNNNNNNNNNNNNNNNNNNNNNNNNNNNNNNNNNNNNNNNNNNNNNNNNNNNNNNNNNNNNNNNNNNNNNNNNNNNNNNNNNNNNNNNNNmddmmmmmmmNNNNNNNNNNNmmmmmmNmNNNNNNNNNNNNNNNNNNNNNNNNNNmNmNNNNmNNNNmmmmmmmmNNNmmmmmmmmmmmmmmmmmmmmmmmmmmmmmmmmmmmmmmmmmmmmmNmmmmmmmmmmmmmmmmmmmmmmmmmmmmmmmmNmmmmmmmmmmmmmmmmmNmmNmmmmmmmmmmmmmmmmmNmmmmmmmmmmmmmmmmmmmmmNmmmmmmmmmmmmmmmmNN
NNNNNNNNNNNNNNNNNNNNNNNNNNNNNNNNNNNNNNNNNNNNNNNNNNNNNNNNNNNNNNNNNNNNNNNNNNNNNNNNNNNNNNNNNNNNNNNNNNNNNNNNNNNNNNNNNNNNNNNNNNNNNNNNNNNNNNNNNNNNNNNNNNNNNNNNNNNNNNNNNNNNNNNNNNNNNNNNNNNNNNNNNNNNNNNNNNNNNNNNNNNNNNNNNNNNNNNNNNNNNNNNNNNNNNNNNNNNNNNNNNNNNNNNNNNNNNNNNNNNNNmo///hmmmmhdmmNNmmNNNNmmmmmNmNNNNNNNNNNNNNNNNNNNNNNNNmmmmNmNmmNmmmNNmmNNNNmmmNNNmmmmmmmmmmmmmmmmmmmmmmmmmmmmmmmmmmmmmmmmmmmmmmmmmmmmmmmmmmmmmmmmmmmmmmmmmmmmmmmmmmmmmmmmmmmmmmmmmmNmmNmmmmmmmmmmmmmmmmmmmmmmmmmmmmmmmmNmmmmmmmmmmmmmmmmmNmmmmm
NNNNNNNNNNNNNNNNNNNNNNNNNNNNNNNNNNNNNNNNNNNNNNNNNNNNNNNNNNNNNNNNNNNNNNNNNNNNNNNNNNMNNNNNNNNNNNNNNNNNNNNNNNNMNNNNNNNNNNNNNNNNNNNNNNNNNNNNNNNNNNNNNNNNNNNNNNNNNNNNNNNNNNNNNNNNNNNNNNNNNNNNNNNNNNNNNNNNNNNNNNNNNNNNNNNNNNNNNNNNNNNNNNNNNNNNNNNNNNNNNNNNNNNNNNNNNNNNNNNNNmo-:/sdddho+hmmmmNmmmmNNmmmmmmNNNNNNNNNNNNNNNNNNNNNNNNNNNNmNNNNNNmmNNNNNNNmmmmmmmmmmmmmmmmmmmmmmmmmmmmmmmmmmmmmmmmmmmmmmmmmmmmmmmmmmmmmmmmmmmmmmmmmmmmmmmmmmmmmmmmmmmmmmmmmmmmmmmmmmmmNmmmmmmmmmmmmmmmmmmmmmmmmmmmmNmmmmmmmmmmmmmmmmmmmmNNmmmmN
NNNNNNNNNNNNNNNNNNNNNNNNNNNNNNNNNNNNNNNNNNNNNNNNNNNNNNNNNNNNNNNNNNNNNNNNNNNNNNNNNNNNNNNNNNNMNNNNNNNNNNNNNNNNNNNNNNNNNNNNNNNNNNNNNNNNNNNNNNNNNNNNNNNNNNNNNNNNNNNNNNNNNNNNNNNNNNNNNNNNNNNNNNNNNNNNNNNNNNNNNNNNNNNNNNNNNNNNNNNNNNNNNNNNNNNNNNNNNNNNNNNNNNNNNNNNNNNNNNNNmho+ohmhhs++sdmmmmmdddmmmmmmNmNNNNNNNNNNNNNNNNNNNNNNNNNNNNNNNNNNNNmmmNmmmmmmmmmmmmmmmmmmmmmmmmmmmmmmmmmmmmmmmmmmmmmmmmmmmmmmmmmmmmmmmmmmmmmmmmmmmmmmmmmmmmmmmmmmmmmmmmmmmmmmmmmmmmmmmmNmmmmmmmmmmmmmmmmmmmmmmmmmmmmmNmmmmmmmmmmmmmmmmmmmmNmmmmNm
NNNNNNNNNNNNNNNNNNNNNNNNNNNNNNNNNNNNMNNNNNNNNNNNMNNNNNNNNNNNNNNNNNNNNNNNMNNNNNNNNNNNNNNNNNNNNNNNNNNNNNNNNNNNNNNNNNNNNNNNNNNNNNNNNNNNNNNNNNNNNNNNNNNNNNNNNNNNNNNNNNNNNNNNNNNNNNNNNNNNNNNNNNNNNNNNNNNNNNNNNNNNNNNNNNNNNNNNNNNNNNNNNNNNNNNNNNNNNNNNNNNNNNNNNNNNNNNNNNNNmmddmmmds:+hmmmmmdsossyyhmmmmNNNNNNNNNNNNNNNNNNNNNNNNNNNNNNNNNNNNmmmmmmmmmmmmmmmmmmmmmmmmmmmmmmmmmmmmmmmmmmmmmmmmmmmmmmmmmmmmmmmmmmmmmmmmmmmmmmmmmmmmmmmmmmmmmmmmmmmmmmmmmmmmmmmmmmmmmmmmmmmmmmmmmmmmmmmmmmmmmmmNmmmmmmmmmmmmmmmmmmmmmmmmmmmmmmm
NNNNMMNNMNNNMNNNNNNNNNNNNNNNNNNNNNNNNNNNNNNNNNNNNNNNNNNNNNNNNNNNNNNNNNNNNNNNNNNNNNNNNNNNNNNNNNNNNNNNNNNNNNNNNNNNNNNNNNNNNNNNNNNNNNNNNNNNNNNNNNNNNNNNNNNNNNNNNNNNNNNNNNNNNNNNNNNNNNNNNNNNNNNNNNNNNNNNNNNNNNNNNNNNNNNNNNNNNNNNNNNNNNNNNNNNNNNNNNNNNNNNNNNNNNNNNNNNNNNNNmmmmmmmosdmmmNmmdyssso+sdmmmmNNNNNNNNNNNNNNNNNNNNNNNNNNNNmNNNNmmmmmmmmmmmmmmmmmmmmmmmmmmmmmmmmmmmmmmmmmmmmmmmmmmmmmmmmmmmmmmmmmmmmmmmmmmmmmmmmmmmmmmmmmmmmmmmmmmmmmmmmmmmmmmmmmmmmmmmmmmmmmmmmmmmmmmmmmmmmmmmmmmmmmNNmmmmmmmmmmmmmmmmmmmmmmNmmm
NNNNNNNNNNNNNNNNNNNNNNNNNNNNNNNNNNNNNNNNNNNNNNNNNNNNNNNNNNNNNNNNNNNNNNNNNNNNNNNNNNNNNNNNNNNNNNNNNNNNNNNNNNNNNNNNNNNMNNNNNNNNNNNNNNNNNNNNNNNNNNNNNNNNNNNNNNNNNNNNNNNNNNNNNNNNNNNNNNNNNNNNNNNNNNNNNNNNNNNNNNNNNNNNNNNNNNNNNNNNNNNNNNNNNNNNNNNNNNNNNNNNNNNNNNNNNNNNNNNNNNmmmmmmmmmNNNmmmNmNmmdddhhmmmmmNNNNNNNNNNNNNNNNNNNNNNNNmmmmmmmmmmmmmmmmmmmmmmmmmmmmmmmmmmmmmmmmmmmmmmmmmmmmmmmmmmmmmmmmmmmmmmmmmmmmmmmmmmmmmmmmmmmmmmmmmmmmmmmmmmmmmmmmmmmmmmmmmmmmmmmmmmmmmmmmmmmmmmmmmmmmmmmmmmmmmmmmmmmmmmmmmmmmmmmmmmmmNmmN
NNNNNNNNNNNNNNNNNNNNNNNNNNNNNNNNNNNNNNNNNNNNNNNNNNNNNNNNNNNNNNNNNNNNNNNNNNNNNNNNNNNNNNNNNNNNNNNNNNNNNNNNNNNNNNNNNNNNNNNNNNNNNNNNNNNNNNNNNNNNNNMNNNNNNNNNNNNNNNNNNNNNNNNNNNNNNNNNNNNNNNNNNNNNNNNNNNNNNNNNNNNNNNNNNNNNNNNNNNNNNNNNNNNNNNNNNNNNNNNNNNNNNNNNNNNNNNNNNNNNNmmNNNmmmNNNNNNmNNmmmmmdyssyyhddmmmNNNNNNNNNNNNNNNNNNNNNmmmmmmmmmmmmmmmmmmmmmmmmmmmmmmmmmmmmmmmmmmmmmmmmmmmmmmmmmmmmmmmmmmmmmmmmmmmmmmmmmmmmmmmmmmmmmmmmmmmmmmmmmmmmmmmmmmmmmmmmmmmmmmmmmmmmmmmmmmmmmmmmmmmmmmmmmmmmmmmmmmmmmmmmmmmmmmmmmmmmmmmm
NNNNNNNNNNNNNNNNNNNNNNNNNNNNNNNNNNNNNNNNNNNNNNNNNNNNNNNNNNNNNNNNNNNNNNNNNNNNNNNNNNNNNNNNNNNNNNNNNNNNNNNNNNNNNNNNNNNNNNNNMNNNNNNNNNNNNNNNNNNNNNNNNNNNNNNNNNNNNNNNNNNNNNNNNNNNNNNNNNNNNNNNNNNNNNNNNNNNNNNNNNNNNNNNNNNNNNNNNNNNNNNNNNNNNNNNNNNNNNNNNNNNNNNNNNNNNNNNNNNNNNNNNNNNNNNNNNNmmdsosdhsooo++osyhdmmmmNNNNNNNNNNNNNNmNNNNmmmmmmmmmmmmmmmmmmmmmmmmmmmmmmmmmmmmmmmmmmmmmmmmmmmmmmmmmmmmmmmmmmmmmmmmmmmmmmmmmmmmmmmmmmmmmmmmmmmmmmmmmmmmmmmmmmmmmmmmmmmmmmmmmmmmmmmmmmmmmmmmmmmmmmmmmmmmmmmmmNmmmmmmmmmmmNmmmmmmmNm
NNNNNNNNNNNNNNNNMNNNNNNNNNNNNNNNNNNNNNNNNNNNMNNNNNNNNNNNNMNNNNNNNNNNNNNNNNNNNNNNNNNNNNNNNMNNNNNNNNNNNNNNNNNNNNNNNNNNNNNNNNNNNNNNNNNNNNNNNNNNNNNNNNNNNNNNNNNNNNNNNNNNNNNNNNNNNNNNNNNNNNNNNNNNNNNNNNNNNNNNNNNNNNNNNNNNNNNNNNNNNNNNNNNNNNNNNNNNNNNNNNNNNNNNNNNNNNNNNNNNNNNNNNNNNNNNNmNmmhsshdsoo+++++osohdmmmmNNNNNNNNNNNNNNNNNNmmmmmmmmmmmmmmmmmmmmmmmmmmmmmmmmmmmmmmmmmmmmmmmmmmmmmmmmmmmmmmmmmmmmmmmmmmmmmmmmmmmmmmmmmmmmmmmmmmmmmmmmmmmmmmmmmmmmmmmmmmmmmmmmmmmmmmmmmmmmmmmmmmmmmmmmmmmmmmmmmmmmmmNmmmmmmmmmmmmmmmm
NNNNNNNNNNNNNNNNNNNNNNNNNNNNMNNNNNNNNNNNNNNNNNNNNNNNNNNNNNNNNNNNNNNNNNNNNNNNNNNNNNNMNNNNNNNNNNNNNNNNNNNNNNNNNNNNNNNNNNNNNNNNNNNNNNNMNNNNNNNNNNNNNNNNNNNNNNNNNNNNNNNNNNNNNNNNNNNNNNNNNNNNNNNNNNNNNNNNNNNNNNNNNNNNNNNNNNNNNNNNNNNNNNNNNNNNNNNNNNNNNNNNNNNNNNNNNNNNNNNNNNNNNNNNNNNNNNNdyydmdsoo++oo+oo+sddmmmNNNNNmmmNNNNNmmmNmmmNNmmNNmmmmmmmmmmmmmmmmmmmmmmmmmmmmmmmmmmmmmmmmmmmmmmmmmmmmmmmmmmmmmmmmmmmmmmmmmmmmmmmmmmmmmmmmmmmmmmmmmmmmmmmmmmmmmmmmmmmmmmmmmmmmmmmmmmmmmmmmmmmmmmmmmmmmmmmmmmmmmmmmmmmmmmmmmmmmmmmm
NNNNNNNNNNNNNNNNNNNNNNNNNNNNNNNNNNNNNNNNNNNNNNNNNNNNNNNNNNNNNNNNNNNNNNNNNNNNNNNNNNNNNNNNNNNNNNNNNNNMNNNNNNNNNNNNNNNNNNNNNNNNNNNNNNNNNNNNNNNNNNNNNNNNNNNNNNNNNNNNNNNNNNNNNNNNNNNNNNNNNNNNNNNNNNNNNNNNNNNNNNNNNNNNNNNNNNNNNNNNNNNNNNNNNNNNNNNNNNNNNNNNNNNNNNNNNNNNNNNNNNNNNNNNNNNNNNNmddmhssoosyysooo+odmmNNNNNNNNmmmNNNNmmmmmmNmmmmNNNmmmmmmmmmmmmmmmmmmmmmmmmmmmmmmmmmmmmmmmmmmmmmmmmmmmmmmmmmmmmmmmmmmmmmmmmmmmmmmmmmmmmmmmmmmmmmmmmmmmmmmmmmmmmmmmmmmmmmmmmmmmmmmmmmmmmmmmmmmmmmmmNmmmmmmmmmmmmmmmmmmmmmmmmmmmmmmm
NNNNNNNMNNNNNNNNNNNNNNNNNNNNNNNNNNNNNNNNNNNNNNNNNNNNNNNNNNNNNNNNNNNNNNNNNNNNNNNNNNNNNNNNNNNNNNNNNNNNNNNMNNNNNNNNNNNNNNNNNNNNNNNNNNNNNNNNNNNNNNNNNNNNNNNNNNNNNNNNNNNNNNNNNNNNNNNNNNNNNNNNNNNNNNNNNNNNNNNNNNNNNNNNNNNNNNNNNNNNNNNNNNNNNNNNNNNNNNNNNNNNNNNNNNNNNNNNNNNNNNNNNNNNNNNNNNNNNNdoooosdmmsyo++hmmNNNNNNNNNmmmmNNNmmNNmmmmmmmNNmmmmmmmmmmmmmmmmmmmmmmmmmmmmmmmmmmmmmmmmmmmmmmmmmmmmmmmmmmmmmmmmmmmmmmmmmmmmmmmmmmmmmmmmmmmmmmmmmmmmmmmmmmmmmmmmmmmmmmmmmmmmmmmmmmmmmmmmmmmmmmmmmmmmmmmmmmmmmmmmmmmmmmmmmNmNmmmm
NNNMNNNNNNNNNNNNNNNNNNNNNNNNNNNNNNNNNNNNNNNNNNMNNNNNNNNNNNNNNNNNNNNNNNNNNNNNNNNNNNNNNNNNNNNNMNNNNNNNNNNNNNNNNNNNNNNNNNNNNNNNNNNNNNNNNNNNNNNNNNNNNNNNNNNNNNNNNNNNNNNNNNNNNNNNNNNNNNNNNNNNNNNNNNNNNNNNNNNNNNNNNNNNNNNNNNNNNNNNNNNNNNNNNNNNNNNNNNNNNNNNNNNNNNNNNNNNNNNNNNNNNNNNNNNNNNNNNNdyhdmmmmmmyooymmNNNNNNNNmNNNmmmNNmmNNmmmmmmmmmmmmmmmmmmmmmmmmmmmmmmmmmmmmmmmmmmmmmmmmmmmmmmmmmmmmmmmmmmmmmmmmmmmmmmmmmmmmmmmmmmmmmmmmmmmmmmmmmmmmmmmmmmmmmmmmmmmmmmmmmmmmmmmmmmmmmmmmmmmmmmmmmmmmmmmmmmmmmmmmmmmmmmmmmmmNmmmmm
























































mmmmmmmmmmmmmmmmmmmNmmddsdmmNmNNmNmNNNmmmmmmmNmmmmNNmmmmmmNmmmNNmmmmmmdhddhmmdddddmmdhdhoohhdNNmmmNmmhdmy//ydhhdhysy+:hmdo+sh/ssoosooyyssmmdhsyhhddmmNdhysshyooys+oohhssssosssosssdmdyosoooosmNdmddooyyhyhhhyymmddhyhhdddyshhhdmNNNNNNNNNNNNNNNNNNNNNNNNmm
NmmmmNNmmmNmmmmNmmmmdddhydddmNNmmNmNmmmmmmmmmmNmmNNmmmNNNmNmmmmNNNmmNNmhhhdNNmdddhdmhdddyoshhdNdmmNNmmNNmhyhdddddsyh//ymdyyhdhdo++syosossyhddyhhsyyydmddhhhhy+oooooossyyyyyyhmhyydmNmmhyyoshddNmmdhyhdNNmhyyhddddds+ydhhhhydmNNNNNNNNNNNNNNNNNNNNNNNNNmmmm
NmmmmmmmNmmmdydmmmmmmdhoshmdmNmmNmmddddmmmmmmNmmNNNNmmmmmNmmdmmNmmmmmmdddhhNmmdymdyhmdmdhhoydddNmdmNmdmmmddhmdydyshhhhmmmmNmhymsoosso+sysssdhoosyhyyhhyydmdyssshsyhddmmdddhydmddsymmmmmdddydddydmdhhdNNmmdsshhddddyyhddhdmmdmNNNNNNmNNNNNNNNNNNNNNmmNmNmNm
NNNmmmNNNmmNmdssyhhhsoooydddNNNmmmmmmdmdhhhhhdmmmNmmmmmmmNmmdmmNmmNmmmmmdhmmmdyhydhhdhdhyysohdhdmmmdddNNmdhyysoososssssyyyhdhyhsooooo+s++++ss+osoooooooymmdhyysssyhNmmNmhyyhhdddhysyyhhyydhhy+syyhhhhdddmdhssmmmdhdhy+ohNNNNhmNNNNNNmNNNNNNNNNmNNmdhymNmmm
NNNNNNNNNNmNmhsooosoydmNNNNmmmmdmNmmmmmmmddhyyyyhddmmmmdNmmmddmNNmmmmmmmmhmmmmdmdmddmdhsdmdoohysmNmhhhmmdhsoososddsyhhhsdddmmhysooo+oooooyhyyyyyosyyyyyysyyy+ssso+shdmmddddmmmmmdyhNmdsshdhhyhhy+yhhhhhhhysyyyyhhyhdmhysdNNNNNNNNNNNNNNNNNNNNmmNmmmmddmmmm
NNNNNNNmNNmNmhsosshdNNmmmmmmmmmmNNmmNmNmmmmNmmNmdhhmmmdmNNmmmddmNNmdmmdNmhdhymddhhhdmdhhhdds+ohyddhhyyssddhhysyyhdyddsyyyhhdmdhysosshdhsommyyyoyyyhssss://:/::++/-odhhhhhhdmdydhyyymddddhdhhhhhhyhdhhhhhhhhhy++yhhdNNNNmNNNNNNNNNNNNNNNNNNNNNdmmmmmmmmmmdd
NNNNNNNNNmmmhsssyhmNNmmmNNmmmmmmmmmmmmmmmmNNmmmNmmmmmmmddhhdddmNNmmdNdhhhyssydo+hhhhdmdhhhhy++yyydhyssydhhdmhhhhhdddhyysshdddd++soyoyhhyymmdddhmmhhhyydo:ssso:/+oshydhyyddddy:smooydddhhmmmdhhyhhhdhhhhhhhdddyoyyhdNNNNNNNNNNNNNNNNNNNNNNNNNNNNNmmmdddhdmm
NNNNmNNNmmdyyyshmNNmNmmmNmmmmmmmmmmmNNmNNdNNmmNNmmmmmmmNmmhyyyhdmmdddhs:+hhdNmh:hhhyyhysoooossooodddhysy+odddhhhddhhhmmmmmmmdhs+soyssssohmmdddmmmdmmddNdhhhhhhhhhhhymdhhhhhdy:sdhdmdddhdmmddhhhhhhhddhhhyyhyssdhydmNNNNNNNNNNNNNNNNNNNNNNNNNNNNNmmmmdmhshm
NNmmmNmmddysshdNNmmmmmNNmmmmmNmmmmmNmmmNmmmmmmNmmmdmmNmNmNmddyssyhhdhhoosyyyyys+oooooosyhhhhssyooyhhys+s+ossyyyhhhhhhddNmmdhhys+yohssss+hmmmddddshddhdmdddhhyhyyyyyhmdhhhhddyoyhmmmmddhdhhhdddhdNmhdhhhhhdhhhhyyymmNNNNNNNNNNNNNNNNNNNNNNNNNNNNNNNmdmmdhss
NmmNNmmmhss+sdNmmmmNmmNmNmmNmmmmmmmmmmNmmmNmmmNmmNmmNmmmmmNmmmdhyssyyss+ooshhhyssyysssyhhyso+oydmmmmmmddddddhhyyysyyyhhNmmshyysoy+///o+/hddddyssohyhhyhhyhyyyyyyyyyyhhhhhhddhhmNNdNNNmmdyyddmmmNmmdhhdyyhmmdyshysdmmmmhmNNNNNNNNNNNNNNNNNNNNNNNNNNmhdddhys
NNNmmddhsyhsydmmNmmmmNmNmmmNNmmmmmmmmmNmmNmmmmmmmmmmNNNmmNmmmmmddhmmmdhhyoshhdy+++sooddhy+ohhhmmNNNNNNNNNNNNNNNmmmdyyyssys:o/osys---:+/+oooyhyhsyysshyyysyyyyyyyhdmmmNNNNNNNNhNNNhdNNNNmmhysydhmmddhhmdhyhhhhmmdsssydmdmNNNNNNNNNNNNNNNNNNNNNNNNNNNNmmdmdh
NNmNmdysshNmdymmmmmmNmmmNmmNNmmmmmmmmmmmNNmmmmmmmmmmNNNmmmdmmmdyssdmmddhhhyyhddhyyhhdhyssydmmNNNNNNNNNNNNNNNNNNNNNmhmmmddhysssss+..`+so+so+sdmhhhysyyyyyyysyhdmmNNNNNNNNNNNNmymmmhdNNNNNNmmhssyhhhmdddhyyhhhhhyo/+ymNNNNNNNNNNmmmmNNNNNNNNNNNNNNNNNNNNNNNN
NNNNmdyhmNNNmdyshmNmmmmmdddmmmmmmmmmmmmmNmmmmmmNmmmmNNmmmdhyydddyyydhhmhyhyssdmhyhhddmmmmmNNNNNNNNNNNNNNNNNNNNNNNNhNNNNNNmmmmmmmds/:oso+sydmNNdhhyyhhhhdyyyhmNNNNNNNNNmmNmmmmhmmmmNNNNNNNmmmmmmNNNNmmmmmmmmmmdhyyo+dmNNNNNNNNmmmddNmmNNNNNNNNNNNNNNNNNNNNN
NNNmmNmNNNmNNNmmdhyydmmmmddmmmmmmmmmmmmmmmNNmmmmmmmNmmmmmhoosdmdhddyosyyosyysymdhyyhdNNNNNNNNNNNNNNNNNNNNNNNNNNNNmdNNNNNNNNNNNNNNNdhyo+osoyNNNNdyodmmmNNmyhNNNNNNNNmmmmmmmmmmmmmmmmmNNNNNNNNNNNNNNNNNNNNNNmNNmmmmh+sddmmmmmdhhhhhydmdNNNNNNNNNNNNNNNNNNNNN
NmmNNNNNmmmNNNNNNmmhossyyhhhddmmmdmmdmmmmmNNmmmmNmmmmNmmmdhhsshhmmdyo+ssssyyyyhhyhdmNNNNNNNNNNNNNNNNNNNNNNNNNNNNd+sNNNNNNNNNNNNNNNdmdss+oyhhmmNNdhNNNNNNNdmNNNNNmNmmmmmmmmmmmmmmmmmmmmmNmNNNmmNNNNNNNNNNNmmmmmmhdds+yyhdddddhydyyyyyhhmmNNNNNNNNNNNNNNNNNN
mNNNmmNNmmmmmmNmmmmdy+syssoooosysyssymmmmmNmmmmmNmmmmNNmmmdsosyyhhdhddsmmmmmddmmmNNNNNNNNNNNNNNNNNNNNNNNNNNNNNNNNmmNNNNNNNNNNNNNNmhNh++o++oosssNNNNNNNNNNsdNNmNNmmmmmmmmmmNmmmmmmmmmmmmmmmNmmmNNNNmNNmNmmmmmNNdyyyyossssyyhhhyyysssyssmNNNNmNNNNNNNNNNmNNN
dNNNNNmmNmmNNNmmmmmmmhhhsyyyssyso+++oydmmmmmmmmNNNNmNmmmmddyysoshmmNNNdhNNNNNNNNNNNNNNNNNNNNNNNNNNNNNNNNNNNNNNNNNNNNNNNNNNNNNNNNNssmddsooooo++sNNNNNNNNNmohmNNNNmmNmmmmmmmmmmmmmmmmmmmmmmmNmmmNNNNNNNNmmNNNNNmyshmdhsyhyyoosshsyyyyyyymNNNNNNNNNNNNNNNNNNN
mNNNNmmmNNNNmmmmmmmmdddhoohyyyyhysyyyyydddmmmmmNmNmmmmdhdhyyyhdmmmNNNNNmNNNNNNNNNNNNNNNNNNNNNNNNNNNNNNNNNNNNNNNNmmNNNNNNNNNNNNNNNhdo+s++hNmh++dNNNNNNNNNNmmmmmNmmNmmNNNmNmmmmmmmmmmmmmmmmmmmNNNNNNNNNNNNNNNNmNddNNNmdsddyysyyhdmdyyhdmNNNNNNNNNNNNNNNNNNNN
NmNNNmmmNNNmmmmmdmdhhdhhhhhyyyhhyysssssooyyhhhhddmmmmddysydmmNNNNNNNNNNNdmNNNNNNNNNNNNNNNNNNNNNNNNNNNNNNNNNNNNNNNmNNyNNNNNNNmdNNNNh/ys+:smoo/dNNNNNNNNNNNNNNNNNmmNNmNmmNNmNmNNmmmmmmmmmmmmNNNNNNNNNNNNNNNmdhNNNmmmNNmddhddmmhodmdydmmmmNNNNNNNNNNNNNNNNNNN
NNNNNmmmmmmmmmmmddhdhyhhhyyysyyyssssyyyssyyyyyyyydhddddhdhmNNNNNNNNNNNNNmNNNNNNNNNNNNNNNNNNNNNNNNomNNNNNNNNNNNNNNNNNNNNmNNNNNmNNNNmhd+:/mh+ooddNNNNNNNmNNNNNNNNNNNNNNmmNmNmNNNNmNNNmmmNmNNNNNNNNNNNNNNNmmysdNNNNmmmmdddhmmdmdyyyyhmNNmNNNNNNNNNNNNNNNNNNNN
NNNNNNNNNmmmmmddhhdyhyyyyyyyyyys+ossyyyyssyyyyyysyssyydNNmhmNNNNNNNNNNNNNNNNNNmdNNNNNNNNNNNNNNNNNmNNNNhNNNNNNNNNNNmNNNNdNNNNNNNNNNNNh//dNmh+ssyNNNNNNNdNNNNNNNNNNNNNNNNNmNNNNNNNNNNNNNNmNNNNNNNNNNNNNNmmhsyNNmmmmmNNhshhhyyhhyyhmhhdmNNNNNNNNNNNNNNNNNNNNN
NNmNmmmmmmmmmdhyydhyhyyyyyyyyyyhyyyssyysyysyhyssysssyhNNNNNdmNNNNNNNNNNNNNNNNNNmNNNNNNNNNNNNNNNNNNNNNNmNNNNNhmNNNNmNNNNNNNNNNNNNNNNhysdNNNy+dmmNNNNNNNNNmdNNNNNNNNNNNNNNNNNNNNNNNNNNNNNNNNNNNNNNNNmmNmddhdmmmddddmmmmsyhddmdhydNNNNmddmNNNNNNNNNNNNNNNNNNN
dmmmmmmmmmmmdhyysyhyhhyhhhhyyyyyyssyyysssssshyssysyhmNNNNNNNhmNNNNNNNNNNNNNNNNNNNNNNNNNNNNNNNNdNNmmNNNNNNNNNNNNNNNNNNsmNNNNNNNNNNNNNmmNNNNhydhdNNNNmNNNNmdNNNNNNNNNNNNNNNNNNNNNNNNNNNNNNNNNNNNNNNNNmmddhhmmmdddhddmddddddddhdmddmNNNNmNNNNNNNNNNNNNNNNNNNN
hhhmmmmmdmmmdhyyyyyyysssyyyysyyyyyyyhyyysyyssssssdmNNNNNNNNNdmNNNNNNNNNNNNNNNNNNNNNNNNNNNNNNNNNNNdmNNNNNdNNNNNNNNNNNNhmNNNNNNNNNNNNNNNNNNNNNNNNNNNmsNNNNNNdNNNNNNNNNNNNNNNNNNNNNNNNNNNNNNNNNNNNNmNNmmddhsdmmdmmmmmmmhyddmdhdNNNmhmNNNNNNNNNNNNNNNNNNNNNNNN
hyhyssyddhdmmmmmdddhhyyyyyhysyhhhhyyyysssyssoooshNNNNNNNNNNNNNNNNNNNNNNNNNNNNNNNNNNNNNNNNNNNNdNNNNNNNNNmNNNNNNNNNNNNNNNNNNNNNNNNNNNNNNNNmNNNNNNNNNNNNNNNNNhmNNdNNNNNNNNNNNNNNNNNNNNNNNNNNNNNNNmmmNNNmmmdsdmmdmddhmhy+sddhhdmmNNNNNNNNNNNNNNNNNNNNNNNNNNNNN
yoosyhdddddhdhhdddddmmmddhhyssyssssssooooosyyhdmNNNNNNNNNNNNNNNNNNNNNNNNNNNNNNNymNNNNNNNNNNNNhNNNNNNNNNymNNNNNmhNNNNNNNNNNNNNNNNNNNNNNNNsNNNNNNNNNNNNmNNNNmyNNmNNNhNNNNNNNNNNNNNNNNNNNNNNNNNNNmmmNNNmNmdsdddhsosssyyohdhdmNNNNNNNNNNNNNNNNNNNNNNNNNNNNNNNN
oydmmNNNNNNNNNmmddyhhhdmddmdyoyyyyyyyyhdmmNNNNNNNNNNNNNNNNNNNNNNNNNNNNNNsNNNNNNmmNNNNNNNNNNNNNNNNNNNNNNNNNNNNNNdNNNNNNNNNNNNNNNNNNNNydNNmNNNNNNNNNNNNNNNNNNNNNNdmNNNNNNNNNNNNNNNNNNNNNNNNNNmNNNNNNNNNNmmyyyssssyyyhdohhdmNNNNNNNNNNNNNNNNNNNNNNNNNNNNNNNNN
ydmNNNNNNNNNNNNNNNmdhhyhhdddhyhhhdmmNNNNNNNNNNNNNNNNNNNNNNNNNNNNNNNNNNNNmNNNNNNNNNNNNdmNNNNNNNNNNNNNNNNNNNNNNNNNNNNNNNNNNNNNNNNNNNNNmmNNNNNNNNNNNNNNNNNNNNNNNNNdNNNNNNNNNNNNNNNNNNNNNNNNNNNNNNNmmNNNNNNNNdhso+shhhdd+yddmmNmmmmmmNNNNNNNNNNNNNNNNNNNNNNNNN
mNNNNNNNNNNNNNNNNNNNNNNNNNNNNNNNNNNNNNNNNNNNNmNNNNNNNNNNNNNNNNNNNNNNNNNNNNNNNNNNNNNNNNNNNNNNhmNNNNNNNNNNNNNNNNNNNNNNNNNNNNNNNNNNNNhNNNNNNNmNNNNNNNNNNNNNNNNNdNNNNNNNNNNNNNNNNNNNNNNNNNNNNNNNNNNNNNNNNNNNNdhys+shdhmdyohyymmyyyddddmNNNNNNNNNNmdNNNNNNNNNNN
NNNNNNNNNNNNNNNNNNNNNNNNNNNNNNNNNNNNNNNNNNNNNNNNNNNNNNNNNNNNNNNNNNNNNNNddNNNNNNNNNNNNNNNNNNNmmNNNNNNNNNNNNNNNNNNNNNNNNNNNNNNNNNNNNdNNNNNNNdmNNNNNNNNNNNNNNNNyNNNNNNNNNNNyNNNNNNNNNNNNNNNNNNNNNNNNNNNNNNNNdhsyhhhyyyhsoyyshmdhyhsddmmNNNNNNNNNNNNNNNNNNNNNN
mNNNNNNNNNNNNNNNNNNNNNNNNNNNNNNNNNNNNNNNNNNNNNNNNNNNNNNNNNNNNNNNNyyNNNNNmNNNNNNNNNNNNNNNNNNNNNNNNNNNNNNNNNNNNNNNNmdNNNNNNNNNNNNmNNNNNNNNNdNNNNhdNNNNNNNNNNNNNNNNNNNNNNNNNNNNNNNNNNNNNNNNNNNNNNNNNNNNNNNNdhhhdddddmmmmmdmhyddhssohmmNNNNNNNNNNNNNNNNNNNNNNN
NNNNNNNNNNNNNNNNNNNNNNNNNNNNNNNNNNNNNNNNNNNNNNNNNNNNNNNNNNNNNNNNNNNNNNNNNmNNNNNNNNNNNNNNNNNNNNhmNNNNNNNNNNNNNNNNNNdNNNNNNNNNNNmyNNNNNNNNmsNNNNNNNNNmNNNNNNdNNNNNNNNNNNNNNNNNNNNNNNNNNNNNNNNNNNNNNNNmmddhyhhhyooshdmmmmhddddhshdmmmmNNNNNNNNNNNNNNNNNNNNNNN
NNNNNNNNNNNNNNNNNNNNNNNNNNNNNNNNNNNNNNNNNNNNNNNNNNNNNNNNNNNNNNmhNNNNNNNNNyNNNNNNNNNNNNNNNNNNNNNNNNNNNNNNNNNNNNNNNNNNmNNNNNNNNdNNNNNNNNNNNNNNNNNNNNNNNNNNNNNNNNNNNNNNNNNNNNNNNNNNNNNNNNNNNNNNNNNNNmmhhhhhyyyhyyydmmdmmmhhhhyyydmNNNNNNNNNNNmNNNNNNNNNNNNNNN
NNNNNNNNNNNNNNNNNNNNNNNNNNNNNNNNNNNNNNNNNNNNNNNNNNNNNNNNNNNNNNNdNNNNNNNNNNNNNNNNNNNNNNNNNNNNNNNNNNNNNNNNNNNNNNNNNNNmsNNNNNNNNshNNNNNNNmyNNNNNNNNNNmmNNNNNNNNNNNNNNNNNNNNNNNNNNNNNNNNNNNNNNNNNNNNmmmdhhhddyhhyyydmmmddhyssyhyydmmNNNNNNNNNNNNNNNNNNNNNNNNNN
NNNNNNNNNNNNNNNNNNNNNNNNNNNNNNNNNNNNNNNNNNNNNNNNNNNNNNNNNymNNNNNNNNNNNNNNNNNNNNNNNNNhsNNNNNNNNNNNNNNNNNNNNNNNNNNNNNNNNNNNNNNNNNNNNNNNNNdNNNNNNNNNNNNNNNNNNNNNNNNNhNNNNNNNNNNNNNNNNNNNNNNNNNNNNNNNNNNNmNNNNNNNmyshhhohsyhhhdmhddmmNNNNNNNNNNNNNNNNNNNNNNNNN
NNNNNNNNNNNNNNNNNNNNNNNNNNNNNNNNNNNNNNNNNNNNNNNNNNNNNNNNNNmNNNNNNNNNNNNNNNNNNmdNNNNNNdNNNNhmNNNNNNNNNNNNNNNNNNNNmyNNNNNNNNNNNNNNNNNNNNNNNNNNNNNNNNNNNNNNNNNNNNhNNmNNNNNNNNNNNNNNNNNNNNNNNNNNNNNNNNNNNNNNNNNNNNmmdhd/dmmmmmmmmmhmmNNNNNNNNNNNNNNNNNNNNNNNNN
NNNNNNNNNNNNNNNNNNNNNNNNNNNNNNNNNNNNNNNNNNNNNNNNNNNNNNNNNNNNNNNNNNNNNNNNNNNNNd.mNNNNNNNNNNNNNNNNNNNNNNNNNNNNNNNNNmNNNNNNNNNNNNNNNNNNNNNNNNNNNNNNNNNNNNNNNmNNNNNNNNNNNNNNNNNNNNNNNNNNNNNNNNNNNNNNNNNNNNNNNNNNNNNNNNN+mNNNNNNNNNmdNNNNNNNNNNNNNNNNNNNNNNNNNN
NNNNNNNNNNNNNNNNNNNNNNNNNNNNNNNNNNNNNNNNNNNNNNNNNNNNNNNNNNNNNNNNNNNNNNNNNNNNNNmNNNNNNNNNNNNNNNNNNNNNNNNNNNNNydNNNNNNNNNNNNNNNNNNNNNNNNNNNNNNNNNNNNNNNNNNmyNNdmNNNNNNNNNNNmNNNNNNNNNNNNNNNNNNNNNNNNNNNNNNNNNNNNNNNNmymNNNNNNNNNNhhymNNNNNNNNNNNNNNNNNNNNNNN
NNNNNNNNNNNNNNNNNNNNNNNNNNNNNNNNNNNNNNNNNNNNNNNNNNNNNNNNNNNNNNNNNNNNNNNNNNNNNNNNNNNNNNNNNNNNNNNNNNNNNNNNNNNNNNNNNNNNNNNNNNNNNNNNNNNNNNNNNNNNNNNNNNNNNNNNNNNNNmNNNdNNNNNNNNNNNNNNNNNNNNNNNNNNNNNNNNNNNNNNNNNNNNNNNNo-hNNNNNNNNNNmmNNNNNNNNNNNNNNNNNNNNNNNNN
NNNNNNNNNNNNNNNNNNNNNNNNNNNNNNNNNNNNNNNNNNNNNNNNNNNNNNNNNNNNNNNNNNNNNNNNNNNNNNNNNNNNNNNNNNNNNNNNNNddNNNNNNNNNNNNsNNNNNNNNNNNNNyNNNNNNNNNNNdhNNNNNNNNNmNNNNNNNNNNNdNNNNNNNNNhdNNNNNNNNNNNNNNNNNNNNNNNNNNNNNNNNNNNNNNmNNNNNNNNNNNNNNNNNNNNNNNNNNNNNNNNNNNNNN
NNNNNNNNNNNNNNNNNNNNNNNNNNNNNNNNNNNNNNNNNNNNNNNNNNNNNNNNNNNNNNNNNNNNNNNNNNNNNNNNNNNNNNNNNNNNNNNNNNmsNNNNNNNNNNNNNNNNNNNNNmdNNNNmNNNNNNNNNNdsNNNNNNNNNhNNNNNNNNNNNNNNNdmNNNNNNNNNNNNNNNNNNNNNNNNNNNNNNNNNNNNNNNNNNNNNNNNNNNNNNNNNNNNNNNNNNNNNNNNNNNNNNNNNNN
NNNNNNNNNNNNNNNNNNNNNNNNNNNNNNNNNNNNNNNNNNNNNNNNNNNNNNNNNNNNNNNNNNNNNNNNNNNNNNNNNNNNNNNNNhNNNNNNNNNNNNNNNNNNNNNNNNNNNNNNNNNNNNNsNNNNmsNNNNNNNNNNNNNNNNNNmyNNNNNNhmNNNmmNNNNNNNNNNNNNNyNNNhNNNNNNNNNNNNNNNNNNNNNNNNNNNNNNNNNNNNNNNNNNNNNNNNNNNNNNNNNNNNNNNN
NNNNNNNNNNNNNNNNNNNNNNNNNNNNNNNNNNNNNNNNNNNNNNNNNNNNNNNNNNNNNNNNNNNNNNNNNNNNNNNNNNNNNNNNNhhNNNNNNNNNNNNNNNNNNNNNNNNNNNNNNNNNNNNNNNNNNmNNNNNNNNNNNNNNNNNNNNNNNNNNNNNNNNNNNNmNNNNNNNNNNNNNNdNNNNNNNNNNNNNNNNNNNNNNNNNNNNNNNNNNNNNNNNNNNNNNNNNNNNNNNNNNNNNNNN
NNNNNNNNNNNNNNNNNNNNNNNNNNNNNNNNNNNNNNNNNNNNNNNNNNNNNNNNNNNNNNNNNNNNNNddNNNNNNNNNNNNNNNNNNNNNNNNNNNNmNNNNNNNNNmNNNNNNNNNNNNNNNNNNNNNNNNNNNNNNNNNNNNNNNNNNNNNNNNNNNNNNNNNNNyNNNNNNNNNNNNNNNNNNNNNNNNNNNNNNNNNNNNNNNNNNNNNNNNNNNNNNNNNNNNNNNNNNNNNNNNNNNNNNN
NNNNNNNNNNNNNNNNNNNNNNNNNNNNNNNNNNNNNNNNNNNNNNNNNNNNNNNNNNNNNNNNNNNNNNNNNNNNNNNNNNNNNNNNNNNNNNNNNNNNNNNNNmmNNNyNNNNNNNNNNNNNNNNNNNNNNNNNNNNNNNNNNNNNNNNNNNNNhmNNNhmNNNNNNNNNNNNNNNmNNNNNNNNNNNNNNNNNNNNNNNNNNNNNNNNNNNNNNNNNNNNNNNNNNNNNNNNNNNNNNNNNNNNNNN
NNNNNNNNNNNNNNNNNNNNNNNNNNNNNNNNNNNNNNNNNNNNNNNNNNNNNNNNNNNNNNNNNNNNNNNNNNNNNNNNNNNNNNNNNNNNNNNNNNNNNNNNNNdNNNNNNNNNNNNNNNNNNNNNmhNNNNNNNNNNNNNNNNNNNNNdNNNNmmNNNmNNNNNNNNNNNNNNNmsNNNNNNmNNNNNNNNNNNNNNNNNNNNNNNNNNNNNNNNNNmdmNNNNNNNNNNNNNNNNNNNNNNNNNNN
NNNNNNNNNNNNNNNNNNNNNNNNNNNNNNNNNNNNNNNNNNNNNNNNNNNNNNNNNNNNNNNNNNNNNNNNNNNNNNNNNNNNNNNNNNNNNNNNNNNNNNNNNNNNNNNNNNNNNNNNNNNNmNNNNdNNNNNNNNNNNNNNNNNNNNNdNNNNNNNNNNNNNNNNmmNNNNNNNNNNNNNNNmmNNNNNNNNNNNNNNNNNNNNNNNNNNNNNNNNNdhNNNNNmdddmmmNNNNNNNNNNNNNNNN
NNNNNNNNNNNNNNNNNNNNNNNNNNNNNNNNNNNNNNNNNNNNNNNNNNNNNNNNNNNNNNNNNNNNNNNNNNNNNNNNNNNNNNNNNNNNNNNNNNNNNNNNNNNNNNNNNNNNNNNNNNNNmNNNNNNNNNNNNNNNNNNNNNNNNNNNNNNNNNNNmsNNNNNNdyNNNNNNNNNNNdhNNNNNNNNNNNNNNNNNNNNNNNNNNNNNNNNNNNNNNdymmhssssydmmNNNNNNNNNNNNNNNN
NNNNNNNNNNNNNNNNNNNNNNNNNNNNNNNNNNNNNNNNNNNNNNNNNNNNNNNNNNNNNNNNNNNNNNNNNNNNNNNNNNNNNNNNNNNNNNNNNNNNNNNNNNNNNNNNNNNNNNNNNNmdNNNNNNNNNNNNNNNNNNNNNNNNNNNNdNNNNNNNNdNNNNNNNNNNNNNNNNdNNNmNNNNNNNNNNNNNNNNNNNNNNNNNNNNNNNNNmdhhhyosyyhhyosdmmNNNNNNNNNNNNNNNN
NNNNNNNNNNNNNNNNNNNNNNNNNNNNNNNNNNNNNNNNNNNNNNNNNNNNNNNNNNNNNNNNNNNNNNNNNNNNNNNNNNNNNNNNNNNNNNNNNNNNNNNNNNNNNNNNNNNNNNNNNNmyNNNNNNNNNNNNNNNNmhNNNNNNNNNNdNNNNNNyNNNNNNNNNNNNNNNNNNmNNNNNNNNNNNNNNNNNNNNNNNNNNNNNNNNNNNNNmmhoohhyddhyyhdmNmNNNNNNNNNNNNNNNN
NNNNNNNNNNNNNNNNNNNNNNNNNNNNNNNNNNNNNNNNNNNNNNNNNNNNNNNNNNNNNNNNNNNNNNNNNNNNNNNNNNNNNNmhmNNNNNNNNNNNNNNNNNNNNNNNNNNNNNNNNNNNNNNNNNNNNNNNNNNNNmNNNNmNNNNNNNNNNNNdNNNNdNNNNNNNNNNNNNNNNNNNNNNNNNNNNNNNNNNNNNNNNNNNNNNNNNNNNNmyohmmddyyhdmNNNNNNNNNNNNNNNNNNN
NNNNNNNNNNNNNNNNNNNNNNNNNNNNNNNNNNNNNNNNNNNNNNNNNNNNNNNNNNmoyNNNNNNNNNNNNNNNNNNNNNNNNNNdyNNNNNNNNNNNNNNNNNNNNNNNNNNNNNNNNNNNNNNNNNNNNNNNNNNNNNNNNNsNNNNNNNNNNNsNNNNmmNNNNNhmNNNNNNNNNNNNNNNNNNNNNNNNNNNNNNNNNNNNNNNNNNNNNmdysmdmmdysdmNNNNNNmNNNmNNNNNNNNN
NNNNNNNNNNNNNNNNNNNNNNNNNNNNNNNNNNNNNNNNNNNNNNNNNNNNNNNNNNNNNNNNNNNNNNNNNNNNNNNNNNNNNNNNNNNNNNNNNNNNNNNNNNNNNNNNNNNNNNNNNNNNNNNNmdNNNNNNNNNNNNNNNNNNNNNNNNNNNNhNNNNyNNNNNNddNNNNNNNNNNNNNNNNNNNNNNNNNNNNNNNNNNNNNNNNNNNNmyyhhmmmmmhodNNNNNNmmmNmmmmNNmmNNm
NNNNNNNNNNNNNNNNNNNNNNNNNNNNNNNNNNNNNNNNNNNNNNNNNNNNNNNNNNNNNNNNNNNNNNNNNNNNNNNNNNNNNNNNNNNNNNNNNNNNNNNNNNNNNNNNNNNNNNNNNNNNNNNNNdNNNNNNdNNNNNNNNNNNNNNNNNNmNNNNNNNNNNNNNNNNNNNNNNNNNNNNNNNNNNNNNNNNNNNNNNNNNNNNNNNNNNNmhshddhdmmhshmNNNNmmmmmmmmmmmmmmmNm
NNNNNNNNNNNNNNNNNNNNNNNNNNNNNNNNNNNNNNNNNNNNNNNNNNNNNNNNNNNNNNNNNNNNNNNNNNNNNNNNNNNNNNNNNNNNNNNNNNNNNNNNNNNNNNNNNNNNNNNNNNNNNNNNNNNNNNNNhNNNNNNdydNNNNmNNNNdNNNNNNNNNNNNNNNNNNNNNNNNNNNNNNNNNNNNNNNNNNNNNNNNNNNNNNNNmmmmhhdmhyhhyshmmNNNNmmmmmmmmmmmmmmmmN
NNNNNNNNNNNNNNNNNNNNNNNNNNNNNNNNNNNNNNNNNNNNNNNNNNNNNNNNNNNNNNNNNNNNNNNNNNNNNNNNNNNNNNNNNNNNNNNNNNNNNNNNNNNNNNNNNNNNNNNdNNNNNNNNNNdNNNNNNNNNNNNNddNNNNhdNNNNNNNNNNNNNNNNNNNNNNNNNNNNNNNNNNNNNNNNNNNNNNNNNNNNNNNNNmmmmhsysyyyyhhssymmmNNNNmmmmmmmmmmmmmmmNm
NNNNNNNNNNNNNNNNNNNNNNNNNNNNNNNNNNNNNNNNNNNNNNNNNNNNNNNNNNNNNNNNNNNNNNNNNNNNNNNNNNNNNNNNNNNNNNNNNNNNNNNNNNNNNNNNNymNNNNyNNNNNNNNNNsNNNNNmomNNNNNNNNNNNmdNNNNNNNNNNNNNNNNNNNNNNNNNNNNNNNNNNNNNNNNNNNNNNNNNNNNNNmmmdyys++yssssyyyhdmmNNNNNNmmmmmmmmmmmmmmmmm
NNNNNNNNNNNNNNNNNNNNNNNNNNNNNNNNNNNNNNNNNNNNNNNNNNNNNNNNNNNNNNNNNNNNNNNNNNNNNNNNNNNNNNNNNNNNNNNNNNNNNNNNNNNNNNNNNmNNNNNNNNNNNNNNNNNNNNNNNmmNNNNNNNNNNNNNNNNNNNNNNNNNNNNNNNNNNNNNNNNNNNNNNNNNNNNNNNNNNNNNNNmmmmmmmdddddhyyhyyyyhmmNNNNNNNmmmmmmmmmmmmmmmmNN
NNNNNNNNNNNNNNNNNNNNNNNNNNNNNNNNNNNNNNNNNNNNNNNNNNNNNNNNNNNNNNNNNNNNNNNNNNNNNNNNNNNNNNNNNNNNNNNNNNNNNNNNNNNNNNNNNNNNNNNNNNNNNNNNNNNNNNNNNNNNNNNmNNNNNNNNNNNNNNNNNNNNNNNNNNNNNNNNNNNNNNmmmmNNNNNNNNNNNNNNNNmmmmmmmmmmmmmmmmNmmmmmmNNNNNNmmmmmmmmmmmmmmmmmmN
NNNNNNNNNNNNNNNNNNNNNNNNNNNNNNNNNNNNNNNNNNNNNNNNNNNNNNNNNNNNNNNNNNNNNNNNNNNNNNNNNNNNNNNNNNNNNNNNNNNNNNNNNNNNNNNNNNNNNNNNNNNNNNNNNNdNNNNNNNNNNNNdNNNNNNNNNNNNNNNNNNNNNNNNNNNNNNNNNNNmmmmmmNNNNNNNNNNNNNNNNNNNNmNNNNNNNNNNNNNNNNNNNNNNNNmmmmmmmmmmmmmmmmmmNm
NNNNNNNNNNNNNNNNNNNNNNNNNNNNNNNNNNNNNNNNNNNNNNNNNNNNNNNNNNNNNNNNNNNNNNNNNNNNNNNNNNNNNNNNNNNNNNNNNNNNNNNNNNNNNNNNNNNNNNNNNNNNNNNNNNyNNNNNNNNNNNNNNNNNNNNNNNNNNNNNNNNNNNNNNNNNNNNNNNNNNNNNNNNNNNNNNNNNNNNNNNNNNNNNNNNNNNNNNNNNNNmNmNNNNmmmmmmmmmmmmmmmmmmmNN
NNNNNNNNNNNNNNNNNNNNNNNNNNNNNNNNNNNNNNNNNNNNNNNNNNNNNNNNNNNNNNNNNNNNNNNNNNNNNNNNNNNNNNNNNNNNNNNNNNNNNNNNNNNNNNNNNNNNNNNNNNNNNNNNNNNNNNNNNNNNNNNNNNNNNNNNNNNNNNNNNNNNNNNNNNNNNNNNNNNNNNNNNNNNNNNNNNNmNNmNNNNNNNNNNNNNNNNNmmNNNNmmmNNNNNmmmmmmmmmmmmmmmmmmNN
NNNNNNNNNNNNNNNNNNNNNNNNNNNNNNNNNNNNNNNNNNNNNNNNNNNNNNNNNNNNNNNNNNNNNNNNNNNNNNNNNNNNNNNNNNNNNNNNNNNNNNNNNNNNNNNNNNNNNNNhNNNNNNNNNNNNNNNNNNNNNNNNNNNNNNNNNNNNNNNNNNNNNNNNNNNNNNNNNNNNNNNNNNNNNNNNmmmmmmmmmmmmmNNNNNNNNNmmmmmNNNNNmNNNNNmmmmmmmmmmmmmmmmmNNN
NNNNNNNNNNNNNNNNNNNNNNNNNNNNNNNNNNNNNNNNNNNNNNNNNNNNNNNNNNNNNNNNNNNNNNNNNNNNNNNNNNNNNNNNNNNNNNNNNNNNNNNNNNNNNNNNNNNNNNNNNNNNNNNNNNNNNNNNNNNNNNNNNNNNNNNNNNNNNNNNNNNNNNNNNNNNNNNNNNNNNNNNNNNmmmmmmmmmmmmmmmmmmmmmmmmmmmmmmmNNNNNNNNNNNNmmmmmmmNmmmmmmmNmNNN
NNNNNNNNNNNNNNNNNNNNNNNNNNNNNNNNNNNNNNNNNNNNNNNNNNNNNNNNNNNNNNNNNNNNNNNNNNNNNNNNNNNNNNNNNNNNNNNNNNNNNNNNNNNNNNNNNNNNNNNNNNNNNNNNNNNNNNNNNNNNNNNNNNNNNNNNNNNNNNNNNNNNNNNNNNNNNNNNNNNNNNmmmmmmmmmmmmmmmmmmmmmmmmmmmmmmmmmmmNNNNNNNNNNNNNNmmmmmmmNNmNmmmmmmmN
NNNNNNNNNNNNNNNNNNNNNNNNNNNNNNNNNNNNNNNNNNNNNNNNNNNNNNNNNNNNNNNNNNNNNNNNNNNNNNNNNNNNNNNNNNNNNNNNNNNNNNNNNNNNNNNNNNNNNNNNNNNNNNNNNNNNNNNNNNNNNNNNNNNNNNNNNNNNNNNNNNNNNNNNNNNNNNNNNmmmmmmmmmmmmmmmmmmmmmmmmmmmmmmmmmmmmmmmmmmNNNNNNNNNNNNNNmmmmmmmmmNNmmmmmm
NNNNNNNNNNNNNNNNNNNNNNNNNNNNNNNNNNNNNNNNNNNNNNNNNNNNNNNNNNNNNNNNNNNNNNNNNNNNNNNNNNNNNNNNNNNNNNNNNNNNNNNNNNNNNNNNNNNNNNNNNNNNNNNNNNNNNNNNNNNNNNNNNNNNNNNNNNNNNNNNNddNNNNNNNNmmmmmmmmmmmmmmmmmmmmmmmmmmmmmmmmmmmmmmmmmmmmmmmmmmNNNmNNmmNNNmmNmmmmmmmmNmmmmmm
NNNddNNNNNNNNNNNNNNNNNNNNNNNNNNNNNNNNNNNNNNNNNNNNNNNNNNNNNNNNNNNNNNNNNNNNNNNNNNNNNNNNNNNNNNNNNNNNNNNNNNNNNNNNNNNNNNNNNNNNNNNNNNNNNNNNNNNNNNNNNNNNNNNNNNNNNNNNNNNyohmmNNNNmmmmmmmmmmmmmmmmmmmmmmmmmmmmmmmmmmmmmmmmmmmmmmmmmmmmmmNNmNmmmmmNmmmmmmmmmmmmmmmmm
NNNNNNNNNNNNNNNNNNNNNNNNNNNNNNNNNNNNNNNNNNNNNNNNNNNNNNNNNNNNNNNNNNNNNNNNNNNNNNNNNNNNNNNNNNNNNNNNNNNNNNNNNNNNNNNNNNNNNNNNNNNNNNNNNNNNNNNNNNNNNNNNNNNNNNNNNNNNNNNNmmNmmmmmmmmmmmmmmmmmmmmmmmmmmmmmmmmmmmmmmmmmmmmmmmmmmmmmNmmmNmmNNNmmmmmmmmmmmmmmmmmmmmmmmm
NNNNNNNNNNNNNNNNNNNNNNNNNNNNNNNNNNNNNNNNNNNNNNNNNNNNNNNNNNNNNNNNNNNNNNNNNNNNNNNNNNNNNNNNNNNNNNNNNNNNNNNNNNNNNNNNNNNNNNNNNNNNNNNNNNNNNNNNNNNNNNNNNNNNNNNNNNNNNNNNmmmmmmmmmmmmmmmmmmmmmmmmmmmmmmmmmmmmmmmmmmmmmmmmmmmmmmmmmmmmmmmmmmmmmmmmmmmmmmmmmmmmmmmmmm
NNNNNNNNNNNNNNNNNNNNNNNNNNNNNNNNNNNNNNNNNNNNNNNNNNNNNNNNNNNNNNNNNNNNNNNNNNNNNNNNNNNNNNNNNNNNNNNNNNNNNNNNNNNNNNNNNNNNNNNNNNNNNNNNNNNdyhmmmmNNNNmmmNNNNNNNNNNNNNNNmNNmNmmNmNNmmmmmmmmmmmmmmmmmmmmmmmmmmmmmmmmmmmmmmmmmmmmmmmmmmmmmmmmmmmmmmmmmmmmmmmmmmmmmmm
NNNNNNNNNNNNNNNNNNNNNNNNNNNNNNNNNNNNNNNNNNNNNNNNNNNNNNNNNNNNNNNNNNNNNNNNNNNNNNNNNNNNNNNNNNNNNNNNNNNNNNNNNNNNNNNNNNNNNNNNNNNNNNNNNNm++hhsymmmmmmmmNNNNNNNNNNNNNNNNNNmNmNmmmmmmmmmmmmmmmmmmmmmmmmmmmmmmmmmmmmmmmmmmmmmmmmmmmmmmmmmmmmmmmmmmmmmmmmmmmmmmmmmmm
NNNNNNNNNNNNNNNNNNNNNNNNNNNNNNNNNNNNNNNNNNNNNNNNNNNNNNNNNNNNNNNNNNNNNNNNNNNNNNNNNNNNNNNNNNNNNNNNNNNNNNNNNNNNNNNNNNNNNNNNNNNNNNNNNNmdmmoymmmsssdmNNNNNNNNNNNNNNNNNNmmmmmmmmmmmmmmmmmmmmmmmmmmmmmmmmmmmmmmmmmmmmmmmmmmmmmmmmmmmmmmmmmmmmmmmmmmmmmmmmmmmmmmmm
NNNNNNNNNNNNNNNNNNNNNNNNNNNNNNNNNNNNNNNNNNNNNNNNNNNNNNNNNNNNNNNNNNNNNNNNNNNNNNNNNNNNNNNNNNNNNNNNNNNNNNNNNNNNNNNNNNNNNNNNNNNNNNNNNNNmmmmNNmNmmdhhdmmNNNNNNNNNNNmmmmmmmmmmmmmmmmmmmmmmmmmmmmmmmmmmmmmmmmmmmmmmmmmmmmmmmmmmmmmmmmmmmmmmmmmmmmmmmmmmmmmmmmmmmm
NNNNNNNNNNNNNNNNNNNNNNNNNNNNNNNNNNNNNNNNNNNNNNNNNNNNNNNNNNNNNNNNNNNNNNNNNNNNNNNNNNNNNNNNNNNNNNNNNNNNNNNNNNNNNNNNNNNNNNNNNNNNNNNNNNNNNNNNNmdshso++shmmNNNNNNNNNNmmmmmmmmmmmmmmmmmmmmmmmmmmmmmmmmmmmmmmmmmmmmmmmmmmmmmmmmmmmmmmmmmmmmmmmmmmmmmmmmmmmmmmmmmmm
NNNNNNNNNNNNNNNNNNNNNNNNNNNNNNNNNNNNNNNNNNNNNNNNNNNNNNNNNNNNNNNNNNNNNNNNNNNNNNNNNNNNNNNNNNNNNNNNNNNNNNNNNNNNNNNNNNNNNNNNNNNNNNNNNNNNNNNNNmhdyoosooymNNNNmNNmmmNmmNmmmmmmmmmmmmmmmmmmmmmmmmmmmmmmmmmmmmmmmmmmmmmmmmmmmmmmmmmmmmmmmmmmmmmmmmmmmmmmmmmmmmmmmm
NNNNNNNNNNNNNNNNNNNNNNNNNNNNNNNNNNNNNNNNNNNNNNNNNNNNNNNNNNNNNNNNNNNNNNNNNNNNNNNNNNNNNNNNNNNNNNNNNNNNNNNNNNNNNNNNNNNNNNNNNNNNNNNNNNNNNNNNNNNyyhmdsodNNNNNmmNNmmmmmmmmmmmmmmmmmmmmmmmmmmmmmmmmmmmmmmmmmmmmmmmmmmmmmmmmmmmmmmmmmmmmmmmmmmmmmmmmmmmmmmmmmmmmmm