3
#__#_#############__######__#########___##_#############__###____######_______############___#########___######_####___####____#__#_###__#_###############################################____###_#___################################################################################################################################################################_####################__###__##########################__###################################__________#________________________________##_###__
_##_################_##_#######_##_###_#################_###___###__###__#__##############_########____##########_###__#####___###########_#########################____##################__#######______###____##############################_########################################_#################___##########################################################_####################____##############################################################_###_________________________________________###__#####
__##__####____##_###__###__###___#_########################____###__#____#################_#___####_##########____###__######__###__####____###########____#################################__######____####____##############################_#####################################################################################################################___#####################__###############___###########################################_____________________________________________##___#_##_##
_###############_##___#######___###########################__####__####_########_#########_#######_____####_____#_#___########______######_############__##################___##############_#######____##_____##############################__##########################################################_####__#########################################__########_###_#####################_#############____#########################################_______________________________________________#_###########
_####__#########__##_########__#_##########_#############____###_____#####_####_##########__#####_____#_####_#####__#########____######################__##################___##################_#####____###_######################################___##################################################################################################_##########_###_###__############################___###########################################______________##__________________________________##########
_####_######_##___##_#####################################___##___#########################___###______############_#_#######_#__####_####_###########___#####################################___##___#__####___###################################___###########################################################__###################_#####################################_############################____######################################___####_________#___###______________________##_#########__##____
_#_#__######_#____####_##_###############################____###___##############################__#_#_######_###____##########_####__################_#######################################_####_#########___################################################################################################_#_###################__#_##_#############################################################################_######################______#####____________###_______________________########____######
_______#_###_______####__#########################_____#_____#####_###_#####__####################___###_##___####___#########__###_#################__##########################################_#__######_____################################################################################################_######################_#####__##################################################################################################_______####____________#__________________###__###########___######
_________#_#_________##_########################_____#######_#####___########__########################_#__###################______################__############__#############################___#########_#########################################__###############################################################################_####__######__###############_###########################################################################_________________________________________##_____#_########__######
_________##__##_____###_#_################_______#_#_#####_#######_#####_########################################_#############____######__##############___#_###################__###############_##############################################_###___#####################################################################################_########################_##################################################################_########_______________________________________####___########_####_######
_______##____###___###__#################______#########_########__#####___##__#__####__###___##################__#_###########___#######__###___#########_#############_########################_####################################################################################################################################################__##############_################################################################________#____________________________##___________####__##############__#####
#____#____#___##____##_#################____#######__############__#####__###__#######__###___#__#####____######___###############___####__###_##################################################################__####################################################################################################################################################################################################################__________________________________#________________###_######################
#______#____#_______#__###############__#__#######__###########__#_######_#_#____####___#######__######_###_###################____#####__######################################################################__################################################################################################################################################################__###################################################_______________________________________________________######################
_______#__________###################____#######___######__##############__####__####___######__##_#######_####################___######_################################__##########################################################################_########################################__############_####################################################################_#####################################################_________________________________________________________#################_##
_____________##___###############_________###_____######_##############__######__###____###_____#############___################_######_#################__###############################################################################_######_###_#######################################___############_####################################################################_#####################################################_________________________________________________________##################_#
___#___###______################____#_#######_##_#_###_#####_##########_____##___#####__###____##############___###_###################################___#####################################################################################__###################################__#######_#######_######__###################################################__###################################################################__________________________________________________________##########__########
##__#######_##_################____#__######_____#_#######___####_####___######_######__###____##############___###_##########################################################################################################################___##################################__######################___##########################_########################__##############################__####################################________________________________________________________#__##_####__#########
____##_##____#_###############____####___###__#__######_#_#######_############_######__####___#########_#___##__###__##########################################################################################################################__#################################################################################################################_#############################___####################################_____________________________________________________________#_##############
___###______###############___#_######___##___##_######__###########_###_###__#######_##_###__###########__######_#__#########################################################################################################################___###############################################################################################################__####_#__###############___###__####################################_______####____________________________________________________################
__####____##################_#########__###___##__####__###############__##___######____#####_####__####__##########_#_#########################################################################__##___#############_##########################_############################################################################################################_______#________#################___##_##############################################_____________________________________________##____################
####____####################__#__###__######_#___#####_#_#_#######_##_#####___####_#___#######_###__###_#___#_#####___#########################################################################___________#_##______________#############################################################################################################________________##________###________################__################################################_______________________________________________________#############
______########################___#___#####__##__##_##_____##################__###___###################_#__#__###___###########################################################################___________________________________##################################################################################################______________________###_____#####_________###############_###########################_#############__________________________________________________________________#########
_#__################__######___#__#######_#######_###_____#################__####___###################____######__####__############_#################################################_###_#_________________________________________##########################################################################################__________________________#############___________###################_##################################_____________________###____________________________________________________
_#___#___###########___######_##########__#######_####__##_######################_#__##################_______#########################################################################_##___________________________________________###__#___#############################################################################___#_________________________##############_____________#####################################################__________________#_########________________________________________________
_________#########____#############_#____###_############_########_############_#_##_#########_####_###______################################_#########################_############_________________________________________________##_____##_#########################################____##############################__###________________##_####################_____________############_______###################################__________________#########________________________________________________
__#___####_#####________#__#########___####_###########_##_##_###__############_#_##_######_#___##_####____################_###############################################_________##______________________________________________##______________#######______######################______############################___#____________#######_##_#_##########_#_#_#__________#__##_##________________________________###################_____________#####__#####_####___________________________________________
__#___########__________##___##########################_#_#_#_##############__#__#####_#_##_###########__##################################################################_________________________________________________________##___________________###_________##################______################__########_______________##_#####_#######################_##______#######____________________________________####################______#####################___________________________________________
_____####_________#####________##########_#############__###################_########___#####_########__##_################################################################________________________________________________________##________________________________##################________######_#____________##________________#__##_##_########################_##_________________________________________#####__######################_###########################_________________________________________
____#####__________####_#__________####################_############_##############_____#####_##_####____#__######################_#####################################___#_____________________________________________________######______________________________###################________####_______________##____________#_#__#####_##_############################_#___________####_##______________##__############################################################__##___________________________________
_####___________####_##__#_______#__#_#########################_##############__###___#######_##___#########_####################__####################################__________________________________________________________######______________________________##__#################______###________________##__________###___#####_#########_#############__#_#__#_###_###_#______##____________#__#______#########_#####################################################___________________________________
#####___####_#######_#_#####___#####__####################################____#__###___#####_##___##########_######################################################_#_____________________________________________________________###_______________________________##___######################____________________###___________#__###_##_#######_#_########_##_#_####__###########__#___#_________#___________##########__##################################################_______________________________#______
##______###__#___####__#####__#################################################_#####__#####_##__####_###____##################################_________####________________________________________________________________________________________________________##__#######################__________________######_#_#______##_######################_###_#####___#_##_########__#__#_#_________#____#__####_######___##################################################_________##_____________________#______
###___#___#__#_#_######______#_############################################_####_####__#######___##__###___###_########################_____###________________________________#__________________________________________________________________________________####___######################__________________######__###____#_##_############___#################_###############_#__#_#_#_____#___##____###__#####____###################################################_________#____________________________
##________#_####__#_##______###__######__#######################################_####_#######_________##__####_#####################_________###__________________________________________________________________________________________________________________#####_____###################__________________######__##_#_#_______#__###########################################_##__####______________#####_#________########_###########################################______________________________________
#____#__#_######___##_#__#__#######__#########################################_######__######_____##_###__##########################__________##__________________________________________________________________________________________________________________###############___###########___________________######_####___#_#####_____#_#_##########_#######_###########_####_####_________________________________#_######______#####################################________________________________________
#____#____######_#_#___############_################################################__########_###___###_######################_####_____________________________________________________________________________________________##___________#___________________##_#############___#########__________________#_______##_##_#_#___###____#_###__#__####__###_#_###_########_##__####______________#__________________##____####______#####################__#############_________________________________________
___#______######____#__#####################################################################################################_______#_____________________________________________________________________________________________##_____##____#__________##__________##############_########_______________________________#######_#####__##_##_#_#__####____#_###_########_#_###_##___##____________________________####___#####______####################################_________________________________________
__##_____#######___##_#####__######################################################################_##################_____#____________________###_____________________________________________________________________________________##_______________##_________##############__#######____________________________________##___#__##_#####___##_###___##_######_##########_####______________________________#_####_______####____###########_#____################_####_______________________________________
___#___#_###############____################################################################################_#######____________________________###_______________________________________________##_____________________________________#_______________##_________##############_########_________________________________________________#___#__###___#_____#####__###_###_#______#____#_____________________########_________####____########_####__#############____####_______________________________________
_____#___####_#_#__######__######################################################################################_###_____________________________________________________________________________###________________________________________##_______________________###########__############______________________________________##__####_#_#_____________#________#_###__##_______#_____________________#_########_________#####_##############################________#_______________________________________
_#________###_____##############################################################################################___###_______________________________________##___________________________________###________________________________________##_________________________#########_#############_____________##___________________________##___#_##__##______#__#_______#____#_##_#__#_______________________###########_____##########################################______________________________________________
#________#__#__##_############################################################################################______###______________________________________##_____________________________________________##_______________________#________#_________________________########____##########______________##_________________________#__________#_______#_____________#___#__#_________________#___________#########___##########_____#################################___________________________________________
____#____#__#___###__##_#####################################################################################________###______________________________________#_____________________________________________##___________#___________#________________________________#########______####_______________________________________________________#__________________________#__##____________________#_#_____#########_#__##########__#___######################______######_________________________________________
____###_#########_#__##_####################################################################################___________##________________________________________________________________________________________________##___________________________________________#######_______#######______________________###_____________________________________________________#__________________________###_#__############_########################__############__________#####_______________________________________
#___######################################################################################################______________##__________________________________________________________________#____________________________##_______________##___________________________####________###########___________________###_____________________________________________________#________________________#__#__##############_########################################___________###_______________________________________
#######_################################################################################################________________###________________________________________________________________##______##_____________________________________###________________________________________###_#####___________________##______________________________________________#_______#____________________________#############_######################################_########_________________________________________________
######_###############################################################################################__________________####________________________________________________________________#______##___________#_________________________###________________________________________________________###_________________________________________________________#_____________________________#______#_###########__####################################_____######________________________________________________
#######_#####_######################################################################################____________________#__________________________________________________________________________#____________##_________________________##________________________________________________________###____________###___________________________________________#_____#________________________#____#####################__#####################_#####________###_________________________________________________
##################################################################################################____________________________________________________________________________________________________________________________________________________________________________________________________#_____________###_________________________________________#_#____#_#__________________######____####################_#######_#######################__________________________________________________________
#################################################################################################________________________________________________________________________________________##_________________________________________________________________________________________________________________________##_______##_________________________________#____#_________________##_#_######_______###_#######__###################################___________________________________________________________
################################################################################################_________________________________________________________________________________________###__________________###_______________________________________________________________###__________________________________###_____##______#_____________________________#______________________#_######_________########_#################################_______________________________________________________________
##################_############################################################################_______________________________________________________________###_________________________##___________________##____________###________________________________________________###_______________________#__________###___________####________________________________________________###_#____#_______##_########################################_________________________________________________________________
############_______________############################################################_________________________________________________________##_____________##____________________________________________________________###________________________________________##______##________________________#___________#_______________________________________________________________###_______________##___#####################################__________________________________________________________________
#########____________________###################################################________________________________________________________________###____________________________________________________________________________#_______________________________________#####__________________________________________________###___________________________________#__#____________##_________##___________##_###################################__________________________________________________________________
#######____________________________#######################################_#____________________________________________________________________##_________________________#_____________________________________________________________________________________________###__________________________________________________###______________________________________#____________#__________####_#_______#___#################################_____#_____________________________________________________________
#####_________________________________#################################__________________________________________________________________________#_________________________##_____________________________________________________________________________________________#____________________________________________________#______________________________________________________________#####_______________#################################__########_####__________________________________________________
####____________________________________#___########_#######___###_#______________________##_______________________________________________________________________________##_________________________________________________________________________________________________________________#___________________________________________________________________#__________________#_______#____________________###################_##############_################______________________##_______________________
#_________________________________________________________________________________________#_____________________________________________________________________________________________###_________________________________________________________________________##______________##__________________________________##_____________________________________________________________________#_#________________###################################################______________________###______________________
_______________________________________________________________________________________________________________________________________________##________________________________________##_________________________________________________________________________##______________###________________________________####_____________________##________________________________________________________________##########################################################________________________________________
#______________________________________________________________________________________________________________________________________________##________________________________________#___________________________________________________________________________#_______________##______________________#__________##______________________###______________________###______________________________________######################################################____________________________________________
#_________________________________________________________________________________________________________________________________###__________##____________________________________________________________________________________________________________________________________________##_________________________________________________###______________________________________________________________####################################################_______________________________________________
###_______________________________________________________________________________________________________________________________####_____________________________________________________________________________________________###___________________________________________###_________##________________________________________________________________________#______#_________________________________##################___####__###########################______________________________________________
____________________________________________________________________________________________________________________________________##______________________________________________________##_____________________________________###_______________________###_________________####________##_______#_____________#_________________#________________________________##_______________________________#_###############################_#############################_____________________________________________
##________________________________________________________________________________________________________________________________________________#_________________________________________###_____________________________________#________________________###_________________###__________________#_____________##________________#______________________________________________________________##################################_########################__####______________________________________________
_##_______________________________________________________________________________________________________________________________________________##_________________________________________##_____________________________________________________________________________________________________________________#________________________________________________________#_____________________####################################_#######################______________________#______________________________
_____________________________________________________________________________________________________________________________###__________________###_____________________________________________________________________________________________________##_________________________________________________________________________________________________________________________________#____#############################_#############################______________________###______________________________
_____________________________________________________________________________________________________________________________###_______________________________________________________________________________________________________###________________####_______________##______________________##___________________________________________________________________________________##____###############################__############################_______________________________________________________
_______________________________________________________________________________________________________________________________#_______________________________________________________________________________________________________###________________####_______________###_____________________##______________________________________________________________________________________#_##################################################################___________________________________________________
_________________________________________________________________________________________________________________##_________________________________________##___________##_____________________________________________________________##_________________##________________###___________________________________________________________________________________________________________________#############_####_#############_#############################___________________________________________________
__________________________________________________________________________________________________________________###____________________________________________________###__________________________________________________________________________________________________#___________________________________________________##__________________________________________________________________________#___________########################################__________________________________________________
___________________________________________________________________________________________________________________##____________________________________________________###_________#____________________________________________#_______________________________________________________________________________________________##___________________________________________#___________________________________________########################################_________________________________________________
_____________________________________________________________________________________________________________________#_____________________________________##______________#________###__________________________________________###___________________________________________________________#____________________________##________________________________________________________________#________________________________################_##_##############___________________________________________________
#_________________________________________________________________________________________________________________________________________________________#####______________________##__________________________________________###___________________________________________________________#____________________________##___________________________________________________________________#_____#_#_______________________#___#########___#######_###_##_____________________________________________________
___________________________________________________________________________________________________________________________________________________________#####_____________________________________________________________________________________________________________________________________________________________________________________________________________________________________________________________________####___##_______________##_____________________________________________________
____________________________________________________________________________________________________________________________________________________________###_________________________________________________________###______________________________________________________________________________________###______________________________##_________________________________________________________________________________#####____________________##____________________________________________________
_____________________________________________________________________________________________________________________________________________________________#__________________________________________________________###______________________________________________________________________________________###_____##________________________#_________________________________________________________________________________#####____________________#######_______________________________________________
__________________________________________________________________________________________________________________________________________________________________________________________________________________________#____________________________________________________________________________#__________#______##________________________________________________________________________________________________________#######____________________#######_______________________________________________
__________________________________________________________________________________________________________________________________________________________________________________________________________________________________________________________________________________________________________________________________##_______________________________________________________________________________________________#######__________________________________________________________________________
_______________________________________________________________________________________________________________________________________________________________________________________________________________________________###__________________________##____________________________________________________________________##___________________##___________________________________________________________________________#####______________________________________________________________________###__
____________________________________________________________________________________________________________________________________________________________________________________________________###_________________________##__________________________##_______________________###__________________________________________#____________________###__________________________________________________________________________________________________________________________________________________________
____________________________________________________________________________________________________________________________________________________________________________________________________#####________________________#________________###________#_______________________###__________________##___________________________________________#____________________________________________________________________________________________________________________________________________________________
_____________________________________________________________________________________________________________________________________________________________________________________________________###___________________________________________###_______________________________###__________________##_______________________________##_______________________________________________________________________________________________________________________________________________________________________
_______________________________________________________________________________________________________________________________________________________________________________________________________#______________________________________________________##__________#___________#__________________________###_______________________##_____________________________##____________#___________________________________________________________________________________________________________________________
__________________________________________________________________________________________________________________________________________________________________________________##__________________________________________________________________________##_________###_____________________________________###____________###________##_____________________________###_____##________________________________________________________________________________________________________________________________
__________________________________________________________________________________________________________________________________________________________________________________###_________________________________________________________________________##__________##_______________________________________#_____________##________________________________________#______##________________________________________________________________________________________________________________________________
___________________________________________________________________________________________________________________________________________________________________________________##______________________________________________________________________________________#______________________________________________________________________________________________________##________________________________________________________________________________________________________________________________
____________________________________________________________________________________________________________________________________________###______________________________________#__________________##_________________________________________________________________________________________________________________________________________####_____________________________________________________________________________________________________________________________________________________________
____________________________________________________________________________________________________________________________________________####________________________________________________________##__________________________________________________________________________________________________________________________________________###_____________________________________________________________________________________________________________________________________________________________
___________________________________________________________________________________________________________________________________________________________________________________________________________________________###______________________________________________________________________________________________________________________##______________________________________________________________________________________________________________________________________________________________
___________________________________________________________________________________________________________________________________________________________________________________________________________________#_______###__________________________________________________________________________________________###_______###_______________________________________________________________________________________________________________________________________________________________________________
___________________________________________________________________________________________________________________________________________________________________________________________________________________###_______#__________________________________________________________________________________________###_______###______________________________###______________________________________________________________________________________________________________________________________________
____________________________________________________________________________________________________________________________________________________________________________________________________________________##___________________________________________###__________________________________________##_________##________#_______________________________####____________#________________________________________________________________________________________________________________________________
_________________________________________________________________________________________________________________________________________________________________________________________________________________________________________________________________###__________________________________________###___________________________________________________##_____________##___________________________________________________________________#####______________##########_______________________________
__________________________________________________________________________________________________________________________________________________________________________________________________________________________________________________________________##__________________________________________##_______________________________#___________________________________##__________________________________________________________________#####__________##############________________________________
________________________________________________________________________________________________________________________________________________________________________________________________________________________________________________________##________________________________________________________________________#______________###_______________________##______________________________________________________________________________##______################_________________________________
________________________________________________________________________________________________________________________________________________________________________________________________________________________________________________________##_______________________________________________________________________###_____________###___#___________________###____________________________________________________________________________#####__##################_________________________________
_________________________________________________________________________________________________________________________________________________________________________________________________________________________________________________________________________________________________________________________________####____________##________________________###____________________________________________________________________##################################____________________________#___
_____________________________________________________________________________________________________________________________________________________________________________________________________________________________________________________##__________________________________________________________#________________#_________________________________#____________________________________________________________________________###################################________________________________
_____________________________________________________________________________________________________________________________________________________________________________________________________________________________________________________###_________________________________________________________##________________________________________________###__________________________________________________________________________##################################________________________________#_
_____________________________________________________________________________________________________________________________________________________________________________________________________________________________________________________###_________________________________###_____________________##___________##____________________________________#__________________________________________________________________________##################################__#_________##_____________________
_______________________________________________________________________________________________________________________________________________________________________________________________________________________________________________________#_________________________________###__________________________________##____________________________________________________________________________________________________________________###########################___##________________________________
____________________________________________________________________________________________________________________________________________________________________________##_#___________________________________________________________________________________________________________#__________________________________##________##__________________________________________________________________________________________________________###########################_#___________________________________
_____________________________________________________________________________________________________________________###______________________________________________________####__________________________________________________________________________________________________________________##___________________________________#__________________________________________________________________________________________________________#########__#############_#__#________#__________________________
_____________________________________________________________________________________________________________________#####_____________________________________________________###__________________________________________________________________________________________________________________##______________________##_______________________##_____________________________________________________________________________________________#######################_________________________________________
_______________________________________________________________________________________________________________________###____________________________________________________________________________________________________________________________________________________________#_____________##______________________###_______###___________####__________________________________________________________________________________________##############_#########__________________________________________
_________________________________________________________________________________________________________________________________________________________________________________________________________________________________________________________________#____________________##____________________________________##________###____________##_________________________________________________________________________________________###########__#############__________________________________________
_________________________________________________________________________________________________________________________________________________________________________________________________________________#_______________________________________________###___________________________________________________________________#______________________________________________________________________________________________________#############__#############__________________________________________
__________________________________________________________________________________________________________________________________________________________________________________________________________________________________________________________________##__________________________________________________________________________________________________________________________________________________________________________###########_################__________________________________________
________________________________________________________________________________________________________________________________________________________________________________________________________________________________________________________________________________##____________________________________###____________________________________________________________________________________________________________________#_#############################________________________________________
________________________________________________________________________________________________________________________________________________________________________________________________________________________________________________________________________________##_____________####___________________###_______________________________________________________________________________________________________________##_###########_################_#___________________________________________
_________________________________________________________________________________________________________________________________________________________________________________________________________________________________________________________________________________#_____________#####________##_____________________________________________________________________________________________________________________#_#_##################################___________________________________________
________________________________________________________________________________________________________________________________________________________________________________________________________________________________________________________________________________________________####________###___________________________________________________________________________________________________________________#####_##############################_###__________________________________________
______________________________________________________________________________________________________________________________________________________________________________________________________________________________________________##___________________###____________________________#__________###________________________________________________________________________________________________________________#####################################_#_____________________________________________
__________________________________________________________________________________________________________________________________________________________________________________________________________________________________###_________###__________________###___________####________________________##______________________________________________________________________________________________________________######################################_#___#___________________________________________
___________________________________________________________________________________________________________________________________________________________________________________________________________________________________##__________#____________________##___________####_________________________#___________________________________________________________________________________________________________###########################################_#_#___________________________________________
___________________________________________________________________________________________________________________________________________________________________________________________________________________________________________________________________________________##_____________________________________________________________________________________________________________________#_#______###############################################__________________________________________________
____________________________________________________________________________________________________________________________________________________________________________________________________________________________________________________________________________________#_______________________________________________________________________________________________________________________________##############################################__________________________________________________
____________________________________________________________________________________________________________________________________________________________________________________________________________________________________________________________________________________________________________________________________________________________________________##_#_####_______________________________#_###########_#################____##########___________________________________________________
______________________________________________________________________________________________________________________________________________________________________________________________________________________________________________________________________________________________##_______________________________________________________________________##############________________________#________##_########_##########_####______#_####_#_____________________________________________________
______________________________________________________________________________________________________________________________________________________________________________________________________________________________________________________________________________________________#________________________________________________________________________############_____________________________________#_######_______#__#_#_#__________##_#_#_____________________________________________________
__________________________________________________________________________________________________________________________________________________________________________________________#_________________________________________________________________________###__________________________________________________________________________________________###_###_____#_#_____________________________________###________________________________________#___________________________________________________
____________________________________________________________________________________________________________________________________________________________________________________________________________________________________________________________________###_____________________________________________________________________________________________________________________________________________##______________________________________##__###_________________________________________________
_____________________________________________________________________________________________________________________________________________________________________________________________________________________________________________________________________#____________________________________________________________________________________________________________________________________________###_____##_______________________________##_####__________________________________________________
____________________________________________________________________________________________________________________________________________________________________________________________________________________________________________________________________________________________________________________________________________________________________________________#__________________##__##_____#_________________________________________#######_________________________________________________
______________________________________________________________________________________________________________________________________________________________________________________________________________________________________________#___________________________________________________________________________________________________________________________________#_#______________######__########___________________________________________####__________________________________________________
______________________________________________________________________________________________________________________________________________________________________________________________________________________________________________##___________________________________________________________________________________________________________________________#__#_______________#_#################_####___#___________________________________#_##___________________________________________________
_#_____________________________________________________________________________________________________________________________________________________________________________________________________________________________________________#_______________________________________________________________________________________________________________________#___#____#__________#__#_######################______________________________________________________________________________________________
__________________________________________________________________________________________________________________________________________________________________________________________________________________________________________________________________________________________________________________________________________________________________#______________#___##_############################________________________________________________________________________________________________
________________________________________________________________________________________________________________________________________________________________________________________________________________________________________________________________________________________________________________________________________________________________________________##_###############################__________________________________________________________________________________________________
_________________________________________________________________________________________________________________________________________________________________________________________________________________________________________________________________________________________________________________________________________________________#____________________##_##############################_____________________________________________________________________________________________________
_#________________________________________________________________________________________________________________________________________________________________________________________________________________________________________________________________________________________________________________________________________________________________________############################______________________________________________________________________________________________________________
____________________________________________________________________________________________________________________________________________________________________________________________________________________________________________________________________________________________________________________________________________________________________#############################___________________________________________________________________________________________________________________
________________________________________________________________________________________________________________________________________________________________________________________________________________________________________________________________________________________________________________________________________________________#_____#_###############################_____________________________________________________________________________________________________________________
______________________________________________________________________________________#____________________#________________________________________________________________________________________________________________________________________________________________________________________________________________________#_______________#__##################################___________________________________________________________________________________________________________________________
_________________________________________________________________________________________________________________________________________________________________________________________________________________________________________________________________________________________________________________________________######_____________#########################_______________________________________________________________________________________________________________________________________
______####______________________________________________________________________________________________________________________________________________________________________________________________________________________________________________________________________________________________________________________#########__________#_###################____________________________________________________________________________________________________________________________________________
_______##_____________________________________________________________________##_______________________________________________________________________________________________________________________________________________________________________________________________________________________________________________############_______#################_________________________________________________________________________________________________________________________________________________
_________________________________________#______________________________________________________________________________________________________________________________________________________________________________________________________________________________________________________________________________________##_#_##########_____________________________________________________________________________________________________________________________________________________________________
___________________________________#__________#___________#___________________________________________________________________________________________________________________________________________________________________________________________________________________________________________________________________#_##_#__#######_______________________________________________________________________________________________________________________________________________________________________
___________#_____________________________________________________________________________________________________________________________________________________________________________________________________________________________________________________________________________________#__#__________________________##_############______________________________________________________________________________________________________________________________________________________________________
_________________________________________________________________________________________________________________________________________________________________________________________________________________________________________________________________________________________________###___________________________##_____##__#######___________________________________________________________________________________________________________________________________________________________________
________________________________________________________________________________________________________________________________________________________________________________________________________________________________________________________________________##########___________######_#__________________________#_#____#____#######__________________________________________________________________________________________________________________________________________________________________
______________________________________________________________________________________________________________________________________________________________________________________________________________________________________________________________________##############__##____#####_#________________________####_#_##_###__##____###_________________________________________________________________________________________________________________________________________________________________
__________________________________________________________________________________#________________________#_________________________________________________________________________________________________________________________________________________________#################_####__######____________________________#______##____________________________________________________________________________________________________________________________________________________________________________
___________________________________________________________________________________________#________________________________________________________________________________________________________________________________________________________________________############################_#____________________________________###___________________________________________________________________________________________________________________________________________________________________________
____________________________________#___________#_______________________#___________________________________________________________________________________________________________________________________________________________________________________________#############################___________________________________________________________________________________________________________________________________________________________________________________________________________________
____##__#___#________________________________________________________________________________________________________________________________________________________________________________________________________________________________________________________#############_###############__________________________________________________________________________________________________________________________________________________________________________________________________________________
___________________________________________________________________________________________________________________#__________________________________________________________________________________________________________________________________________________#########___###_#_############________________________________________________________________________________________________________________________________________________________________________________________________________________
______________________________________________________________________________________________________________________________________________#______________________________________________________________________________________________________________________##___###______#__#################_____________________________________________________________________________________________________________________________________________________________________________________________________________
________________________________________________________________________________________________________________________#__________________________________________________________________________________________________________________________________________________________#######################__________________________________________________________________________________________________________________________________________________________________________________________________________
________________#___________________________#____________#_______________________________#_______________________________________________________________________________________________________________________________________________________________________________________#_########################_________________________________________________________________________________________________________________________________________________________________________________________________________
____________________________#______________________________________________________#_______________________________________________#_______________________________________________________________________________________________________________________________________________#######################__________________________________________________________________________________________________________________________________________________________________________________________________________
___________________________________________________________________________________________________#_______________________________________________________________________________________________________________________________________________________________________________#####################____________________________________________________________________________________________________________________________________________________________________________________________________________
_______#_______________________________________________________________________________________________#______________________________________________________________________________________________________________________________________________________________________________#################_____________________________________________________________________________________________________________________________________________________________________________________________________________
___#__________________________________________#_____________________________________________#_________________________________________________________________________________________________________________________________________________________________________________________################______________________________________________________________________________________________________________________________________________________________________________________________________________
